<?xml version="1.0" encoding="ISO-8859-1" ?>
<link_info>
   <banner>TI ARM Clang Linker PC v4.0.3.LTS</banner>
   <copyright>Copyright (c) 1996-2018 Texas Instruments Incorporated</copyright>
   <command_line>D:\TI\CCS Theia\ccs\tools\compiler\ti-cgt-armllvm_4.0.3.LTS\bin\tiarmlnk -ID:\TI\CCS Theia\ccs\tools\compiler\ti-cgt-armllvm_4.0.3.LTS\lib -o TI_2025_Vehicle.out -mTI_2025_Vehicle.map -iC:/TI/mspm0_sdk_2_05_01_00/source -iE:/Folders/Documents/Embedded_Dev/Texas Instruments/CCS Theia/TI_2025_Vehicle -iE:/Folders/Documents/Embedded_Dev/Texas Instruments/CCS Theia/TI_2025_Vehicle/Debug/syscfg -iD:/TI/CCS Theia/ccs/tools/compiler/ti-cgt-armllvm_4.0.3.LTS/lib --diag_wrap=off --display_error_number --warn_sections --xml_link_info=TI_2025_Vehicle_linkInfo.xml --rom_model ./ti_msp_dl_config.o ./startup_mspm0g350x_ticlang.o ./main.o ./Components/src/GWtracker.o ./Components/src/encoder.o ./Components/src/jy901s.o ./Components/src/motor.o ./Components/src/mpu6050.o ./Components/src/oled.o ./Components/src/pid.o -l./device_linker.cmd -ldevice.cmd.genlibs -llibc.a --start-group -llibc++.a -llibc++abi.a -llibc.a -llibsys.a -llibsysbm.a -llibclang_rt.builtins.a -llibclang_rt.profile.a --end-group --cg_opt_level=0</command_line>
   <link_time>0x688c65ae</link_time>
   <link_errors>0x0</link_errors>
   <output_file>E:\Folders\Documents\Embedded_Dev\Texas Instruments\CCS Theia\TI_2025_Vehicle\Debug\TI_2025_Vehicle.out</output_file>
   <entry_point>
      <name>_c_int00_noargs</name>
      <address>0x4bd1</address>
   </entry_point>
   <input_file_list>
      <input_file id="fl-1">
         <path>E:\Folders\Documents\Embedded_Dev\Texas Instruments\CCS Theia\TI_2025_Vehicle\Debug\.\</path>
         <kind>object</kind>
         <file>ti_msp_dl_config.o</file>
         <name>ti_msp_dl_config.o</name>
      </input_file>
      <input_file id="fl-2">
         <path>E:\Folders\Documents\Embedded_Dev\Texas Instruments\CCS Theia\TI_2025_Vehicle\Debug\.\</path>
         <kind>object</kind>
         <file>startup_mspm0g350x_ticlang.o</file>
         <name>startup_mspm0g350x_ticlang.o</name>
      </input_file>
      <input_file id="fl-3">
         <path>E:\Folders\Documents\Embedded_Dev\Texas Instruments\CCS Theia\TI_2025_Vehicle\Debug\.\</path>
         <kind>object</kind>
         <file>main.o</file>
         <name>main.o</name>
      </input_file>
      <input_file id="fl-4">
         <path>E:\Folders\Documents\Embedded_Dev\Texas Instruments\CCS Theia\TI_2025_Vehicle\Debug\.\Components\src\</path>
         <kind>object</kind>
         <file>GWtracker.o</file>
         <name>GWtracker.o</name>
      </input_file>
      <input_file id="fl-5">
         <path>E:\Folders\Documents\Embedded_Dev\Texas Instruments\CCS Theia\TI_2025_Vehicle\Debug\.\Components\src\</path>
         <kind>object</kind>
         <file>encoder.o</file>
         <name>encoder.o</name>
      </input_file>
      <input_file id="fl-6">
         <path>E:\Folders\Documents\Embedded_Dev\Texas Instruments\CCS Theia\TI_2025_Vehicle\Debug\.\Components\src\</path>
         <kind>object</kind>
         <file>jy901s.o</file>
         <name>jy901s.o</name>
      </input_file>
      <input_file id="fl-7">
         <path>E:\Folders\Documents\Embedded_Dev\Texas Instruments\CCS Theia\TI_2025_Vehicle\Debug\.\Components\src\</path>
         <kind>object</kind>
         <file>motor.o</file>
         <name>motor.o</name>
      </input_file>
      <input_file id="fl-8">
         <path>E:\Folders\Documents\Embedded_Dev\Texas Instruments\CCS Theia\TI_2025_Vehicle\Debug\.\Components\src\</path>
         <kind>object</kind>
         <file>mpu6050.o</file>
         <name>mpu6050.o</name>
      </input_file>
      <input_file id="fl-9">
         <path>E:\Folders\Documents\Embedded_Dev\Texas Instruments\CCS Theia\TI_2025_Vehicle\Debug\.\Components\src\</path>
         <kind>object</kind>
         <file>oled.o</file>
         <name>oled.o</name>
      </input_file>
      <input_file id="fl-a">
         <path>E:\Folders\Documents\Embedded_Dev\Texas Instruments\CCS Theia\TI_2025_Vehicle\Debug\.\Components\src\</path>
         <kind>object</kind>
         <file>pid.o</file>
         <name>pid.o</name>
      </input_file>
      <input_file id="fl-17">
         <path>E:\Folders\Documents\Embedded_Dev\Texas Instruments\CCS Theia\TI_2025_Vehicle\Debug\</path>
         <kind>object</kind>
         <file>&lt;internal&gt;</file>
         <name>&lt;internal&gt;</name>
      </input_file>
      <input_file id="fl-18">
         <path>C:\TI\mspm0_sdk_2_05_01_00\source\ti\driverlib\lib\ticlang\m0p\mspm0g1x0x_g3x0x\</path>
         <kind>archive</kind>
         <file>driverlib.a</file>
         <name>dl_common.o</name>
      </input_file>
      <input_file id="fl-19">
         <path>C:\TI\mspm0_sdk_2_05_01_00\source\ti\driverlib\lib\ticlang\m0p\mspm0g1x0x_g3x0x\</path>
         <kind>archive</kind>
         <file>driverlib.a</file>
         <name>dl_i2c.o</name>
      </input_file>
      <input_file id="fl-1a">
         <path>C:\TI\mspm0_sdk_2_05_01_00\source\ti\driverlib\lib\ticlang\m0p\mspm0g1x0x_g3x0x\</path>
         <kind>archive</kind>
         <file>driverlib.a</file>
         <name>dl_timer.o</name>
      </input_file>
      <input_file id="fl-1b">
         <path>C:\TI\mspm0_sdk_2_05_01_00\source\ti\driverlib\lib\ticlang\m0p\mspm0g1x0x_g3x0x\</path>
         <kind>archive</kind>
         <file>driverlib.a</file>
         <name>dl_uart.o</name>
      </input_file>
      <input_file id="fl-1c">
         <path>C:\TI\mspm0_sdk_2_05_01_00\source\ti\driverlib\lib\ticlang\m0p\mspm0g1x0x_g3x0x\</path>
         <kind>archive</kind>
         <file>driverlib.a</file>
         <name>dl_sysctl_mspm0g1x0x_g3x0x.o</name>
      </input_file>
      <input_file id="fl-33">
         <path>D:\TI\CCS Theia\ccs\tools\compiler\ti-cgt-armllvm_4.0.3.LTS\lib\armv6m-ti-none-eabi\c\</path>
         <kind>archive</kind>
         <file>libc.a</file>
         <name>snprintf.c.obj</name>
      </input_file>
      <input_file id="fl-34">
         <path>D:\TI\CCS Theia\ccs\tools\compiler\ti-cgt-armllvm_4.0.3.LTS\lib\armv6m-ti-none-eabi\c\</path>
         <kind>archive</kind>
         <file>libc.a</file>
         <name>e_atan2f.c.obj</name>
      </input_file>
      <input_file id="fl-35">
         <path>D:\TI\CCS Theia\ccs\tools\compiler\ti-cgt-armllvm_4.0.3.LTS\lib\armv6m-ti-none-eabi\c\</path>
         <kind>archive</kind>
         <file>libc.a</file>
         <name>e_sqrtf.c.obj</name>
      </input_file>
      <input_file id="fl-36">
         <path>D:\TI\CCS Theia\ccs\tools\compiler\ti-cgt-armllvm_4.0.3.LTS\lib\armv6m-ti-none-eabi\c\</path>
         <kind>archive</kind>
         <file>libc.a</file>
         <name>s_atanf.c.obj</name>
      </input_file>
      <input_file id="fl-37">
         <path>D:\TI\CCS Theia\ccs\tools\compiler\ti-cgt-armllvm_4.0.3.LTS\lib\armv6m-ti-none-eabi\c\</path>
         <kind>archive</kind>
         <file>libc.a</file>
         <name>strcmp-armv6m.S.obj</name>
      </input_file>
      <input_file id="fl-38">
         <path>D:\TI\CCS Theia\ccs\tools\compiler\ti-cgt-armllvm_4.0.3.LTS\lib\armv6m-ti-none-eabi\c\</path>
         <kind>archive</kind>
         <file>libc.a</file>
         <name>aeabi_portable.c.obj</name>
      </input_file>
      <input_file id="fl-39">
         <path>D:\TI\CCS Theia\ccs\tools\compiler\ti-cgt-armllvm_4.0.3.LTS\lib\armv6m-ti-none-eabi\c\</path>
         <kind>archive</kind>
         <file>libc.a</file>
         <name>assert.c.obj</name>
      </input_file>
      <input_file id="fl-3a">
         <path>D:\TI\CCS Theia\ccs\tools\compiler\ti-cgt-armllvm_4.0.3.LTS\lib\armv6m-ti-none-eabi\c\</path>
         <kind>archive</kind>
         <file>libc.a</file>
         <name>defs.c.obj</name>
      </input_file>
      <input_file id="fl-3b">
         <path>D:\TI\CCS Theia\ccs\tools\compiler\ti-cgt-armllvm_4.0.3.LTS\lib\armv6m-ti-none-eabi\c\</path>
         <kind>archive</kind>
         <file>libc.a</file>
         <name>ltoa.c.obj</name>
      </input_file>
      <input_file id="fl-3c">
         <path>D:\TI\CCS Theia\ccs\tools\compiler\ti-cgt-armllvm_4.0.3.LTS\lib\armv6m-ti-none-eabi\c\</path>
         <kind>archive</kind>
         <file>libc.a</file>
         <name>memory.c.obj</name>
      </input_file>
      <input_file id="fl-3d">
         <path>D:\TI\CCS Theia\ccs\tools\compiler\ti-cgt-armllvm_4.0.3.LTS\lib\armv6m-ti-none-eabi\c\</path>
         <kind>archive</kind>
         <file>libc.a</file>
         <name>strlen.c.obj</name>
      </input_file>
      <input_file id="fl-3e">
         <path>D:\TI\CCS Theia\ccs\tools\compiler\ti-cgt-armllvm_4.0.3.LTS\lib\armv6m-ti-none-eabi\c\</path>
         <kind>archive</kind>
         <file>libc.a</file>
         <name>boot_cortex_m.c.obj</name>
      </input_file>
      <input_file id="fl-3f">
         <path>D:\TI\CCS Theia\ccs\tools\compiler\ti-cgt-armllvm_4.0.3.LTS\lib\armv6m-ti-none-eabi\c\</path>
         <kind>archive</kind>
         <file>libc.a</file>
         <name>mathacl_init.c.obj</name>
      </input_file>
      <input_file id="fl-40">
         <path>D:\TI\CCS Theia\ccs\tools\compiler\ti-cgt-armllvm_4.0.3.LTS\lib\armv6m-ti-none-eabi\c\</path>
         <kind>archive</kind>
         <file>libc.a</file>
         <name>autoinit.c.obj</name>
      </input_file>
      <input_file id="fl-41">
         <path>D:\TI\CCS Theia\ccs\tools\compiler\ti-cgt-armllvm_4.0.3.LTS\lib\armv6m-ti-none-eabi\c\</path>
         <kind>archive</kind>
         <file>libc.a</file>
         <name>pre_init.c.obj</name>
      </input_file>
      <input_file id="fl-42">
         <path>D:\TI\CCS Theia\ccs\tools\compiler\ti-cgt-armllvm_4.0.3.LTS\lib\armv6m-ti-none-eabi\c\</path>
         <kind>archive</kind>
         <file>libc.a</file>
         <name>cpy_tbl.c.obj</name>
      </input_file>
      <input_file id="fl-43">
         <path>D:\TI\CCS Theia\ccs\tools\compiler\ti-cgt-armllvm_4.0.3.LTS\lib\armv6m-ti-none-eabi\c\</path>
         <kind>archive</kind>
         <file>libc.a</file>
         <name>copy_zero_init.c.obj</name>
      </input_file>
      <input_file id="fl-44">
         <path>D:\TI\CCS Theia\ccs\tools\compiler\ti-cgt-armllvm_4.0.3.LTS\lib\armv6m-ti-none-eabi\c\</path>
         <kind>archive</kind>
         <file>libc.a</file>
         <name>copy_decompress_none.c.obj</name>
      </input_file>
      <input_file id="fl-45">
         <path>D:\TI\CCS Theia\ccs\tools\compiler\ti-cgt-armllvm_4.0.3.LTS\lib\armv6m-ti-none-eabi\c\</path>
         <kind>archive</kind>
         <file>libc.a</file>
         <name>copy_decompress_lzss.c.obj</name>
      </input_file>
      <input_file id="fl-46">
         <path>D:\TI\CCS Theia\ccs\tools\compiler\ti-cgt-armllvm_4.0.3.LTS\lib\armv6m-ti-none-eabi\c\</path>
         <kind>archive</kind>
         <file>libc.a</file>
         <name>_printfi.c.obj</name>
      </input_file>
      <input_file id="fl-47">
         <path>D:\TI\CCS Theia\ccs\tools\compiler\ti-cgt-armllvm_4.0.3.LTS\lib\armv6m-ti-none-eabi\c\</path>
         <kind>archive</kind>
         <file>libc.a</file>
         <name>sprintf.c.obj</name>
      </input_file>
      <input_file id="fl-48">
         <path>D:\TI\CCS Theia\ccs\tools\compiler\ti-cgt-armllvm_4.0.3.LTS\lib\armv6m-ti-none-eabi\c\</path>
         <kind>archive</kind>
         <file>libc.a</file>
         <name>fflush.c.obj</name>
      </input_file>
      <input_file id="fl-49">
         <path>D:\TI\CCS Theia\ccs\tools\compiler\ti-cgt-armllvm_4.0.3.LTS\lib\armv6m-ti-none-eabi\c\</path>
         <kind>archive</kind>
         <file>libc.a</file>
         <name>fputs.c.obj</name>
      </input_file>
      <input_file id="fl-4a">
         <path>D:\TI\CCS Theia\ccs\tools\compiler\ti-cgt-armllvm_4.0.3.LTS\lib\armv6m-ti-none-eabi\c\</path>
         <kind>archive</kind>
         <file>libc.a</file>
         <name>_io_perm.c.obj</name>
      </input_file>
      <input_file id="fl-4b">
         <path>D:\TI\CCS Theia\ccs\tools\compiler\ti-cgt-armllvm_4.0.3.LTS\lib\armv6m-ti-none-eabi\c\</path>
         <kind>archive</kind>
         <file>libc.a</file>
         <name>setvbuf.c.obj</name>
      </input_file>
      <input_file id="fl-4c">
         <path>D:\TI\CCS Theia\ccs\tools\compiler\ti-cgt-armllvm_4.0.3.LTS\lib\armv6m-ti-none-eabi\c\</path>
         <kind>archive</kind>
         <file>libc.a</file>
         <name>s_frexp.c.obj</name>
      </input_file>
      <input_file id="fl-4d">
         <path>D:\TI\CCS Theia\ccs\tools\compiler\ti-cgt-armllvm_4.0.3.LTS\lib\armv6m-ti-none-eabi\c\</path>
         <kind>archive</kind>
         <file>libc.a</file>
         <name>s_scalbn.c.obj</name>
      </input_file>
      <input_file id="fl-4e">
         <path>D:\TI\CCS Theia\ccs\tools\compiler\ti-cgt-armllvm_4.0.3.LTS\lib\armv6m-ti-none-eabi\c\</path>
         <kind>archive</kind>
         <file>libc.a</file>
         <name>wcslen.c.obj</name>
      </input_file>
      <input_file id="fl-4f">
         <path>D:\TI\CCS Theia\ccs\tools\compiler\ti-cgt-armllvm_4.0.3.LTS\lib\armv6m-ti-none-eabi\c\</path>
         <kind>archive</kind>
         <file>libc.a</file>
         <name>exit.c.obj</name>
      </input_file>
      <input_file id="fl-50">
         <path>D:\TI\CCS Theia\ccs\tools\compiler\ti-cgt-armllvm_4.0.3.LTS\lib\armv6m-ti-none-eabi\c\</path>
         <kind>archive</kind>
         <file>libc.a</file>
         <name>_lock.c.obj</name>
      </input_file>
      <input_file id="fl-51">
         <path>D:\TI\CCS Theia\ccs\tools\compiler\ti-cgt-armllvm_4.0.3.LTS\lib\armv6m-ti-none-eabi\c\</path>
         <kind>archive</kind>
         <file>libc.a</file>
         <name>_ltoa.c.obj</name>
      </input_file>
      <input_file id="fl-52">
         <path>D:\TI\CCS Theia\ccs\tools\compiler\ti-cgt-armllvm_4.0.3.LTS\lib\armv6m-ti-none-eabi\c\</path>
         <kind>archive</kind>
         <file>libc.a</file>
         <name>args_main.c.obj</name>
      </input_file>
      <input_file id="fl-53">
         <path>D:\TI\CCS Theia\ccs\tools\compiler\ti-cgt-armllvm_4.0.3.LTS\lib\armv6m-ti-none-eabi\c\</path>
         <kind>archive</kind>
         <file>libc.a</file>
         <name>atoi.c.obj</name>
      </input_file>
      <input_file id="fl-54">
         <path>D:\TI\CCS Theia\ccs\tools\compiler\ti-cgt-armllvm_4.0.3.LTS\lib\armv6m-ti-none-eabi\c\</path>
         <kind>archive</kind>
         <file>libc.a</file>
         <name>memccpy.c.obj</name>
      </input_file>
      <input_file id="fl-55">
         <path>D:\TI\CCS Theia\ccs\tools\compiler\ti-cgt-armllvm_4.0.3.LTS\lib\armv6m-ti-none-eabi\c\</path>
         <kind>archive</kind>
         <file>libc.a</file>
         <name>fopen.c.obj</name>
      </input_file>
      <input_file id="fl-56">
         <path>D:\TI\CCS Theia\ccs\tools\compiler\ti-cgt-armllvm_4.0.3.LTS\lib\armv6m-ti-none-eabi\c\</path>
         <kind>archive</kind>
         <file>libc.a</file>
         <name>fseek.c.obj</name>
      </input_file>
      <input_file id="fl-57">
         <path>D:\TI\CCS Theia\ccs\tools\compiler\ti-cgt-armllvm_4.0.3.LTS\lib\armv6m-ti-none-eabi\c\</path>
         <kind>archive</kind>
         <file>libc.a</file>
         <name>aeabi_ctype.S.obj</name>
      </input_file>
      <input_file id="fl-58">
         <path>D:\TI\CCS Theia\ccs\tools\compiler\ti-cgt-armllvm_4.0.3.LTS\lib\armv6m-ti-none-eabi\c\</path>
         <kind>archive</kind>
         <file>libc.a</file>
         <name>fclose.c.obj</name>
      </input_file>
      <input_file id="fl-f8">
         <path>D:\TI\CCS Theia\ccs\tools\compiler\ti-cgt-armllvm_4.0.3.LTS\lib\armv6m-ti-none-eabi\c\</path>
         <kind>archive</kind>
         <file>libsysbm.a</file>
         <name>hostexit.c.obj</name>
      </input_file>
      <input_file id="fl-f9">
         <path>D:\TI\CCS Theia\ccs\tools\compiler\ti-cgt-armllvm_4.0.3.LTS\lib\armv6m-ti-none-eabi\c\</path>
         <kind>archive</kind>
         <file>libsysbm.a</file>
         <name>write.c.obj</name>
      </input_file>
      <input_file id="fl-fa">
         <path>D:\TI\CCS Theia\ccs\tools\compiler\ti-cgt-armllvm_4.0.3.LTS\lib\armv6m-ti-none-eabi\c\</path>
         <kind>archive</kind>
         <file>libsysbm.a</file>
         <name>host_device.c.obj</name>
      </input_file>
      <input_file id="fl-fb">
         <path>D:\TI\CCS Theia\ccs\tools\compiler\ti-cgt-armllvm_4.0.3.LTS\lib\armv6m-ti-none-eabi\c\</path>
         <kind>archive</kind>
         <file>libsysbm.a</file>
         <name>remove.c.obj</name>
      </input_file>
      <input_file id="fl-fc">
         <path>D:\TI\CCS Theia\ccs\tools\compiler\ti-cgt-armllvm_4.0.3.LTS\lib\armv6m-ti-none-eabi\c\</path>
         <kind>archive</kind>
         <file>libsysbm.a</file>
         <name>open.c.obj</name>
      </input_file>
      <input_file id="fl-fd">
         <path>D:\TI\CCS Theia\ccs\tools\compiler\ti-cgt-armllvm_4.0.3.LTS\lib\armv6m-ti-none-eabi\c\</path>
         <kind>archive</kind>
         <file>libsysbm.a</file>
         <name>lseek.c.obj</name>
      </input_file>
      <input_file id="fl-fe">
         <path>D:\TI\CCS Theia\ccs\tools\compiler\ti-cgt-armllvm_4.0.3.LTS\lib\armv6m-ti-none-eabi\c\</path>
         <kind>archive</kind>
         <file>libsysbm.a</file>
         <name>close.c.obj</name>
      </input_file>
      <input_file id="fl-ff">
         <path>D:\TI\CCS Theia\ccs\tools\compiler\ti-cgt-armllvm_4.0.3.LTS\lib\armv6m-ti-none-eabi\c\</path>
         <kind>archive</kind>
         <file>libsysbm.a</file>
         <name>unlink.c.obj</name>
      </input_file>
      <input_file id="fl-100">
         <path>D:\TI\CCS Theia\ccs\tools\compiler\ti-cgt-armllvm_4.0.3.LTS\lib\armv6m-ti-none-eabi\c\</path>
         <kind>archive</kind>
         <file>libsysbm.a</file>
         <name>hostclose.c.obj</name>
      </input_file>
      <input_file id="fl-101">
         <path>D:\TI\CCS Theia\ccs\tools\compiler\ti-cgt-armllvm_4.0.3.LTS\lib\armv6m-ti-none-eabi\c\</path>
         <kind>archive</kind>
         <file>libsysbm.a</file>
         <name>hostlseek.c.obj</name>
      </input_file>
      <input_file id="fl-102">
         <path>D:\TI\CCS Theia\ccs\tools\compiler\ti-cgt-armllvm_4.0.3.LTS\lib\armv6m-ti-none-eabi\c\</path>
         <kind>archive</kind>
         <file>libsysbm.a</file>
         <name>hostopen.c.obj</name>
      </input_file>
      <input_file id="fl-103">
         <path>D:\TI\CCS Theia\ccs\tools\compiler\ti-cgt-armllvm_4.0.3.LTS\lib\armv6m-ti-none-eabi\c\</path>
         <kind>archive</kind>
         <file>libsysbm.a</file>
         <name>hostread.c.obj</name>
      </input_file>
      <input_file id="fl-104">
         <path>D:\TI\CCS Theia\ccs\tools\compiler\ti-cgt-armllvm_4.0.3.LTS\lib\armv6m-ti-none-eabi\c\</path>
         <kind>archive</kind>
         <file>libsysbm.a</file>
         <name>hostrename.c.obj</name>
      </input_file>
      <input_file id="fl-105">
         <path>D:\TI\CCS Theia\ccs\tools\compiler\ti-cgt-armllvm_4.0.3.LTS\lib\armv6m-ti-none-eabi\c\</path>
         <kind>archive</kind>
         <file>libsysbm.a</file>
         <name>hostunlink.c.obj</name>
      </input_file>
      <input_file id="fl-106">
         <path>D:\TI\CCS Theia\ccs\tools\compiler\ti-cgt-armllvm_4.0.3.LTS\lib\armv6m-ti-none-eabi\c\</path>
         <kind>archive</kind>
         <file>libsysbm.a</file>
         <name>hostwrite.c.obj</name>
      </input_file>
      <input_file id="fl-107">
         <path>D:\TI\CCS Theia\ccs\tools\compiler\ti-cgt-armllvm_4.0.3.LTS\lib\armv6m-ti-none-eabi\c\</path>
         <kind>archive</kind>
         <file>libsysbm.a</file>
         <name>trgmsg.c.obj</name>
      </input_file>
      <input_file id="fl-108">
         <path>D:\TI\CCS Theia\ccs\tools\compiler\ti-cgt-armllvm_4.0.3.LTS\lib\armv6m-ti-none-eabi\</path>
         <kind>archive</kind>
         <file>libclang_rt.builtins.a</file>
         <name>addsf3.S.obj</name>
      </input_file>
      <input_file id="fl-109">
         <path>D:\TI\CCS Theia\ccs\tools\compiler\ti-cgt-armllvm_4.0.3.LTS\lib\armv6m-ti-none-eabi\</path>
         <kind>archive</kind>
         <file>libclang_rt.builtins.a</file>
         <name>adddf3.S.obj</name>
      </input_file>
      <input_file id="fl-10a">
         <path>D:\TI\CCS Theia\ccs\tools\compiler\ti-cgt-armllvm_4.0.3.LTS\lib\armv6m-ti-none-eabi\</path>
         <kind>archive</kind>
         <file>libclang_rt.builtins.a</file>
         <name>muldf3.S.obj</name>
      </input_file>
      <input_file id="fl-10b">
         <path>D:\TI\CCS Theia\ccs\tools\compiler\ti-cgt-armllvm_4.0.3.LTS\lib\armv6m-ti-none-eabi\</path>
         <kind>archive</kind>
         <file>libclang_rt.builtins.a</file>
         <name>muldsi3.S.obj</name>
      </input_file>
      <input_file id="fl-10c">
         <path>D:\TI\CCS Theia\ccs\tools\compiler\ti-cgt-armllvm_4.0.3.LTS\lib\armv6m-ti-none-eabi\</path>
         <kind>archive</kind>
         <file>libclang_rt.builtins.a</file>
         <name>mulsf3.S.obj</name>
      </input_file>
      <input_file id="fl-10d">
         <path>D:\TI\CCS Theia\ccs\tools\compiler\ti-cgt-armllvm_4.0.3.LTS\lib\armv6m-ti-none-eabi\</path>
         <kind>archive</kind>
         <file>libclang_rt.builtins.a</file>
         <name>divsf3.S.obj</name>
      </input_file>
      <input_file id="fl-10e">
         <path>D:\TI\CCS Theia\ccs\tools\compiler\ti-cgt-armllvm_4.0.3.LTS\lib\armv6m-ti-none-eabi\</path>
         <kind>archive</kind>
         <file>libclang_rt.builtins.a</file>
         <name>divdf3.S.obj</name>
      </input_file>
      <input_file id="fl-10f">
         <path>D:\TI\CCS Theia\ccs\tools\compiler\ti-cgt-armllvm_4.0.3.LTS\lib\armv6m-ti-none-eabi\</path>
         <kind>archive</kind>
         <file>libclang_rt.builtins.a</file>
         <name>extendsfdf2.S.obj</name>
      </input_file>
      <input_file id="fl-110">
         <path>D:\TI\CCS Theia\ccs\tools\compiler\ti-cgt-armllvm_4.0.3.LTS\lib\armv6m-ti-none-eabi\</path>
         <kind>archive</kind>
         <file>libclang_rt.builtins.a</file>
         <name>fixdfsi.S.obj</name>
      </input_file>
      <input_file id="fl-111">
         <path>D:\TI\CCS Theia\ccs\tools\compiler\ti-cgt-armllvm_4.0.3.LTS\lib\armv6m-ti-none-eabi\</path>
         <kind>archive</kind>
         <file>libclang_rt.builtins.a</file>
         <name>fixsfsi.S.obj</name>
      </input_file>
      <input_file id="fl-112">
         <path>D:\TI\CCS Theia\ccs\tools\compiler\ti-cgt-armllvm_4.0.3.LTS\lib\armv6m-ti-none-eabi\</path>
         <kind>archive</kind>
         <file>libclang_rt.builtins.a</file>
         <name>fixunssfsi.S.obj</name>
      </input_file>
      <input_file id="fl-113">
         <path>D:\TI\CCS Theia\ccs\tools\compiler\ti-cgt-armllvm_4.0.3.LTS\lib\armv6m-ti-none-eabi\</path>
         <kind>archive</kind>
         <file>libclang_rt.builtins.a</file>
         <name>floatsidf.S.obj</name>
      </input_file>
      <input_file id="fl-114">
         <path>D:\TI\CCS Theia\ccs\tools\compiler\ti-cgt-armllvm_4.0.3.LTS\lib\armv6m-ti-none-eabi\</path>
         <kind>archive</kind>
         <file>libclang_rt.builtins.a</file>
         <name>floatsisf.S.obj</name>
      </input_file>
      <input_file id="fl-115">
         <path>D:\TI\CCS Theia\ccs\tools\compiler\ti-cgt-armllvm_4.0.3.LTS\lib\armv6m-ti-none-eabi\</path>
         <kind>archive</kind>
         <file>libclang_rt.builtins.a</file>
         <name>floatunsisf.S.obj</name>
      </input_file>
      <input_file id="fl-116">
         <path>D:\TI\CCS Theia\ccs\tools\compiler\ti-cgt-armllvm_4.0.3.LTS\lib\armv6m-ti-none-eabi\</path>
         <kind>archive</kind>
         <file>libclang_rt.builtins.a</file>
         <name>muldi3.S.obj</name>
      </input_file>
      <input_file id="fl-117">
         <path>D:\TI\CCS Theia\ccs\tools\compiler\ti-cgt-armllvm_4.0.3.LTS\lib\armv6m-ti-none-eabi\</path>
         <kind>archive</kind>
         <file>libclang_rt.builtins.a</file>
         <name>truncdfsf2.S.obj</name>
      </input_file>
      <input_file id="fl-118">
         <path>D:\TI\CCS Theia\ccs\tools\compiler\ti-cgt-armllvm_4.0.3.LTS\lib\armv6m-ti-none-eabi\</path>
         <kind>archive</kind>
         <file>libclang_rt.builtins.a</file>
         <name>aeabi_dcmp.S.obj</name>
      </input_file>
      <input_file id="fl-119">
         <path>D:\TI\CCS Theia\ccs\tools\compiler\ti-cgt-armllvm_4.0.3.LTS\lib\armv6m-ti-none-eabi\</path>
         <kind>archive</kind>
         <file>libclang_rt.builtins.a</file>
         <name>aeabi_fcmp.S.obj</name>
      </input_file>
      <input_file id="fl-11a">
         <path>D:\TI\CCS Theia\ccs\tools\compiler\ti-cgt-armllvm_4.0.3.LTS\lib\armv6m-ti-none-eabi\</path>
         <kind>archive</kind>
         <file>libclang_rt.builtins.a</file>
         <name>aeabi_idivmod.S.obj</name>
      </input_file>
      <input_file id="fl-11b">
         <path>D:\TI\CCS Theia\ccs\tools\compiler\ti-cgt-armllvm_4.0.3.LTS\lib\armv6m-ti-none-eabi\</path>
         <kind>archive</kind>
         <file>libclang_rt.builtins.a</file>
         <name>aeabi_memcpy.S.obj</name>
      </input_file>
      <input_file id="fl-11c">
         <path>D:\TI\CCS Theia\ccs\tools\compiler\ti-cgt-armllvm_4.0.3.LTS\lib\armv6m-ti-none-eabi\</path>
         <kind>archive</kind>
         <file>libclang_rt.builtins.a</file>
         <name>aeabi_memset.S.obj</name>
      </input_file>
      <input_file id="fl-11d">
         <path>D:\TI\CCS Theia\ccs\tools\compiler\ti-cgt-armllvm_4.0.3.LTS\lib\armv6m-ti-none-eabi\</path>
         <kind>archive</kind>
         <file>libclang_rt.builtins.a</file>
         <name>aeabi_uidivmod.S.obj</name>
      </input_file>
      <input_file id="fl-11e">
         <path>D:\TI\CCS Theia\ccs\tools\compiler\ti-cgt-armllvm_4.0.3.LTS\lib\armv6m-ti-none-eabi\</path>
         <kind>archive</kind>
         <file>libclang_rt.builtins.a</file>
         <name>aeabi_uldivmod.S.obj</name>
      </input_file>
      <input_file id="fl-11f">
         <path>D:\TI\CCS Theia\ccs\tools\compiler\ti-cgt-armllvm_4.0.3.LTS\lib\armv6m-ti-none-eabi\</path>
         <kind>archive</kind>
         <file>libclang_rt.builtins.a</file>
         <name>comparesf2.S.obj</name>
      </input_file>
      <input_file id="fl-120">
         <path>D:\TI\CCS Theia\ccs\tools\compiler\ti-cgt-armllvm_4.0.3.LTS\lib\armv6m-ti-none-eabi\</path>
         <kind>archive</kind>
         <file>libclang_rt.builtins.a</file>
         <name>udivmoddi4.S.obj</name>
      </input_file>
      <input_file id="fl-121">
         <path>D:\TI\CCS Theia\ccs\tools\compiler\ti-cgt-armllvm_4.0.3.LTS\lib\armv6m-ti-none-eabi\</path>
         <kind>archive</kind>
         <file>libclang_rt.builtins.a</file>
         <name>ashldi3.S.obj</name>
      </input_file>
      <input_file id="fl-122">
         <path>D:\TI\CCS Theia\ccs\tools\compiler\ti-cgt-armllvm_4.0.3.LTS\lib\armv6m-ti-none-eabi\</path>
         <kind>archive</kind>
         <file>libclang_rt.builtins.a</file>
         <name>comparedf2.c.obj</name>
      </input_file>
      <input_file id="fl-123">
         <path>D:\TI\CCS Theia\ccs\tools\compiler\ti-cgt-armllvm_4.0.3.LTS\lib\armv6m-ti-none-eabi\</path>
         <kind>archive</kind>
         <file>libclang_rt.builtins.a</file>
         <name>aeabi_div0.c.obj</name>
      </input_file>
      <input_file id="fl-124">
         <path>D:\TI\CCS Theia\ccs\tools\compiler\ti-cgt-armllvm_4.0.3.LTS\lib\armv6m-ti-none-eabi\c\</path>
         <kind>archive</kind>
         <file>libc.a</file>
         <name>getdevice.c.obj</name>
      </input_file>
      <input_file id="fl-125">
         <path>D:\TI\CCS Theia\ccs\tools\compiler\ti-cgt-armllvm_4.0.3.LTS\lib\armv6m-ti-none-eabi\c\</path>
         <kind>archive</kind>
         <file>libc.a</file>
         <name>memcpy16.S.obj</name>
      </input_file>
      <input_file id="fl-126">
         <path>D:\TI\CCS Theia\ccs\tools\compiler\ti-cgt-armllvm_4.0.3.LTS\lib\armv6m-ti-none-eabi\c\</path>
         <kind>archive</kind>
         <file>libc.a</file>
         <name>memset16.S.obj</name>
      </input_file>
   </input_file_list>
   <object_component_list>
      <object_component id="oc-18">
         <name>.intvecs</name>
         <load_address>0x0</load_address>
         <readonly>true</readonly>
         <run_address>0x0</run_address>
         <size>0xc0</size>
         <alignment>0x4</alignment>
         <input_file_ref idref="fl-2"/>
      </object_component>
      <object_component id="oc-273">
         <name>.text:__TI_printfi</name>
         <load_address>0xc0</load_address>
         <readonly>true</readonly>
         <executable>true</executable>
         <run_address>0xc0</run_address>
         <size>0x9d0</size>
         <alignment>0x4</alignment>
         <input_file_ref idref="fl-46"/>
      </object_component>
      <object_component id="oc-cb">
         <name>.text._ZN7MPU60505beginEhhhb</name>
         <load_address>0xa90</load_address>
         <readonly>true</readonly>
         <executable>true</executable>
         <run_address>0xa90</run_address>
         <size>0x36e</size>
         <alignment>0x2</alignment>
         <input_file_ref idref="fl-8"/>
      </object_component>
      <object_component id="oc-266">
         <name>.text.__aeabi_idiv0</name>
         <load_address>0xdfe</load_address>
         <readonly>true</readonly>
         <executable>true</executable>
         <run_address>0xdfe</run_address>
         <size>0x2</size>
         <alignment>0x2</alignment>
         <input_file_ref idref="fl-123"/>
      </object_component>
      <object_component id="oc-155">
         <name>.text.SYSCFG_DL_GPIO_init</name>
         <load_address>0xe00</load_address>
         <readonly>true</readonly>
         <executable>true</executable>
         <run_address>0xe00</run_address>
         <size>0x23c</size>
         <alignment>0x4</alignment>
         <input_file_ref idref="fl-1"/>
      </object_component>
      <object_component id="oc-7f">
         <name>.text.main</name>
         <load_address>0x103c</load_address>
         <readonly>true</readonly>
         <executable>true</executable>
         <run_address>0x103c</run_address>
         <size>0x224</size>
         <alignment>0x4</alignment>
         <input_file_ref idref="fl-3"/>
      </object_component>
      <object_component id="oc-294">
         <name>.text._pconv_a</name>
         <load_address>0x1260</load_address>
         <readonly>true</readonly>
         <executable>true</executable>
         <run_address>0x1260</run_address>
         <size>0x220</size>
         <alignment>0x4</alignment>
         <input_file_ref idref="fl-46"/>
      </object_component>
      <object_component id="oc-e7">
         <name>.text._ZN4OLED8printVarEhhfPKchb</name>
         <load_address>0x1480</load_address>
         <readonly>true</readonly>
         <executable>true</executable>
         <run_address>0x1480</run_address>
         <size>0x218</size>
         <alignment>0x4</alignment>
         <input_file_ref idref="fl-9"/>
      </object_component>
      <object_component id="oc-295">
         <name>.text._pconv_g</name>
         <load_address>0x1698</load_address>
         <readonly>true</readonly>
         <executable>true</executable>
         <run_address>0x1698</run_address>
         <size>0x1dc</size>
         <alignment>0x4</alignment>
         <input_file_ref idref="fl-46"/>
      </object_component>
      <object_component id="oc-6c">
         <name>.text._ZN7MPU605011updateEulerEv</name>
         <load_address>0x1874</load_address>
         <readonly>true</readonly>
         <executable>true</executable>
         <run_address>0x1874</run_address>
         <size>0x1c8</size>
         <alignment>0x4</alignment>
         <input_file_ref idref="fl-8"/>
      </object_component>
      <object_component id="oc-13d">
         <name>.text.atanf</name>
         <load_address>0x1a3c</load_address>
         <readonly>true</readonly>
         <executable>true</executable>
         <run_address>0x1a3c</run_address>
         <size>0x1c8</size>
         <alignment>0x4</alignment>
         <input_file_ref idref="fl-36"/>
      </object_component>
      <object_component id="oc-e1">
         <name>.text._ZN4OLED9printTextEhhPKch</name>
         <load_address>0x1c04</load_address>
         <readonly>true</readonly>
         <executable>true</executable>
         <run_address>0x1c04</run_address>
         <size>0x1a8</size>
         <alignment>0x4</alignment>
         <input_file_ref idref="fl-9"/>
      </object_component>
      <object_component id="oc-1b8">
         <name>.text.adddf3_subdf3</name>
         <load_address>0x1dac</load_address>
         <readonly>true</readonly>
         <executable>true</executable>
         <run_address>0x1dac</run_address>
         <size>0x192</size>
         <alignment>0x4</alignment>
         <input_file_ref idref="fl-109"/>
      </object_component>
      <object_component id="oc-2c0">
         <name>.text.__aeabi_ldiv0</name>
         <load_address>0x1f3e</load_address>
         <readonly>true</readonly>
         <executable>true</executable>
         <run_address>0x1f3e</run_address>
         <size>0x2</size>
         <alignment>0x2</alignment>
         <input_file_ref idref="fl-123"/>
      </object_component>
      <object_component id="oc-a6">
         <name>.text._ZN7MPU60507rawConvERK11MPU6050_RawPf</name>
         <load_address>0x1f40</load_address>
         <readonly>true</readonly>
         <executable>true</executable>
         <run_address>0x1f40</run_address>
         <size>0x140</size>
         <alignment>0x4</alignment>
         <input_file_ref idref="fl-8"/>
      </object_component>
      <object_component id="oc-2be">
         <name>.text.fcvt</name>
         <load_address>0x2080</load_address>
         <readonly>true</readonly>
         <executable>true</executable>
         <run_address>0x2080</run_address>
         <size>0x13c</size>
         <alignment>0x4</alignment>
         <input_file_ref idref="fl-46"/>
      </object_component>
      <object_component id="oc-e5">
         <name>.text._ZN3PID4calcEfffNS_6OptionE</name>
         <load_address>0x21bc</load_address>
         <readonly>true</readonly>
         <executable>true</executable>
         <run_address>0x21bc</run_address>
         <size>0x130</size>
         <alignment>0x4</alignment>
         <input_file_ref idref="fl-a"/>
      </object_component>
      <object_component id="oc-297">
         <name>.text._pconv_e</name>
         <load_address>0x22ec</load_address>
         <readonly>true</readonly>
         <executable>true</executable>
         <run_address>0x22ec</run_address>
         <size>0x120</size>
         <alignment>0x4</alignment>
         <input_file_ref idref="fl-46"/>
      </object_component>
      <object_component id="oc-af">
         <name>.text.atan2f</name>
         <load_address>0x240c</load_address>
         <readonly>true</readonly>
         <executable>true</executable>
         <run_address>0x240c</run_address>
         <size>0x118</size>
         <alignment>0x4</alignment>
         <input_file_ref idref="fl-34"/>
      </object_component>
      <object_component id="oc-f0">
         <name>.text._Z4turnv</name>
         <load_address>0x2524</load_address>
         <readonly>true</readonly>
         <executable>true</executable>
         <run_address>0x2524</run_address>
         <size>0x10c</size>
         <alignment>0x4</alignment>
         <input_file_ref idref="fl-3"/>
      </object_component>
      <object_component id="oc-17d">
         <name>.text.__divdf3</name>
         <load_address>0x2630</load_address>
         <readonly>true</readonly>
         <executable>true</executable>
         <run_address>0x2630</run_address>
         <size>0x10c</size>
         <alignment>0x4</alignment>
         <input_file_ref idref="fl-10e"/>
      </object_component>
      <object_component id="oc-dc">
         <name>.text._ZN4OLED5beginEv</name>
         <load_address>0x273c</load_address>
         <readonly>true</readonly>
         <executable>true</executable>
         <run_address>0x273c</run_address>
         <size>0x108</size>
         <alignment>0x2</alignment>
         <input_file_ref idref="fl-9"/>
      </object_component>
      <object_component id="oc-206">
         <name>.text.DL_Timer_initFourCCPWMMode</name>
         <load_address>0x2844</load_address>
         <readonly>true</readonly>
         <executable>true</executable>
         <run_address>0x2844</run_address>
         <size>0x104</size>
         <alignment>0x4</alignment>
         <input_file_ref idref="fl-1a"/>
      </object_component>
      <object_component id="oc-cd">
         <name>.text._ZN7MPU60509calibrateEt</name>
         <load_address>0x2948</load_address>
         <readonly>true</readonly>
         <executable>true</executable>
         <run_address>0x2948</run_address>
         <size>0xfa</size>
         <alignment>0x2</alignment>
         <input_file_ref idref="fl-8"/>
      </object_component>
      <object_component id="oc-a4">
         <name>.text._ZN7MPU605010getRawDataEv</name>
         <load_address>0x2a42</load_address>
         <readonly>true</readonly>
         <executable>true</executable>
         <run_address>0x2a42</run_address>
         <size>0xf6</size>
         <alignment>0x2</alignment>
         <input_file_ref idref="fl-8"/>
      </object_component>
      <object_component id="oc-20e">
         <name>.text.DL_Timer_initTimerMode</name>
         <load_address>0x2b38</load_address>
         <readonly>true</readonly>
         <executable>true</executable>
         <run_address>0x2b38</run_address>
         <size>0xe8</size>
         <alignment>0x4</alignment>
         <input_file_ref idref="fl-1a"/>
      </object_component>
      <object_component id="oc-181">
         <name>.text.__muldf3</name>
         <load_address>0x2c20</load_address>
         <readonly>true</readonly>
         <executable>true</executable>
         <run_address>0x2c20</run_address>
         <size>0xe4</size>
         <alignment>0x4</alignment>
         <input_file_ref idref="fl-10a"/>
      </object_component>
      <object_component id="oc-1f7">
         <name>.text.DL_SYSCTL_configSYSPLL</name>
         <load_address>0x2d04</load_address>
         <readonly>true</readonly>
         <executable>true</executable>
         <run_address>0x2d04</run_address>
         <size>0xdc</size>
         <alignment>0x4</alignment>
         <input_file_ref idref="fl-1c"/>
      </object_component>
      <object_component id="oc-157">
         <name>.text.SYSCFG_DL_TIMA0_PWM_init</name>
         <load_address>0x2de0</load_address>
         <readonly>true</readonly>
         <executable>true</executable>
         <run_address>0x2de0</run_address>
         <size>0xd8</size>
         <alignment>0x4</alignment>
         <input_file_ref idref="fl-1"/>
      </object_component>
      <object_component id="oc-2ad">
         <name>.text.scalbn</name>
         <load_address>0x2eb8</load_address>
         <readonly>true</readonly>
         <executable>true</executable>
         <run_address>0x2eb8</run_address>
         <size>0xd8</size>
         <alignment>0x4</alignment>
         <input_file_ref idref="fl-4d"/>
      </object_component>
      <object_component id="oc-a7">
         <name>.text</name>
         <load_address>0x2f90</load_address>
         <readonly>true</readonly>
         <executable>true</executable>
         <run_address>0x2f90</run_address>
         <size>0xd8</size>
         <alignment>0x4</alignment>
         <input_file_ref idref="fl-108"/>
      </object_component>
      <object_component id="oc-154">
         <name>.text.SYSCFG_DL_initPower</name>
         <load_address>0x3068</load_address>
         <readonly>true</readonly>
         <executable>true</executable>
         <run_address>0x3068</run_address>
         <size>0xd4</size>
         <alignment>0x4</alignment>
         <input_file_ref idref="fl-1"/>
      </object_component>
      <object_component id="oc-e6">
         <name>.text._ZN5Motor7setDutyEf</name>
         <load_address>0x313c</load_address>
         <readonly>true</readonly>
         <executable>true</executable>
         <run_address>0x313c</run_address>
         <size>0xbc</size>
         <alignment>0x4</alignment>
         <input_file_ref idref="fl-7"/>
      </object_component>
      <object_component id="oc-cc">
         <name>.text._ZN7MPU60505getIDEv</name>
         <load_address>0x31f8</load_address>
         <readonly>true</readonly>
         <executable>true</executable>
         <run_address>0x31f8</run_address>
         <size>0xb8</size>
         <alignment>0x2</alignment>
         <input_file_ref idref="fl-8"/>
      </object_component>
      <object_component id="oc-169">
         <name>.text._ZN7MPU60506clrIntEv</name>
         <load_address>0x32b0</load_address>
         <readonly>true</readonly>
         <executable>true</executable>
         <run_address>0x32b0</run_address>
         <size>0xb2</size>
         <alignment>0x2</alignment>
         <input_file_ref idref="fl-8"/>
      </object_component>
      <object_component id="oc-2a4">
         <name>.text</name>
         <load_address>0x3364</load_address>
         <readonly>true</readonly>
         <executable>true</executable>
         <run_address>0x3364</run_address>
         <size>0xa2</size>
         <alignment>0x4</alignment>
         <input_file_ref idref="fl-120"/>
      </object_component>
      <object_component id="oc-ab">
         <name>.text.sqrtf</name>
         <load_address>0x3408</load_address>
         <readonly>true</readonly>
         <executable>true</executable>
         <run_address>0x3408</run_address>
         <size>0xa0</size>
         <alignment>0x4</alignment>
         <input_file_ref idref="fl-35"/>
      </object_component>
      <object_component id="oc-35">
         <name>.text.GROUP1_IRQHandler</name>
         <load_address>0x34a8</load_address>
         <readonly>true</readonly>
         <executable>true</executable>
         <run_address>0x34a8</run_address>
         <size>0x98</size>
         <alignment>0x4</alignment>
         <input_file_ref idref="fl-3"/>
      </object_component>
      <object_component id="oc-96">
         <name>.text.__mulsf3</name>
         <load_address>0x3540</load_address>
         <readonly>true</readonly>
         <executable>true</executable>
         <run_address>0x3540</run_address>
         <size>0x8c</size>
         <alignment>0x4</alignment>
         <input_file_ref idref="fl-10c"/>
      </object_component>
      <object_component id="oc-1c0">
         <name>.text.HOSTexit</name>
         <load_address>0x35cc</load_address>
         <readonly>true</readonly>
         <executable>true</executable>
         <run_address>0x35cc</run_address>
         <size>0x4</size>
         <alignment>0x2</alignment>
         <input_file_ref idref="fl-f8"/>
      </object_component>
      <object_component id="oc-190">
         <name>.text:strcmp</name>
         <load_address>0x35d0</load_address>
         <readonly>true</readonly>
         <executable>true</executable>
         <run_address>0x35d0</run_address>
         <size>0x88</size>
         <alignment>0x10</alignment>
         <input_file_ref idref="fl-37"/>
      </object_component>
      <object_component id="oc-173">
         <name>.text._ZN4OLED5clearEv</name>
         <load_address>0x3658</load_address>
         <readonly>true</readonly>
         <executable>true</executable>
         <run_address>0x3658</run_address>
         <size>0x84</size>
         <alignment>0x2</alignment>
         <input_file_ref idref="fl-9"/>
      </object_component>
      <object_component id="oc-203">
         <name>.text.__NVIC_SetPriority</name>
         <load_address>0x36dc</load_address>
         <readonly>true</readonly>
         <executable>true</executable>
         <run_address>0x36dc</run_address>
         <size>0x84</size>
         <alignment>0x4</alignment>
         <input_file_ref idref="fl-1"/>
      </object_component>
      <object_component id="oc-9a">
         <name>.text.__divsf3</name>
         <load_address>0x3760</load_address>
         <readonly>true</readonly>
         <executable>true</executable>
         <run_address>0x3760</run_address>
         <size>0x82</size>
         <alignment>0x4</alignment>
         <input_file_ref idref="fl-10d"/>
      </object_component>
      <object_component id="oc-176">
         <name>.text._ZN4OLED9setCursorEhh</name>
         <load_address>0x37e2</load_address>
         <readonly>true</readonly>
         <executable>true</executable>
         <run_address>0x37e2</run_address>
         <size>0x80</size>
         <alignment>0x2</alignment>
         <input_file_ref idref="fl-9"/>
      </object_component>
      <object_component id="oc-1c">
         <name>.text:decompress:lzss</name>
         <load_address>0x3864</load_address>
         <readonly>true</readonly>
         <executable>true</executable>
         <run_address>0x3864</run_address>
         <size>0x7c</size>
         <alignment>0x4</alignment>
         <input_file_ref idref="fl-45"/>
      </object_component>
      <object_component id="oc-172">
         <name>.text._ZN4OLED12writeCommandEh</name>
         <load_address>0x38e0</load_address>
         <readonly>true</readonly>
         <executable>true</executable>
         <run_address>0x38e0</run_address>
         <size>0x76</size>
         <alignment>0x2</alignment>
         <input_file_ref idref="fl-9"/>
      </object_component>
      <object_component id="oc-177">
         <name>.text._ZN4OLED9writeDataEh</name>
         <load_address>0x3956</load_address>
         <readonly>true</readonly>
         <executable>true</executable>
         <run_address>0x3956</run_address>
         <size>0x76</size>
         <alignment>0x2</alignment>
         <input_file_ref idref="fl-9"/>
      </object_component>
      <object_component id="oc-1b6">
         <name>.text.__gedf2</name>
         <load_address>0x39cc</load_address>
         <readonly>true</readonly>
         <executable>true</executable>
         <run_address>0x39cc</run_address>
         <size>0x74</size>
         <alignment>0x4</alignment>
         <input_file_ref idref="fl-122"/>
      </object_component>
      <object_component id="oc-1bc">
         <name>.text.__truncdfsf2</name>
         <load_address>0x3a40</load_address>
         <readonly>true</readonly>
         <executable>true</executable>
         <run_address>0x3a40</run_address>
         <size>0x74</size>
         <alignment>0x10</alignment>
         <input_file_ref idref="fl-117"/>
      </object_component>
      <object_component id="oc-17c">
         <name>.text._ZN5Motor6setDirENS_11MOTOR_Dir_tE</name>
         <load_address>0x3ab4</load_address>
         <readonly>true</readonly>
         <executable>true</executable>
         <run_address>0x3ab4</run_address>
         <size>0x6c</size>
         <alignment>0x2</alignment>
         <input_file_ref idref="fl-7"/>
      </object_component>
      <object_component id="oc-1b0">
         <name>.text.__ledf2</name>
         <load_address>0x3b20</load_address>
         <readonly>true</readonly>
         <executable>true</executable>
         <run_address>0x3b20</run_address>
         <size>0x68</size>
         <alignment>0x4</alignment>
         <input_file_ref idref="fl-122"/>
      </object_component>
      <object_component id="oc-2bd">
         <name>.text._mcpy</name>
         <load_address>0x3b88</load_address>
         <readonly>true</readonly>
         <executable>true</executable>
         <run_address>0x3b88</run_address>
         <size>0x66</size>
         <alignment>0x2</alignment>
         <input_file_ref idref="fl-46"/>
      </object_component>
      <object_component id="oc-66">
         <name>.text._ZN7Encoder6updateEv</name>
         <load_address>0x3bf0</load_address>
         <readonly>true</readonly>
         <executable>true</executable>
         <run_address>0x3bf0</run_address>
         <size>0x64</size>
         <alignment>0x4</alignment>
         <input_file_ref idref="fl-5"/>
      </object_component>
      <object_component id="oc-ec">
         <name>.text.__aeabi_dcmp</name>
         <load_address>0x3c54</load_address>
         <readonly>true</readonly>
         <executable>true</executable>
         <run_address>0x3c54</run_address>
         <size>0x62</size>
         <alignment>0x4</alignment>
         <input_file_ref idref="fl-118"/>
      </object_component>
      <object_component id="oc-b4">
         <name>.text.__aeabi_fcmp</name>
         <load_address>0x3cb8</load_address>
         <readonly>true</readonly>
         <executable>true</executable>
         <run_address>0x3cb8</run_address>
         <size>0x62</size>
         <alignment>0x4</alignment>
         <input_file_ref idref="fl-119"/>
      </object_component>
      <object_component id="oc-129">
         <name>.text.DL_I2C_fillControllerTXFIFO</name>
         <load_address>0x3d1a</load_address>
         <readonly>true</readonly>
         <executable>true</executable>
         <run_address>0x3d1a</run_address>
         <size>0x5e</size>
         <alignment>0x2</alignment>
         <input_file_ref idref="fl-19"/>
      </object_component>
      <object_component id="oc-156">
         <name>.text.SYSCFG_DL_SYSCTL_init</name>
         <load_address>0x3d78</load_address>
         <readonly>true</readonly>
         <executable>true</executable>
         <run_address>0x3d78</run_address>
         <size>0x5c</size>
         <alignment>0x4</alignment>
         <input_file_ref idref="fl-1"/>
      </object_component>
      <object_component id="oc-2a9">
         <name>.text.frexp</name>
         <load_address>0x3dd4</load_address>
         <readonly>true</readonly>
         <executable>true</executable>
         <run_address>0x3dd4</run_address>
         <size>0x5c</size>
         <alignment>0x4</alignment>
         <input_file_ref idref="fl-4c"/>
      </object_component>
      <object_component id="oc-15a">
         <name>.text.SYSCFG_DL_I2C_0_init</name>
         <load_address>0x3e30</load_address>
         <readonly>true</readonly>
         <executable>true</executable>
         <run_address>0x3e30</run_address>
         <size>0x58</size>
         <alignment>0x4</alignment>
         <input_file_ref idref="fl-1"/>
      </object_component>
      <object_component id="oc-15b">
         <name>.text.SYSCFG_DL_I2C_1_init</name>
         <load_address>0x3e88</load_address>
         <readonly>true</readonly>
         <executable>true</executable>
         <run_address>0x3e88</run_address>
         <size>0x58</size>
         <alignment>0x4</alignment>
         <input_file_ref idref="fl-1"/>
      </object_component>
      <object_component id="oc-2b1">
         <name>.text.__TI_ltoa</name>
         <load_address>0x3ee0</load_address>
         <readonly>true</readonly>
         <executable>true</executable>
         <run_address>0x3ee0</run_address>
         <size>0x58</size>
         <alignment>0x2</alignment>
         <input_file_ref idref="fl-51"/>
      </object_component>
      <object_component id="oc-296">
         <name>.text._pconv_f</name>
         <load_address>0x3f38</load_address>
         <readonly>true</readonly>
         <executable>true</executable>
         <run_address>0x3f38</run_address>
         <size>0x58</size>
         <alignment>0x2</alignment>
         <input_file_ref idref="fl-46"/>
      </object_component>
      <object_component id="oc-198">
         <name>.text.ltoa</name>
         <load_address>0x3f90</load_address>
         <readonly>true</readonly>
         <executable>true</executable>
         <run_address>0x3f90</run_address>
         <size>0x58</size>
         <alignment>0x4</alignment>
         <input_file_ref idref="fl-3b"/>
      </object_component>
      <object_component id="oc-240">
         <name>.text.__aeabi_idivmod</name>
         <load_address>0x3fe8</load_address>
         <readonly>true</readonly>
         <executable>true</executable>
         <run_address>0x3fe8</run_address>
         <size>0x56</size>
         <alignment>0x4</alignment>
         <input_file_ref idref="fl-11a"/>
      </object_component>
      <object_component id="oc-c5">
         <name>.text.SYSCFG_DL_init</name>
         <load_address>0x4040</load_address>
         <readonly>true</readonly>
         <executable>true</executable>
         <run_address>0x4040</run_address>
         <size>0x54</size>
         <alignment>0x4</alignment>
         <input_file_ref idref="fl-1"/>
      </object_component>
      <object_component id="oc-110">
         <name>.text:__TI_auto_init_nobinit</name>
         <load_address>0x4094</load_address>
         <readonly>true</readonly>
         <executable>true</executable>
         <run_address>0x4094</run_address>
         <size>0x54</size>
         <alignment>0x4</alignment>
         <input_file_ref idref="fl-40"/>
      </object_component>
      <object_component id="oc-2bb">
         <name>.text._ecpy</name>
         <load_address>0x40e8</load_address>
         <readonly>true</readonly>
         <executable>true</executable>
         <run_address>0x40e8</run_address>
         <size>0x52</size>
         <alignment>0x2</alignment>
         <input_file_ref idref="fl-46"/>
      </object_component>
      <object_component id="oc-15d">
         <name>.text.SYSCFG_DL_UART1_JY901S_init</name>
         <load_address>0x413c</load_address>
         <readonly>true</readonly>
         <executable>true</executable>
         <run_address>0x413c</run_address>
         <size>0x50</size>
         <alignment>0x4</alignment>
         <input_file_ref idref="fl-1"/>
      </object_component>
      <object_component id="oc-130">
         <name>.text._ZL30DL_I2C_startControllerTransferP8I2C_Regsj27DL_I2C_CONTROLLER_DIRECTIONt</name>
         <load_address>0x418c</load_address>
         <readonly>true</readonly>
         <executable>true</executable>
         <run_address>0x418c</run_address>
         <size>0x50</size>
         <alignment>0x4</alignment>
         <input_file_ref idref="fl-8"/>
      </object_component>
      <object_component id="oc-236">
         <name>.text._ZL30DL_I2C_startControllerTransferP8I2C_Regsj27DL_I2C_CONTROLLER_DIRECTIONt</name>
         <load_address>0x41dc</load_address>
         <readonly>true</readonly>
         <executable>true</executable>
         <run_address>0x41dc</run_address>
         <size>0x50</size>
         <alignment>0x4</alignment>
         <input_file_ref idref="fl-9"/>
      </object_component>
      <object_component id="oc-227">
         <name>.text.DL_UART_setBaudRateDivisor</name>
         <load_address>0x422c</load_address>
         <readonly>true</readonly>
         <executable>true</executable>
         <run_address>0x422c</run_address>
         <size>0x4c</size>
         <alignment>0x4</alignment>
         <input_file_ref idref="fl-1"/>
      </object_component>
      <object_component id="oc-1a4">
         <name>.text.snprintf</name>
         <load_address>0x4278</load_address>
         <readonly>true</readonly>
         <executable>true</executable>
         <run_address>0x4278</run_address>
         <size>0x4c</size>
         <alignment>0x4</alignment>
         <input_file_ref idref="fl-33"/>
      </object_component>
      <object_component id="oc-185">
         <name>.text.__fixdfsi</name>
         <load_address>0x42c4</load_address>
         <readonly>true</readonly>
         <executable>true</executable>
         <run_address>0x42c4</run_address>
         <size>0x4a</size>
         <alignment>0x4</alignment>
         <input_file_ref idref="fl-110"/>
      </object_component>
      <object_component id="oc-225">
         <name>.text.DL_UART_init</name>
         <load_address>0x4310</load_address>
         <readonly>true</readonly>
         <executable>true</executable>
         <run_address>0x4310</run_address>
         <size>0x48</size>
         <alignment>0x4</alignment>
         <input_file_ref idref="fl-1b"/>
      </object_component>
      <object_component id="oc-202">
         <name>.text.DL_SYSCTL_switchMCLKfromSYSOSCtoHSCLK</name>
         <load_address>0x4358</load_address>
         <readonly>true</readonly>
         <executable>true</executable>
         <run_address>0x4358</run_address>
         <size>0x44</size>
         <alignment>0x4</alignment>
         <input_file_ref idref="fl-1c"/>
      </object_component>
      <object_component id="oc-d3">
         <name>.text._ZN7Encoder5beginEv</name>
         <load_address>0x439c</load_address>
         <readonly>true</readonly>
         <executable>true</executable>
         <run_address>0x439c</run_address>
         <size>0x44</size>
         <alignment>0x4</alignment>
         <input_file_ref idref="fl-5"/>
      </object_component>
      <object_component id="oc-159">
         <name>.text.SYSCFG_DL_TIMER_General_init</name>
         <load_address>0x43e0</load_address>
         <readonly>true</readonly>
         <executable>true</executable>
         <run_address>0x43e0</run_address>
         <size>0x40</size>
         <alignment>0x4</alignment>
         <input_file_ref idref="fl-1"/>
      </object_component>
      <object_component id="oc-15c">
         <name>.text.SYSCFG_DL_UART0_DEBUG_init</name>
         <load_address>0x4420</load_address>
         <readonly>true</readonly>
         <executable>true</executable>
         <run_address>0x4420</run_address>
         <size>0x40</size>
         <alignment>0x4</alignment>
         <input_file_ref idref="fl-1"/>
      </object_component>
      <object_component id="oc-15e">
         <name>.text.SYSCFG_DL_UART2_LCD_init</name>
         <load_address>0x4460</load_address>
         <readonly>true</readonly>
         <executable>true</executable>
         <run_address>0x4460</run_address>
         <size>0x40</size>
         <alignment>0x4</alignment>
         <input_file_ref idref="fl-1"/>
      </object_component>
      <object_component id="oc-15f">
         <name>.text.SYSCFG_DL_UART3_K230_init</name>
         <load_address>0x44a0</load_address>
         <readonly>true</readonly>
         <executable>true</executable>
         <run_address>0x44a0</run_address>
         <size>0x40</size>
         <alignment>0x4</alignment>
         <input_file_ref idref="fl-1"/>
      </object_component>
      <object_component id="oc-27d">
         <name>.text.__aeabi_uidivmod</name>
         <load_address>0x44e0</load_address>
         <readonly>true</readonly>
         <executable>true</executable>
         <run_address>0x44e0</run_address>
         <size>0x40</size>
         <alignment>0x4</alignment>
         <input_file_ref idref="fl-11d"/>
      </object_component>
      <object_component id="oc-e8">
         <name>.text.__extendsfdf2</name>
         <load_address>0x4520</load_address>
         <readonly>true</readonly>
         <executable>true</executable>
         <run_address>0x4520</run_address>
         <size>0x40</size>
         <alignment>0x4</alignment>
         <input_file_ref idref="fl-10f"/>
      </object_component>
      <object_component id="oc-283">
         <name>.text.atoi</name>
         <load_address>0x4560</load_address>
         <readonly>true</readonly>
         <executable>true</executable>
         <run_address>0x4560</run_address>
         <size>0x40</size>
         <alignment>0x4</alignment>
         <input_file_ref idref="fl-53"/>
      </object_component>
      <object_component id="oc-1e9">
         <name>.text.DL_GPIO_initPeripheralInputFunctionFeatures</name>
         <load_address>0x45a0</load_address>
         <readonly>true</readonly>
         <executable>true</executable>
         <run_address>0x45a0</run_address>
         <size>0x3c</size>
         <alignment>0x4</alignment>
         <input_file_ref idref="fl-1"/>
      </object_component>
      <object_component id="oc-133">
         <name>.text.DL_I2C_flushControllerTXFIFO</name>
         <load_address>0x45dc</load_address>
         <readonly>true</readonly>
         <executable>true</executable>
         <run_address>0x45dc</run_address>
         <size>0x3c</size>
         <alignment>0x4</alignment>
         <input_file_ref idref="fl-19"/>
      </object_component>
      <object_component id="oc-207">
         <name>.text.DL_Timer_setCounterControl</name>
         <load_address>0x4618</load_address>
         <readonly>true</readonly>
         <executable>true</executable>
         <run_address>0x4618</run_address>
         <size>0x3c</size>
         <alignment>0x4</alignment>
         <input_file_ref idref="fl-1"/>
      </object_component>
      <object_component id="oc-158">
         <name>.text.SYSCFG_DL_TIMER_ENC_init</name>
         <load_address>0x4654</load_address>
         <readonly>true</readonly>
         <executable>true</executable>
         <run_address>0x4654</run_address>
         <size>0x3c</size>
         <alignment>0x4</alignment>
         <input_file_ref idref="fl-1"/>
      </object_component>
      <object_component id="oc-92">
         <name>.text.__floatsisf</name>
         <load_address>0x4690</load_address>
         <readonly>true</readonly>
         <executable>true</executable>
         <run_address>0x4690</run_address>
         <size>0x3c</size>
         <alignment>0x4</alignment>
         <input_file_ref idref="fl-114"/>
      </object_component>
      <object_component id="oc-14b">
         <name>.text.__gtsf2</name>
         <load_address>0x46cc</load_address>
         <readonly>true</readonly>
         <executable>true</executable>
         <run_address>0x46cc</run_address>
         <size>0x3c</size>
         <alignment>0x4</alignment>
         <input_file_ref idref="fl-11f"/>
      </object_component>
      <object_component id="oc-146">
         <name>.text.__eqsf2</name>
         <load_address>0x4708</load_address>
         <readonly>true</readonly>
         <executable>true</executable>
         <run_address>0x4708</run_address>
         <size>0x3a</size>
         <alignment>0x4</alignment>
         <input_file_ref idref="fl-11f"/>
      </object_component>
      <object_component id="oc-122">
         <name>.text.__muldsi3</name>
         <load_address>0x4744</load_address>
         <readonly>true</readonly>
         <executable>true</executable>
         <run_address>0x4744</run_address>
         <size>0x3a</size>
         <alignment>0x4</alignment>
         <input_file_ref idref="fl-10b"/>
      </object_component>
      <object_component id="oc-194">
         <name>.text.__fixsfsi</name>
         <load_address>0x4780</load_address>
         <readonly>true</readonly>
         <executable>true</executable>
         <run_address>0x4780</run_address>
         <size>0x38</size>
         <alignment>0x4</alignment>
         <input_file_ref idref="fl-111"/>
      </object_component>
      <object_component id="oc-1ed">
         <name>.text.DL_GPIO_initDigitalInputFeatures</name>
         <load_address>0x47b8</load_address>
         <readonly>true</readonly>
         <executable>true</executable>
         <run_address>0x47b8</run_address>
         <size>0x34</size>
         <alignment>0x4</alignment>
         <input_file_ref idref="fl-1"/>
      </object_component>
      <object_component id="oc-11d">
         <name>.text._ZN5MotorC2EP9GPIO_RegsjjP12GPTIMER_Regs17DL_TIMER_CC_INDEX</name>
         <load_address>0x47ec</load_address>
         <readonly>true</readonly>
         <executable>true</executable>
         <run_address>0x47ec</run_address>
         <size>0x34</size>
         <alignment>0x2</alignment>
         <input_file_ref idref="fl-7"/>
      </object_component>
      <object_component id="oc-1a0">
         <name>.text.__fixunssfsi</name>
         <load_address>0x4820</load_address>
         <readonly>true</readonly>
         <executable>true</executable>
         <run_address>0x4820</run_address>
         <size>0x32</size>
         <alignment>0x4</alignment>
         <input_file_ref idref="fl-112"/>
      </object_component>
      <object_component id="oc-2bc">
         <name>.text._fcpy</name>
         <load_address>0x4852</load_address>
         <readonly>true</readonly>
         <executable>true</executable>
         <run_address>0x4852</run_address>
         <size>0x30</size>
         <alignment>0x2</alignment>
         <input_file_ref idref="fl-46"/>
      </object_component>
      <object_component id="oc-24d">
         <name>.text._outs</name>
         <load_address>0x4882</load_address>
         <readonly>true</readonly>
         <executable>true</executable>
         <run_address>0x4882</run_address>
         <size>0x30</size>
         <alignment>0x2</alignment>
         <input_file_ref idref="fl-33"/>
      </object_component>
      <object_component id="oc-16d">
         <name>.text._ZL16__NVIC_EnableIRQ4IRQn</name>
         <load_address>0x48b4</load_address>
         <readonly>true</readonly>
         <executable>true</executable>
         <run_address>0x48b4</run_address>
         <size>0x2c</size>
         <alignment>0x4</alignment>
         <input_file_ref idref="fl-5"/>
      </object_component>
      <object_component id="oc-da">
         <name>.text._ZL16__NVIC_EnableIRQ4IRQn</name>
         <load_address>0x48e0</load_address>
         <readonly>true</readonly>
         <executable>true</executable>
         <run_address>0x48e0</run_address>
         <size>0x2c</size>
         <alignment>0x4</alignment>
         <input_file_ref idref="fl-3"/>
      </object_component>
      <object_component id="oc-16c">
         <name>.text._ZL22__NVIC_ClearPendingIRQ4IRQn</name>
         <load_address>0x490c</load_address>
         <readonly>true</readonly>
         <executable>true</executable>
         <run_address>0x490c</run_address>
         <size>0x2c</size>
         <alignment>0x4</alignment>
         <input_file_ref idref="fl-5"/>
      </object_component>
      <object_component id="oc-d9">
         <name>.text._ZL22__NVIC_ClearPendingIRQ4IRQn</name>
         <load_address>0x4938</load_address>
         <readonly>true</readonly>
         <executable>true</executable>
         <run_address>0x4938</run_address>
         <size>0x2c</size>
         <alignment>0x4</alignment>
         <input_file_ref idref="fl-3"/>
      </object_component>
      <object_component id="oc-8b">
         <name>.text.__cxx_global_var_init.1</name>
         <load_address>0x4964</load_address>
         <readonly>true</readonly>
         <executable>true</executable>
         <run_address>0x4964</run_address>
         <size>0x2c</size>
         <alignment>0x4</alignment>
         <input_file_ref idref="fl-3"/>
      </object_component>
      <object_component id="oc-8d">
         <name>.text.__cxx_global_var_init.3</name>
         <load_address>0x4990</load_address>
         <readonly>true</readonly>
         <executable>true</executable>
         <run_address>0x4990</run_address>
         <size>0x2c</size>
         <alignment>0x4</alignment>
         <input_file_ref idref="fl-3"/>
      </object_component>
      <object_component id="oc-8e">
         <name>.text.__cxx_global_var_init.4</name>
         <load_address>0x49bc</load_address>
         <readonly>true</readonly>
         <executable>true</executable>
         <run_address>0x49bc</run_address>
         <size>0x2c</size>
         <alignment>0x4</alignment>
         <input_file_ref idref="fl-3"/>
      </object_component>
      <object_component id="oc-2b5">
         <name>.text.__floatsidf</name>
         <load_address>0x49e8</load_address>
         <readonly>true</readonly>
         <executable>true</executable>
         <run_address>0x49e8</run_address>
         <size>0x2c</size>
         <alignment>0x4</alignment>
         <input_file_ref idref="fl-113"/>
      </object_component>
      <object_component id="oc-11c">
         <name>.text._ZN7EncoderC2E4IRQnS0_</name>
         <load_address>0x4a14</load_address>
         <readonly>true</readonly>
         <executable>true</executable>
         <run_address>0x4a14</run_address>
         <size>0x2a</size>
         <alignment>0x2</alignment>
         <input_file_ref idref="fl-5"/>
      </object_component>
      <object_component id="oc-260">
         <name>.text.DL_Common_updateReg</name>
         <load_address>0x4a3e</load_address>
         <readonly>true</readonly>
         <executable>true</executable>
         <run_address>0x4a3e</run_address>
         <size>0x28</size>
         <alignment>0x2</alignment>
         <input_file_ref idref="fl-1"/>
      </object_component>
      <object_component id="oc-21a">
         <name>.text.DL_I2C_setControllerRXFIFOThreshold</name>
         <load_address>0x4a68</load_address>
         <readonly>true</readonly>
         <executable>true</executable>
         <run_address>0x4a68</run_address>
         <size>0x28</size>
         <alignment>0x4</alignment>
         <input_file_ref idref="fl-1"/>
      </object_component>
      <object_component id="oc-219">
         <name>.text.DL_I2C_setControllerTXFIFOThreshold</name>
         <load_address>0x4a90</load_address>
         <readonly>true</readonly>
         <executable>true</executable>
         <run_address>0x4a90</run_address>
         <size>0x28</size>
         <alignment>0x4</alignment>
         <input_file_ref idref="fl-1"/>
      </object_component>
      <object_component id="oc-3a">
         <name>.text.TIMG0_IRQHandler</name>
         <load_address>0x4ab8</load_address>
         <readonly>true</readonly>
         <executable>true</executable>
         <run_address>0x4ab8</run_address>
         <size>0x28</size>
         <alignment>0x4</alignment>
         <input_file_ref idref="fl-3"/>
      </object_component>
      <object_component id="oc-3b">
         <name>.text.TIMG6_IRQHandler</name>
         <load_address>0x4ae0</load_address>
         <readonly>true</readonly>
         <executable>true</executable>
         <run_address>0x4ae0</run_address>
         <size>0x28</size>
         <alignment>0x4</alignment>
         <input_file_ref idref="fl-3"/>
      </object_component>
      <object_component id="oc-1d3">
         <name>.text._ZL19DL_Common_updateRegPVjjj</name>
         <load_address>0x4b08</load_address>
         <readonly>true</readonly>
         <executable>true</executable>
         <run_address>0x4b08</run_address>
         <size>0x28</size>
         <alignment>0x2</alignment>
         <input_file_ref idref="fl-8"/>
      </object_component>
      <object_component id="oc-265">
         <name>.text._ZL19DL_Common_updateRegPVjjj</name>
         <load_address>0x4b30</load_address>
         <readonly>true</readonly>
         <executable>true</executable>
         <run_address>0x4b30</run_address>
         <size>0x28</size>
         <alignment>0x2</alignment>
         <input_file_ref idref="fl-9"/>
      </object_component>
      <object_component id="oc-120">
         <name>.text._ZN3PIDC2Efff</name>
         <load_address>0x4b58</load_address>
         <readonly>true</readonly>
         <executable>true</executable>
         <run_address>0x4b58</run_address>
         <size>0x28</size>
         <alignment>0x2</alignment>
         <input_file_ref idref="fl-a"/>
      </object_component>
      <object_component id="oc-8c">
         <name>.text.__cxx_global_var_init.2</name>
         <load_address>0x4b80</load_address>
         <readonly>true</readonly>
         <executable>true</executable>
         <run_address>0x4b80</run_address>
         <size>0x28</size>
         <alignment>0x4</alignment>
         <input_file_ref idref="fl-3"/>
      </object_component>
      <object_component id="oc-9e">
         <name>.text.__floatunsisf</name>
         <load_address>0x4ba8</load_address>
         <readonly>true</readonly>
         <executable>true</executable>
         <run_address>0x4ba8</run_address>
         <size>0x28</size>
         <alignment>0x4</alignment>
         <input_file_ref idref="fl-115"/>
      </object_component>
      <object_component id="oc-57">
         <name>.text:_c_int00_noargs</name>
         <load_address>0x4bd0</load_address>
         <readonly>true</readonly>
         <executable>true</executable>
         <run_address>0x4bd0</run_address>
         <size>0x28</size>
         <alignment>0x4</alignment>
         <input_file_ref idref="fl-3e"/>
      </object_component>
      <object_component id="oc-215">
         <name>.text.DL_I2C_setAnalogGlitchFilterPulseWidth</name>
         <load_address>0x4bf8</load_address>
         <readonly>true</readonly>
         <executable>true</executable>
         <run_address>0x4bf8</run_address>
         <size>0x26</size>
         <alignment>0x2</alignment>
         <input_file_ref idref="fl-1"/>
      </object_component>
      <object_component id="oc-214">
         <name>.text.DL_I2C_setClockConfig</name>
         <load_address>0x4c1e</load_address>
         <readonly>true</readonly>
         <executable>true</executable>
         <run_address>0x4c1e</run_address>
         <size>0x26</size>
         <alignment>0x2</alignment>
         <input_file_ref idref="fl-19"/>
      </object_component>
      <object_component id="oc-5e">
         <name>.text._GLOBAL__sub_I_main.cpp</name>
         <load_address>0x4c44</load_address>
         <readonly>true</readonly>
         <executable>true</executable>
         <run_address>0x4c44</run_address>
         <size>0x24</size>
         <alignment>0x2</alignment>
         <input_file_ref idref="fl-3"/>
      </object_component>
      <object_component id="oc-ca">
         <name>.text._ZL5delayj</name>
         <load_address>0x4c68</load_address>
         <readonly>true</readonly>
         <executable>true</executable>
         <run_address>0x4c68</run_address>
         <size>0x24</size>
         <alignment>0x4</alignment>
         <input_file_ref idref="fl-3"/>
      </object_component>
      <object_component id="oc-28b">
         <name>.text.__muldi3</name>
         <load_address>0x4c8c</load_address>
         <readonly>true</readonly>
         <executable>true</executable>
         <run_address>0x4c8c</run_address>
         <size>0x24</size>
         <alignment>0x4</alignment>
         <input_file_ref idref="fl-116"/>
      </object_component>
      <object_component id="oc-11e">
         <name>.text._ZN7MPU6050C2EP8I2C_Regs</name>
         <load_address>0x4cb0</load_address>
         <readonly>true</readonly>
         <executable>true</executable>
         <run_address>0x4cb0</run_address>
         <size>0x22</size>
         <alignment>0x2</alignment>
         <input_file_ref idref="fl-8"/>
      </object_component>
      <object_component id="oc-278">
         <name>.text.memccpy</name>
         <load_address>0x4cd2</load_address>
         <readonly>true</readonly>
         <executable>true</executable>
         <run_address>0x4cd2</run_address>
         <size>0x22</size>
         <alignment>0x2</alignment>
         <input_file_ref idref="fl-54"/>
      </object_component>
      <object_component id="oc-1eb">
         <name>.text.DL_GPIO_initPeripheralInputFunction</name>
         <load_address>0x4cf4</load_address>
         <readonly>true</readonly>
         <executable>true</executable>
         <run_address>0x4cf4</run_address>
         <size>0x20</size>
         <alignment>0x4</alignment>
         <input_file_ref idref="fl-1"/>
      </object_component>
      <object_component id="oc-1f3">
         <name>.text.DL_SYSCTL_setFlashWaitState</name>
         <load_address>0x4d14</load_address>
         <readonly>true</readonly>
         <executable>true</executable>
         <run_address>0x4d14</run_address>
         <size>0x20</size>
         <alignment>0x4</alignment>
         <input_file_ref idref="fl-1"/>
      </object_component>
      <object_component id="oc-1fe">
         <name>.text.DL_SYSCTL_setHFCLKDividerForMFPCLK</name>
         <load_address>0x4d34</load_address>
         <readonly>true</readonly>
         <executable>true</executable>
         <run_address>0x4d34</run_address>
         <size>0x20</size>
         <alignment>0x4</alignment>
         <input_file_ref idref="fl-1"/>
      </object_component>
      <object_component id="oc-201">
         <name>.text.DL_SYSCTL_setMFPCLKSource</name>
         <load_address>0x4d54</load_address>
         <readonly>true</readonly>
         <executable>true</executable>
         <run_address>0x4d54</run_address>
         <size>0x20</size>
         <alignment>0x4</alignment>
         <input_file_ref idref="fl-1"/>
      </object_component>
      <object_component id="oc-226">
         <name>.text.DL_UART_setOversampling</name>
         <load_address>0x4d74</load_address>
         <readonly>true</readonly>
         <executable>true</executable>
         <run_address>0x4d74</run_address>
         <size>0x1e</size>
         <alignment>0x2</alignment>
         <input_file_ref idref="fl-1"/>
      </object_component>
      <object_component id="oc-2c1">
         <name>.text.__ashldi3</name>
         <load_address>0x4d94</load_address>
         <readonly>true</readonly>
         <executable>true</executable>
         <run_address>0x4d94</run_address>
         <size>0x1e</size>
         <alignment>0x4</alignment>
         <input_file_ref idref="fl-121"/>
      </object_component>
      <object_component id="oc-1f0">
         <name>.text.DL_GPIO_clearInterruptStatus</name>
         <load_address>0x4db4</load_address>
         <readonly>true</readonly>
         <executable>true</executable>
         <run_address>0x4db4</run_address>
         <size>0x1c</size>
         <alignment>0x4</alignment>
         <input_file_ref idref="fl-1"/>
      </object_component>
      <object_component id="oc-1ea">
         <name>.text.DL_GPIO_enableHiZ</name>
         <load_address>0x4dd0</load_address>
         <readonly>true</readonly>
         <executable>true</executable>
         <run_address>0x4dd0</run_address>
         <size>0x1c</size>
         <alignment>0x4</alignment>
         <input_file_ref idref="fl-1"/>
      </object_component>
      <object_component id="oc-1f1">
[...]
         <value>0x3d1b</value>
         <object_component_ref idref="oc-129"/>
      </symbol>
      <symbol id="sm-2dc">
         <name>DL_I2C_flushControllerTXFIFO</name>
         <value>0x45dd</value>
         <object_component_ref idref="oc-133"/>
      </symbol>
      <symbol id="sm-2f8">
         <name>DL_Timer_setClockConfig</name>
         <value>0x4e95</value>
         <object_component_ref idref="oc-205"/>
      </symbol>
      <symbol id="sm-2f9">
         <name>DL_Timer_initTimerMode</name>
         <value>0x2b39</value>
         <object_component_ref idref="oc-20e"/>
      </symbol>
      <symbol id="sm-2fa">
         <name>DL_Timer_setCaptureCompareValue</name>
         <value>0x5369</value>
         <object_component_ref idref="oc-189"/>
      </symbol>
      <symbol id="sm-2fb">
         <name>DL_Timer_setCaptCompUpdateMethod</name>
         <value>0x4e79</value>
         <object_component_ref idref="oc-209"/>
      </symbol>
      <symbol id="sm-2fc">
         <name>DL_Timer_setCaptureCompareOutCtl</name>
         <value>0x5071</value>
         <object_component_ref idref="oc-208"/>
      </symbol>
      <symbol id="sm-2fd">
         <name>DL_Timer_initFourCCPWMMode</name>
         <value>0x2845</value>
         <object_component_ref idref="oc-206"/>
      </symbol>
      <symbol id="sm-30a">
         <name>DL_UART_init</name>
         <value>0x4311</value>
         <object_component_ref idref="oc-225"/>
      </symbol>
      <symbol id="sm-30b">
         <name>DL_UART_setClockConfig</name>
         <value>0x52ed</value>
         <object_component_ref idref="oc-21f"/>
      </symbol>
      <symbol id="sm-319">
         <name>DL_SYSCTL_configSYSPLL</name>
         <value>0x2d05</value>
         <object_component_ref idref="oc-1f7"/>
      </symbol>
      <symbol id="sm-31a">
         <name>DL_SYSCTL_switchMCLKfromSYSOSCtoHSCLK</name>
         <value>0x4359</value>
         <object_component_ref idref="oc-202"/>
      </symbol>
      <symbol id="sm-32b">
         <name>snprintf</name>
         <value>0x4279</value>
         <object_component_ref idref="oc-1a4"/>
      </symbol>
      <symbol id="sm-339">
         <name>atan2f</name>
         <value>0x240d</value>
         <object_component_ref idref="oc-af"/>
      </symbol>
      <symbol id="sm-343">
         <name>sqrtf</name>
         <value>0x3409</value>
         <object_component_ref idref="oc-ab"/>
      </symbol>
      <symbol id="sm-357">
         <name>atanf</name>
         <value>0x1a3d</value>
         <object_component_ref idref="oc-13d"/>
      </symbol>
      <symbol id="sm-35f">
         <name>strcmp</name>
         <value>0x35d1</value>
         <object_component_ref idref="oc-190"/>
      </symbol>
      <symbol id="sm-36a">
         <name>__aeabi_errno_addr</name>
         <value>0x5465</value>
         <object_component_ref idref="oc-135"/>
      </symbol>
      <symbol id="sm-36b">
         <name>__aeabi_errno</name>
         <value>0x20200260</value>
         <object_component_ref idref="oc-1d4"/>
      </symbol>
      <symbol id="sm-378">
         <name>ltoa</name>
         <value>0x3f91</value>
         <object_component_ref idref="oc-198"/>
      </symbol>
      <symbol id="sm-382">
         <name>strlen</name>
         <value>0x53f5</value>
         <object_component_ref idref="oc-19c"/>
      </symbol>
      <symbol id="sm-38d">
         <name>_c_int00_noargs</name>
         <value>0x4bd1</value>
         <object_component_ref idref="oc-57"/>
      </symbol>
      <symbol id="sm-38e">
         <name>__stack</name>
         <value>0x20207e00</value>
         <object_component_ref idref="oc-1a"/>
      </symbol>
      <symbol id="sm-39d">
         <name>__TI_auto_init_nobinit</name>
         <value>0x4095</value>
         <object_component_ref idref="oc-110"/>
      </symbol>
      <symbol id="sm-3a5">
         <name>_system_pre_init</name>
         <value>0x54c1</value>
         <object_component_ref idref="oc-7b"/>
      </symbol>
      <symbol id="sm-3b0">
         <name>__TI_zero_init_nomemset</name>
         <value>0x51bd</value>
         <object_component_ref idref="oc-4e"/>
      </symbol>
      <symbol id="sm-3b9">
         <name>__TI_decompress_none</name>
         <value>0x5335</value>
         <object_component_ref idref="oc-20"/>
      </symbol>
      <symbol id="sm-3c4">
         <name>__TI_decompress_lzss</name>
         <value>0x3865</value>
         <object_component_ref idref="oc-1c"/>
      </symbol>
      <symbol id="sm-40d">
         <name>__TI_printfi</name>
         <value>0xc1</value>
         <object_component_ref idref="oc-273"/>
      </symbol>
      <symbol id="sm-41c">
         <name>frexp</name>
         <value>0x3dd5</value>
         <object_component_ref idref="oc-2a9"/>
      </symbol>
      <symbol id="sm-41d">
         <name>frexpl</name>
         <value>0x3dd5</value>
         <object_component_ref idref="oc-2a9"/>
      </symbol>
      <symbol id="sm-427">
         <name>scalbn</name>
         <value>0x2eb9</value>
         <object_component_ref idref="oc-2ad"/>
      </symbol>
      <symbol id="sm-428">
         <name>ldexp</name>
         <value>0x2eb9</value>
         <object_component_ref idref="oc-2ad"/>
      </symbol>
      <symbol id="sm-429">
         <name>scalbnl</name>
         <value>0x2eb9</value>
         <object_component_ref idref="oc-2ad"/>
      </symbol>
      <symbol id="sm-42a">
         <name>ldexpl</name>
         <value>0x2eb9</value>
         <object_component_ref idref="oc-2ad"/>
      </symbol>
      <symbol id="sm-433">
         <name>wcslen</name>
         <value>0x53c9</value>
         <object_component_ref idref="oc-287"/>
      </symbol>
      <symbol id="sm-43d">
         <name>abort</name>
         <value>0x5491</value>
         <object_component_ref idref="oc-103"/>
      </symbol>
      <symbol id="sm-447">
         <name>__TI_ltoa</name>
         <value>0x3ee1</value>
         <object_component_ref idref="oc-2b1"/>
      </symbol>
      <symbol id="sm-452">
         <name>atoi</name>
         <value>0x4561</value>
         <object_component_ref idref="oc-283"/>
      </symbol>
      <symbol id="sm-45b">
         <name>memccpy</name>
         <value>0x4cd3</value>
         <object_component_ref idref="oc-278"/>
      </symbol>
      <symbol id="sm-45e">
         <name>__aeabi_ctype_table_</name>
         <value>0x5d00</value>
         <object_component_ref idref="oc-29c"/>
      </symbol>
      <symbol id="sm-45f">
         <name>__aeabi_ctype_table_C</name>
         <value>0x5d00</value>
         <object_component_ref idref="oc-29c"/>
      </symbol>
      <symbol id="sm-468">
         <name>HOSTexit</name>
         <value>0x35cd</value>
         <object_component_ref idref="oc-1c0"/>
      </symbol>
      <symbol id="sm-469">
         <name>C$$EXIT</name>
         <value>0x35cc</value>
         <object_component_ref idref="oc-1c0"/>
      </symbol>
      <symbol id="sm-47e">
         <name>__aeabi_fadd</name>
         <value>0x2f9b</value>
         <object_component_ref idref="oc-a7"/>
      </symbol>
      <symbol id="sm-47f">
         <name>__addsf3</name>
         <value>0x2f9b</value>
         <object_component_ref idref="oc-a7"/>
      </symbol>
      <symbol id="sm-480">
         <name>__aeabi_fsub</name>
         <value>0x2f91</value>
         <object_component_ref idref="oc-a7"/>
      </symbol>
      <symbol id="sm-481">
         <name>__subsf3</name>
         <value>0x2f91</value>
         <object_component_ref idref="oc-a7"/>
      </symbol>
      <symbol id="sm-48a">
         <name>__aeabi_dadd</name>
         <value>0x1db7</value>
         <object_component_ref idref="oc-1b8"/>
      </symbol>
      <symbol id="sm-48b">
         <name>__adddf3</name>
         <value>0x1db7</value>
         <object_component_ref idref="oc-1b8"/>
      </symbol>
      <symbol id="sm-48c">
         <name>__aeabi_dsub</name>
         <value>0x1dad</value>
         <object_component_ref idref="oc-1b8"/>
      </symbol>
      <symbol id="sm-48d">
         <name>__subdf3</name>
         <value>0x1dad</value>
         <object_component_ref idref="oc-1b8"/>
      </symbol>
      <symbol id="sm-496">
         <name>__aeabi_dmul</name>
         <value>0x2c21</value>
         <object_component_ref idref="oc-181"/>
      </symbol>
      <symbol id="sm-497">
         <name>__muldf3</name>
         <value>0x2c21</value>
         <object_component_ref idref="oc-181"/>
      </symbol>
      <symbol id="sm-49d">
         <name>__muldsi3</name>
         <value>0x4745</value>
         <object_component_ref idref="oc-122"/>
      </symbol>
      <symbol id="sm-4a3">
         <name>__aeabi_fmul</name>
         <value>0x3541</value>
         <object_component_ref idref="oc-96"/>
      </symbol>
      <symbol id="sm-4a4">
         <name>__mulsf3</name>
         <value>0x3541</value>
         <object_component_ref idref="oc-96"/>
      </symbol>
      <symbol id="sm-4aa">
         <name>__aeabi_fdiv</name>
         <value>0x3761</value>
         <object_component_ref idref="oc-9a"/>
      </symbol>
      <symbol id="sm-4ab">
         <name>__divsf3</name>
         <value>0x3761</value>
         <object_component_ref idref="oc-9a"/>
      </symbol>
      <symbol id="sm-4b4">
         <name>__aeabi_ddiv</name>
         <value>0x2631</value>
         <object_component_ref idref="oc-17d"/>
      </symbol>
      <symbol id="sm-4b5">
         <name>__divdf3</name>
         <value>0x2631</value>
         <object_component_ref idref="oc-17d"/>
      </symbol>
      <symbol id="sm-4bb">
         <name>__aeabi_f2d</name>
         <value>0x4521</value>
         <object_component_ref idref="oc-e8"/>
      </symbol>
      <symbol id="sm-4bc">
         <name>__extendsfdf2</name>
         <value>0x4521</value>
         <object_component_ref idref="oc-e8"/>
      </symbol>
      <symbol id="sm-4c2">
         <name>__aeabi_d2iz</name>
         <value>0x42c5</value>
         <object_component_ref idref="oc-185"/>
      </symbol>
      <symbol id="sm-4c3">
         <name>__fixdfsi</name>
         <value>0x42c5</value>
         <object_component_ref idref="oc-185"/>
      </symbol>
      <symbol id="sm-4c9">
         <name>__aeabi_f2iz</name>
         <value>0x4781</value>
         <object_component_ref idref="oc-194"/>
      </symbol>
      <symbol id="sm-4ca">
         <name>__fixsfsi</name>
         <value>0x4781</value>
         <object_component_ref idref="oc-194"/>
      </symbol>
      <symbol id="sm-4d0">
         <name>__aeabi_f2uiz</name>
         <value>0x4821</value>
         <object_component_ref idref="oc-1a0"/>
      </symbol>
      <symbol id="sm-4d1">
         <name>__fixunssfsi</name>
         <value>0x4821</value>
         <object_component_ref idref="oc-1a0"/>
      </symbol>
      <symbol id="sm-4d7">
         <name>__aeabi_i2d</name>
         <value>0x49e9</value>
         <object_component_ref idref="oc-2b5"/>
      </symbol>
      <symbol id="sm-4d8">
         <name>__floatsidf</name>
         <value>0x49e9</value>
         <object_component_ref idref="oc-2b5"/>
      </symbol>
      <symbol id="sm-4de">
         <name>__aeabi_i2f</name>
         <value>0x4691</value>
         <object_component_ref idref="oc-92"/>
      </symbol>
      <symbol id="sm-4df">
         <name>__floatsisf</name>
         <value>0x4691</value>
         <object_component_ref idref="oc-92"/>
      </symbol>
      <symbol id="sm-4e5">
         <name>__aeabi_ui2f</name>
         <value>0x4ba9</value>
         <object_component_ref idref="oc-9e"/>
      </symbol>
      <symbol id="sm-4e6">
         <name>__floatunsisf</name>
         <value>0x4ba9</value>
         <object_component_ref idref="oc-9e"/>
      </symbol>
      <symbol id="sm-4ec">
         <name>__aeabi_lmul</name>
         <value>0x4c8d</value>
         <object_component_ref idref="oc-28b"/>
      </symbol>
      <symbol id="sm-4ed">
         <name>__muldi3</name>
         <value>0x4c8d</value>
         <object_component_ref idref="oc-28b"/>
      </symbol>
      <symbol id="sm-4f4">
         <name>__aeabi_d2f</name>
         <value>0x3a41</value>
         <object_component_ref idref="oc-1bc"/>
      </symbol>
      <symbol id="sm-4f5">
         <name>__truncdfsf2</name>
         <value>0x3a41</value>
         <object_component_ref idref="oc-1bc"/>
      </symbol>
      <symbol id="sm-4fb">
         <name>__aeabi_dcmpeq</name>
         <value>0x3c55</value>
         <object_component_ref idref="oc-ec"/>
      </symbol>
      <symbol id="sm-4fc">
         <name>__aeabi_dcmplt</name>
         <value>0x3c69</value>
         <object_component_ref idref="oc-ec"/>
      </symbol>
      <symbol id="sm-4fd">
         <name>__aeabi_dcmple</name>
         <value>0x3c7d</value>
         <object_component_ref idref="oc-ec"/>
      </symbol>
      <symbol id="sm-4fe">
         <name>__aeabi_dcmpge</name>
         <value>0x3c91</value>
         <object_component_ref idref="oc-ec"/>
      </symbol>
      <symbol id="sm-4ff">
         <name>__aeabi_dcmpgt</name>
         <value>0x3ca5</value>
         <object_component_ref idref="oc-ec"/>
      </symbol>
      <symbol id="sm-505">
         <name>__aeabi_fcmpeq</name>
         <value>0x3cb9</value>
         <object_component_ref idref="oc-b4"/>
      </symbol>
      <symbol id="sm-506">
         <name>__aeabi_fcmplt</name>
         <value>0x3ccd</value>
         <object_component_ref idref="oc-b4"/>
      </symbol>
      <symbol id="sm-507">
         <name>__aeabi_fcmple</name>
         <value>0x3ce1</value>
         <object_component_ref idref="oc-b4"/>
      </symbol>
      <symbol id="sm-508">
         <name>__aeabi_fcmpge</name>
         <value>0x3cf5</value>
         <object_component_ref idref="oc-b4"/>
      </symbol>
      <symbol id="sm-509">
         <name>__aeabi_fcmpgt</name>
         <value>0x3d09</value>
         <object_component_ref idref="oc-b4"/>
      </symbol>
      <symbol id="sm-50f">
         <name>__aeabi_idiv</name>
         <value>0x3fe9</value>
         <object_component_ref idref="oc-240"/>
      </symbol>
      <symbol id="sm-510">
         <name>__aeabi_idivmod</name>
         <value>0x3fe9</value>
         <object_component_ref idref="oc-240"/>
      </symbol>
      <symbol id="sm-516">
         <name>__aeabi_memcpy</name>
         <value>0x546d</value>
         <object_component_ref idref="oc-47"/>
      </symbol>
      <symbol id="sm-517">
         <name>__aeabi_memcpy4</name>
         <value>0x546d</value>
         <object_component_ref idref="oc-47"/>
      </symbol>
      <symbol id="sm-518">
         <name>__aeabi_memcpy8</name>
         <value>0x546d</value>
         <object_component_ref idref="oc-47"/>
      </symbol>
      <symbol id="sm-51f">
         <name>__aeabi_memset</name>
         <value>0x53d9</value>
         <object_component_ref idref="oc-18f"/>
      </symbol>
      <symbol id="sm-520">
         <name>__aeabi_memset4</name>
         <value>0x53d9</value>
         <object_component_ref idref="oc-18f"/>
      </symbol>
      <symbol id="sm-521">
         <name>__aeabi_memset8</name>
         <value>0x53d9</value>
         <object_component_ref idref="oc-18f"/>
      </symbol>
      <symbol id="sm-527">
         <name>__aeabi_uidiv</name>
         <value>0x44e1</value>
         <object_component_ref idref="oc-27d"/>
      </symbol>
      <symbol id="sm-528">
         <name>__aeabi_uidivmod</name>
         <value>0x44e1</value>
         <object_component_ref idref="oc-27d"/>
      </symbol>
      <symbol id="sm-52e">
         <name>__aeabi_uldivmod</name>
         <value>0x529d</value>
         <object_component_ref idref="oc-290"/>
      </symbol>
      <symbol id="sm-537">
         <name>__eqsf2</name>
         <value>0x4709</value>
         <object_component_ref idref="oc-146"/>
      </symbol>
      <symbol id="sm-538">
         <name>__lesf2</name>
         <value>0x4709</value>
         <object_component_ref idref="oc-146"/>
      </symbol>
      <symbol id="sm-539">
         <name>__ltsf2</name>
         <value>0x4709</value>
         <object_component_ref idref="oc-146"/>
      </symbol>
      <symbol id="sm-53a">
         <name>__nesf2</name>
         <value>0x4709</value>
         <object_component_ref idref="oc-146"/>
      </symbol>
      <symbol id="sm-53b">
         <name>__cmpsf2</name>
         <value>0x4709</value>
         <object_component_ref idref="oc-146"/>
      </symbol>
      <symbol id="sm-53c">
         <name>__gtsf2</name>
         <value>0x46cd</value>
         <object_component_ref idref="oc-14b"/>
      </symbol>
      <symbol id="sm-53d">
         <name>__gesf2</name>
         <value>0x46cd</value>
         <object_component_ref idref="oc-14b"/>
      </symbol>
      <symbol id="sm-543">
         <name>__udivmoddi4</name>
         <value>0x3365</value>
         <object_component_ref idref="oc-2a4"/>
      </symbol>
      <symbol id="sm-549">
         <name>__aeabi_llsl</name>
         <value>0x4d95</value>
         <object_component_ref idref="oc-2c1"/>
      </symbol>
      <symbol id="sm-54a">
         <name>__ashldi3</name>
         <value>0x4d95</value>
         <object_component_ref idref="oc-2c1"/>
      </symbol>
      <symbol id="sm-558">
         <name>__ledf2</name>
         <value>0x3b21</value>
         <object_component_ref idref="oc-1b0"/>
      </symbol>
      <symbol id="sm-559">
         <name>__gedf2</name>
         <value>0x39cd</value>
         <object_component_ref idref="oc-1b6"/>
      </symbol>
      <symbol id="sm-55a">
         <name>__cmpdf2</name>
         <value>0x3b21</value>
         <object_component_ref idref="oc-1b0"/>
      </symbol>
      <symbol id="sm-55b">
         <name>__eqdf2</name>
         <value>0x3b21</value>
         <object_component_ref idref="oc-1b0"/>
      </symbol>
      <symbol id="sm-55c">
         <name>__ltdf2</name>
         <value>0x3b21</value>
         <object_component_ref idref="oc-1b0"/>
      </symbol>
      <symbol id="sm-55d">
         <name>__nedf2</name>
         <value>0x3b21</value>
         <object_component_ref idref="oc-1b0"/>
      </symbol>
      <symbol id="sm-55e">
         <name>__gtdf2</name>
         <value>0x39cd</value>
         <object_component_ref idref="oc-1b6"/>
      </symbol>
      <symbol id="sm-56a">
         <name>__aeabi_idiv0</name>
         <value>0xdff</value>
         <object_component_ref idref="oc-266"/>
      </symbol>
      <symbol id="sm-56b">
         <name>__aeabi_ldiv0</name>
         <value>0x1f3f</value>
         <object_component_ref idref="oc-2c0"/>
      </symbol>
      <symbol id="sm-575">
         <name>TI_memcpy_small</name>
         <value>0x5323</value>
         <object_component_ref idref="oc-bb"/>
      </symbol>
      <symbol id="sm-57e">
         <name>TI_memset_small</name>
         <value>0x5403</value>
         <object_component_ref idref="oc-14e"/>
      </symbol>
      <symbol id="sm-57f">
         <name>__TI_static_base__</name>
         <value>0x0</value>
      </symbol>
      <symbol id="sm-583">
         <name>__mpu_init</name>
         <value>0x0</value>
      </symbol>
      <symbol id="sm-584">
         <name>_system_post_cinit</name>
         <value>0x0</value>
      </symbol>
   </symbol_table>
   <title>Link successful</title>
</link_info>
