******************************************************************************
            TI ARM Clang Linker PC v4.0.3                      
******************************************************************************
>> Linked Fri Aug  1 14:58:54 2025

OUTPUT FILE NAME:   <TI_2025_Vehicle.out>
ENTRY POINT SYMBOL: "_c_int00_noargs"  address: 00004bd1


MEMORY CONFIGURATION

         name            origin    length      used     unused   attr    fill
----------------------  --------  ---------  --------  --------  ----  --------
  FLASH                 00000000   00020000  00005f68  0001a098  R  X
  SRAM                  20200000   00008000  0000046d  00007b93  RW X
  BCR_CONFIG            41c00000   000000ff  00000000  000000ff  R   
  BSL_CONFIG            41c00100   00000080  00000000  00000080  R   


SEGMENT ALLOCATION MAP

run origin  load origin   length   init length attrs members
----------  ----------- ---------- ----------- ----- -------
00000000    00000000    00005f68   00005f68    r-x
  00000000    00000000    000000c0   000000c0    r-- .intvecs
  000000c0    000000c0    00005410   00005410    r-x .text
  000054d0    000054d0    00000a60   00000a60    r-- .rodata
  00005f30    00005f30    00000008   00000008    r-- .init_array
  00005f38    00005f38    00000030   00000030    r-- .cinit
20200000    20200000    0000026d   00000000    rw-
  20200000    20200000    000001a0   00000000    rw- .bss
  202001a0    202001a0    000000cd   00000000    rw- .data
20207e00    20207e00    00000200   00000000    rw-
  20207e00    20207e00    00000200   00000000    rw- .stack


SECTION ALLOCATION MAP

 output                                  attributes/
section   page    origin      length       input sections
--------  ----  ----------  ----------   ----------------
.intvecs   0    00000000    000000c0     
                  00000000    000000c0     startup_mspm0g350x_ticlang.o (.intvecs)

.binit     0    00000000    00000000     

.text      0    000000c0    00005410     
                  000000c0    000009d0     libc.a : _printfi.c.obj (.text:__TI_printfi)
                  00000a90    0000036e     mpu6050.o (.text._ZN7MPU60505beginEhhhb)
                  00000dfe    00000002     libclang_rt.builtins.a : aeabi_div0.c.obj (.text.__aeabi_idiv0)
                  00000e00    0000023c     ti_msp_dl_config.o (.text.SYSCFG_DL_GPIO_init)
                  0000103c    00000224     main.o (.text.main)
                  00001260    00000220     libc.a : _printfi.c.obj (.text._pconv_a)
                  00001480    00000218     oled.o (.text._ZN4OLED8printVarEhhfPKchb)
                  00001698    000001dc     libc.a : _printfi.c.obj (.text._pconv_g)
                  00001874    000001c8     mpu6050.o (.text._ZN7MPU605011updateEulerEv)
                  00001a3c    000001c8     libc.a : s_atanf.c.obj (.text.atanf)
                  00001c04    000001a8     oled.o (.text._ZN4OLED9printTextEhhPKch)
                  00001dac    00000192     libclang_rt.builtins.a : adddf3.S.obj (.text.adddf3_subdf3)
                  00001f3e    00000002                            : aeabi_div0.c.obj (.text.__aeabi_ldiv0)
                  00001f40    00000140     mpu6050.o (.text._ZN7MPU60507rawConvERK11MPU6050_RawPf)
                  00002080    0000013c     libc.a : _printfi.c.obj (.text.fcvt)
                  000021bc    00000130     pid.o (.text._ZN3PID4calcEfffNS_6OptionE)
                  000022ec    00000120     libc.a : _printfi.c.obj (.text._pconv_e)
                  0000240c    00000118            : e_atan2f.c.obj (.text.atan2f)
                  00002524    0000010c     main.o (.text._Z4turnv)
                  00002630    0000010c     libclang_rt.builtins.a : divdf3.S.obj (.text.__divdf3)
                  0000273c    00000108     oled.o (.text._ZN4OLED5beginEv)
                  00002844    00000104     driverlib.a : dl_timer.o (.text.DL_Timer_initFourCCPWMMode)
                  00002948    000000fa     mpu6050.o (.text._ZN7MPU60509calibrateEt)
                  00002a42    000000f6     mpu6050.o (.text._ZN7MPU605010getRawDataEv)
                  00002b38    000000e8     driverlib.a : dl_timer.o (.text.DL_Timer_initTimerMode)
                  00002c20    000000e4     libclang_rt.builtins.a : muldf3.S.obj (.text.__muldf3)
                  00002d04    000000dc     driverlib.a : dl_sysctl_mspm0g1x0x_g3x0x.o (.text.DL_SYSCTL_configSYSPLL)
                  00002de0    000000d8     ti_msp_dl_config.o (.text.SYSCFG_DL_TIMA0_PWM_init)
                  00002eb8    000000d8     libc.a : s_scalbn.c.obj (.text.scalbn)
                  00002f90    000000d8     libclang_rt.builtins.a : addsf3.S.obj (.text)
                  00003068    000000d4     ti_msp_dl_config.o (.text.SYSCFG_DL_initPower)
                  0000313c    000000bc     motor.o (.text._ZN5Motor7setDutyEf)
                  000031f8    000000b8     mpu6050.o (.text._ZN7MPU60505getIDEv)
                  000032b0    000000b2     mpu6050.o (.text._ZN7MPU60506clrIntEv)
                  00003362    00000002     --HOLE-- [fill = 0]
                  00003364    000000a2     libclang_rt.builtins.a : udivmoddi4.S.obj (.text)
                  00003406    00000002     --HOLE-- [fill = 0]
                  00003408    000000a0     libc.a : e_sqrtf.c.obj (.text.sqrtf)
                  000034a8    00000098     main.o (.text.GROUP1_IRQHandler)
                  00003540    0000008c     libclang_rt.builtins.a : mulsf3.S.obj (.text.__mulsf3)
                  000035cc    00000004     libsysbm.a : hostexit.c.obj (.text.HOSTexit)
                  000035d0    00000088     libc.a : strcmp-armv6m.S.obj (.text:strcmp)
                  00003658    00000084     oled.o (.text._ZN4OLED5clearEv)
                  000036dc    00000084     ti_msp_dl_config.o (.text.__NVIC_SetPriority)
                  00003760    00000082     libclang_rt.builtins.a : divsf3.S.obj (.text.__divsf3)
                  000037e2    00000080     oled.o (.text._ZN4OLED9setCursorEhh)
                  00003862    00000002     --HOLE-- [fill = 0]
                  00003864    0000007c     libc.a : copy_decompress_lzss.c.obj (.text:decompress:lzss)
                  000038e0    00000076     oled.o (.text._ZN4OLED12writeCommandEh)
                  00003956    00000076     oled.o (.text._ZN4OLED9writeDataEh)
                  000039cc    00000074     libclang_rt.builtins.a : comparedf2.c.obj (.text.__gedf2)
                  00003a40    00000074                            : truncdfsf2.S.obj (.text.__truncdfsf2)
                  00003ab4    0000006c     motor.o (.text._ZN5Motor6setDirENS_11MOTOR_Dir_tE)
                  00003b20    00000068     libclang_rt.builtins.a : comparedf2.c.obj (.text.__ledf2)
                  00003b88    00000066     libc.a : _printfi.c.obj (.text._mcpy)
                  00003bee    00000002     --HOLE-- [fill = 0]
                  00003bf0    00000064     encoder.o (.text._ZN7Encoder6updateEv)
                  00003c54    00000062     libclang_rt.builtins.a : aeabi_dcmp.S.obj (.text.__aeabi_dcmp)
                  00003cb6    00000002     --HOLE-- [fill = 0]
                  00003cb8    00000062                            : aeabi_fcmp.S.obj (.text.__aeabi_fcmp)
                  00003d1a    0000005e     driverlib.a : dl_i2c.o (.text.DL_I2C_fillControllerTXFIFO)
                  00003d78    0000005c     ti_msp_dl_config.o (.text.SYSCFG_DL_SYSCTL_init)
                  00003dd4    0000005c     libc.a : s_frexp.c.obj (.text.frexp)
                  00003e30    00000058     ti_msp_dl_config.o (.text.SYSCFG_DL_I2C_0_init)
                  00003e88    00000058     ti_msp_dl_config.o (.text.SYSCFG_DL_I2C_1_init)
                  00003ee0    00000058     libc.a : _ltoa.c.obj (.text.__TI_ltoa)
                  00003f38    00000058            : _printfi.c.obj (.text._pconv_f)
                  00003f90    00000058            : ltoa.c.obj (.text.ltoa)
                  00003fe8    00000056     libclang_rt.builtins.a : aeabi_idivmod.S.obj (.text.__aeabi_idivmod)
                  0000403e    00000002     --HOLE-- [fill = 0]
                  00004040    00000054     ti_msp_dl_config.o (.text.SYSCFG_DL_init)
                  00004094    00000054     libc.a : autoinit.c.obj (.text:__TI_auto_init_nobinit)
                  000040e8    00000052            : _printfi.c.obj (.text._ecpy)
                  0000413a    00000002     --HOLE-- [fill = 0]
                  0000413c    00000050     ti_msp_dl_config.o (.text.SYSCFG_DL_UART1_JY901S_init)
                  0000418c    00000050     mpu6050.o (.text._ZL30DL_I2C_startControllerTransferP8I2C_Regsj27DL_I2C_CONTROLLER_DIRECTIONt)
                  000041dc    00000050     oled.o (.text._ZL30DL_I2C_startControllerTransferP8I2C_Regsj27DL_I2C_CONTROLLER_DIRECTIONt)
                  0000422c    0000004c     ti_msp_dl_config.o (.text.DL_UART_setBaudRateDivisor)
                  00004278    0000004c     libc.a : snprintf.c.obj (.text.snprintf)
                  000042c4    0000004a     libclang_rt.builtins.a : fixdfsi.S.obj (.text.__fixdfsi)
                  0000430e    00000002     --HOLE-- [fill = 0]
                  00004310    00000048     driverlib.a : dl_uart.o (.text.DL_UART_init)
                  00004358    00000044                 : dl_sysctl_mspm0g1x0x_g3x0x.o (.text.DL_SYSCTL_switchMCLKfromSYSOSCtoHSCLK)
                  0000439c    00000044     encoder.o (.text._ZN7Encoder5beginEv)
                  000043e0    00000040     ti_msp_dl_config.o (.text.SYSCFG_DL_TIMER_General_init)
                  00004420    00000040     ti_msp_dl_config.o (.text.SYSCFG_DL_UART0_DEBUG_init)
                  00004460    00000040     ti_msp_dl_config.o (.text.SYSCFG_DL_UART2_LCD_init)
                  000044a0    00000040     ti_msp_dl_config.o (.text.SYSCFG_DL_UART3_K230_init)
                  000044e0    00000040     libclang_rt.builtins.a : aeabi_uidivmod.S.obj (.text.__aeabi_uidivmod)
                  00004520    00000040                            : extendsfdf2.S.obj (.text.__extendsfdf2)
                  00004560    00000040     libc.a : atoi.c.obj (.text.atoi)
                  000045a0    0000003c     ti_msp_dl_config.o (.text.DL_GPIO_initPeripheralInputFunctionFeatures)
                  000045dc    0000003c     driverlib.a : dl_i2c.o (.text.DL_I2C_flushControllerTXFIFO)
                  00004618    0000003c     ti_msp_dl_config.o (.text.DL_Timer_setCounterControl)
                  00004654    0000003c     ti_msp_dl_config.o (.text.SYSCFG_DL_TIMER_ENC_init)
                  00004690    0000003c     libclang_rt.builtins.a : floatsisf.S.obj (.text.__floatsisf)
                  000046cc    0000003c                            : comparesf2.S.obj (.text.__gtsf2)
                  00004708    0000003a                            : comparesf2.S.obj (.text.__eqsf2)
                  00004742    00000002     --HOLE-- [fill = 0]
                  00004744    0000003a                            : muldsi3.S.obj (.text.__muldsi3)
                  0000477e    00000002     --HOLE-- [fill = 0]
                  00004780    00000038                            : fixsfsi.S.obj (.text.__fixsfsi)
                  000047b8    00000034     ti_msp_dl_config.o (.text.DL_GPIO_initDigitalInputFeatures)
                  000047ec    00000034     motor.o (.text._ZN5MotorC2EP9GPIO_RegsjjP12GPTIMER_Regs17DL_TIMER_CC_INDEX)
                  00004820    00000032     libclang_rt.builtins.a : fixunssfsi.S.obj (.text.__fixunssfsi)
                  00004852    00000030     libc.a : _printfi.c.obj (.text._fcpy)
                  00004882    00000030            : snprintf.c.obj (.text._outs)
                  000048b2    00000002     --HOLE-- [fill = 0]
                  000048b4    0000002c     encoder.o (.text._ZL16__NVIC_EnableIRQ4IRQn)
                  000048e0    0000002c     main.o (.text._ZL16__NVIC_EnableIRQ4IRQn)
                  0000490c    0000002c     encoder.o (.text._ZL22__NVIC_ClearPendingIRQ4IRQn)
                  00004938    0000002c     main.o (.text._ZL22__NVIC_ClearPendingIRQ4IRQn)
                  00004964    0000002c     main.o (.text.__cxx_global_var_init.1)
                  00004990    0000002c     main.o (.text.__cxx_global_var_init.3)
                  000049bc    0000002c     main.o (.text.__cxx_global_var_init.4)
                  000049e8    0000002c     libclang_rt.builtins.a : floatsidf.S.obj (.text.__floatsidf)
                  00004a14    0000002a     encoder.o (.text._ZN7EncoderC2E4IRQnS0_)
                  00004a3e    00000028     ti_msp_dl_config.o (.text.DL_Common_updateReg)
                  00004a66    00000002     --HOLE-- [fill = 0]
                  00004a68    00000028     ti_msp_dl_config.o (.text.DL_I2C_setControllerRXFIFOThreshold)
                  00004a90    00000028     ti_msp_dl_config.o (.text.DL_I2C_setControllerTXFIFOThreshold)
                  00004ab8    00000028     main.o (.text.TIMG0_IRQHandler)
                  00004ae0    00000028     main.o (.text.TIMG6_IRQHandler)
                  00004b08    00000028     mpu6050.o (.text._ZL19DL_Common_updateRegPVjjj)
                  00004b30    00000028     oled.o (.text._ZL19DL_Common_updateRegPVjjj)
                  00004b58    00000028     pid.o (.text._ZN3PIDC2Efff)
                  00004b80    00000028     main.o (.text.__cxx_global_var_init.2)
                  00004ba8    00000028     libclang_rt.builtins.a : floatunsisf.S.obj (.text.__floatunsisf)
                  00004bd0    00000028     libc.a : boot_cortex_m.c.obj (.text:_c_int00_noargs)
                  00004bf8    00000026     ti_msp_dl_config.o (.text.DL_I2C_setAnalogGlitchFilterPulseWidth)
                  00004c1e    00000026     driverlib.a : dl_i2c.o (.text.DL_I2C_setClockConfig)
                  00004c44    00000024     main.o (.text._GLOBAL__sub_I_main.cpp)
                  00004c68    00000024     main.o (.text._ZL5delayj)
                  00004c8c    00000024     libclang_rt.builtins.a : muldi3.S.obj (.text.__muldi3)
                  00004cb0    00000022     mpu6050.o (.text._ZN7MPU6050C2EP8I2C_Regs)
                  00004cd2    00000022     libc.a : memccpy.c.obj (.text.memccpy)
                  00004cf4    00000020     ti_msp_dl_config.o (.text.DL_GPIO_initPeripheralInputFunction)
                  00004d14    00000020     ti_msp_dl_config.o (.text.DL_SYSCTL_setFlashWaitState)
                  00004d34    00000020     ti_msp_dl_config.o (.text.DL_SYSCTL_setHFCLKDividerForMFPCLK)
                  00004d54    00000020     ti_msp_dl_config.o (.text.DL_SYSCTL_setMFPCLKSource)
                  00004d74    0000001e     ti_msp_dl_config.o (.text.DL_UART_setOversampling)
                  00004d92    00000002     --HOLE-- [fill = 0]
                  00004d94    0000001e     libclang_rt.builtins.a : ashldi3.S.obj (.text.__ashldi3)
                  00004db2    00000002     --HOLE-- [fill = 0]
                  00004db4    0000001c     ti_msp_dl_config.o (.text.DL_GPIO_clearInterruptStatus)
                  00004dd0    0000001c     ti_msp_dl_config.o (.text.DL_GPIO_enableHiZ)
                  00004dec    0000001c     ti_msp_dl_config.o (.text.DL_GPIO_enableInterrupt)
                  00004e08    0000001c     ti_msp_dl_config.o (.text.DL_GPIO_initPeripheralOutputFunction)
                  00004e24    0000001c     ti_msp_dl_config.o (.text.DL_SYSCTL_setSYSOSCFreq)
                  00004e40    0000001c     ti_msp_dl_config.o (.text.DL_SYSCTL_setULPCLKDivider)
                  00004e5c    0000001c     ti_msp_dl_config.o (.text.DL_Timer_enableInterrupt)
                  00004e78    0000001c     driverlib.a : dl_timer.o (.text.DL_Timer_setCaptCompUpdateMethod)
                  00004e94    0000001c                 : dl_timer.o (.text.DL_Timer_setClockConfig)
                  00004eb0    0000001c     ti_msp_dl_config.o (.text.DL_UART_enableInterrupt)
                  00004ecc    0000001c     main.o (.text._ZL28DL_GPIO_clearInterruptStatusP9GPIO_Regsj)
                  00004ee8    0000001c     mpu6050.o (.text._ZL30DL_I2C_isControllerRXFIFOEmptyPK8I2C_Regs)
                  00004f04    0000001c     main.o (.text.__cxx_global_var_init.7)
                  00004f20    00000018     ti_msp_dl_config.o (.text.DL_GPIO_enableOutput)
                  00004f38    00000018     ti_msp_dl_config.o (.text.DL_GPIO_enablePower)
                  00004f50    00000018     ti_msp_dl_config.o (.text.DL_GPIO_initDigitalOutput)
                  00004f68    00000018     ti_msp_dl_config.o (.text.DL_GPIO_reset)
                  00004f80    00000018     ti_msp_dl_config.o (.text.DL_GPIO_setUpperPinsPolarity)
                  00004f98    00000018     ti_msp_dl_config.o (.text.DL_I2C_enableAnalogGlitchFilter)
                  00004fb0    00000018     ti_msp_dl_config.o (.text.DL_I2C_enableController)
                  00004fc8    00000018     ti_msp_dl_config.o (.text.DL_I2C_enableControllerClockStretching)
                  00004fe0    00000018     ti_msp_dl_config.o (.text.DL_I2C_enablePower)
                  00004ff8    00000018     ti_msp_dl_config.o (.text.DL_I2C_reset)
                  00005010    00000018     ti_msp_dl_config.o (.text.DL_I2C_setTimerPeriod)
                  00005028    00000018     ti_msp_dl_config.o (.text.DL_SYSCTL_setBORThreshold)
                  00005040    00000018     ti_msp_dl_config.o (.text.DL_Timer_enablePower)
                  00005058    00000018     ti_msp_dl_config.o (.text.DL_Timer_reset)
                  00005070    00000018     driverlib.a : dl_timer.o (.text.DL_Timer_setCaptureCompareOutCtl)
                  00005088    00000018     ti_msp_dl_config.o (.text.DL_UART_enablePower)
                  000050a0    00000018     ti_msp_dl_config.o (.text.DL_UART_reset)
                  000050b8    00000018     motor.o (.text._ZL15DL_GPIO_setPinsP9GPIO_Regsj)
                  000050d0    00000018     encoder.o (.text._ZL21DL_Timer_startCounterP12GPTIMER_Regs)
                  000050e8    00000018     main.o (.text._ZL21DL_Timer_startCounterP12GPTIMER_Regs)
                  00005100    00000018     motor.o (.text._ZL21DL_Timer_startCounterP12GPTIMER_Regs)
                  00005118    00000018     main.o (.text._ZL29DL_Timer_clearInterruptStatusP12GPTIMER_Regsj)
                  00005130    00000018     main.o (.text._ZL33DL_GPIO_getEnabledInterruptStatusP9GPIO_Regsj)
                  00005148    00000018     oled.o (.text._ZN4OLEDC2EhP8I2C_Regs)
                  00005160    00000018     main.o (.text.__cxx_global_var_init.6)
                  00005178    00000018     libc.a : snprintf.c.obj (.text._outc)
                  00005190    00000016     ti_msp_dl_config.o (.text.DL_UART_enable)
                  000051a6    00000016     main.o (.text._ZL16DL_GPIO_readPinsP9GPIO_Regsj)
                  000051bc    00000016     libc.a : copy_zero_init.c.obj (.text:decompress:ZI:__TI_zero_init_nomemset)
                  000051d2    00000014     ti_msp_dl_config.o (.text.DL_GPIO_clearPins)
                  000051e6    00000002     --HOLE-- [fill = 0]
                  000051e8    00000014     ti_msp_dl_config.o (.text.DL_I2C_resetControllerTransfer)
                  000051fc    00000014     ti_msp_dl_config.o (.text.DL_SYSCTL_disableSYSPLL)
                  00005210    00000014     ti_msp_dl_config.o (.text.DL_SYSCTL_enableMFCLK)
                  00005224    00000014     ti_msp_dl_config.o (.text.DL_Timer_enableClock)
                  00005238    00000014     ti_msp_dl_config.o (.text.DL_Timer_setCCPDirection)
                  0000524c    00000014     motor.o (.text._ZL17DL_GPIO_clearPinsP9GPIO_Regsj)
                  00005260    00000014     mpu6050.o (.text._ZL26DL_I2C_getControllerStatusPK8I2C_Regs)
                  00005274    00000014     oled.o (.text._ZL26DL_I2C_getControllerStatusPK8I2C_Regs)
                  00005288    00000014     mpu6050.o (.text._ZL28DL_I2C_receiveControllerDataPK8I2C_Regs)
                  0000529c    00000014     libclang_rt.builtins.a : aeabi_uldivmod.S.obj (.text.__aeabi_uldivmod)
                  000052b0    00000014     main.o (.text.__cxx_global_var_init.5)
                  000052c4    00000014     main.o (.text.__cxx_global_var_init)
                  000052d8    00000014     libc.a : _printfi.c.obj (.text.strchr)
                  000052ec    00000012     driverlib.a : dl_uart.o (.text.DL_UART_setClockConfig)
                  000052fe    00000012     main.o (.text._ZL28DL_Timer_getPendingInterruptPK12GPTIMER_Regs)
                  00005310    00000012     motor.o (.text._ZN5Motor5beginEv)
                  00005322    00000012     libc.a : memcpy16.S.obj (.text:TI_memcpy_small)
                  00005334    00000012            : copy_decompress_none.c.obj (.text:decompress:none)
                  00005346    00000002     --HOLE-- [fill = 0]
                  00005348    00000010     ti_msp_dl_config.o (.text.DL_SYSCTL_disableHFXT)
                  00005358    00000010     ti_msp_dl_config.o (.text.DL_SYSCTL_enableMFPCLK)
                  00005368    00000010     driverlib.a : dl_timer.o (.text.DL_Timer_setCaptureCompareValue)
                  00005378    00000010     main.o (.text._Z7SPD_Getv)
                  00005388    00000010     main.o (.text._Z8DIST_Getv)
                  00005398    00000010     pid.o (.text._ZN3PID9setTargetEf)
                  000053a8    00000010     encoder.o (.text._ZN7Encoder13clearDistanceEv)
                  000053b8    00000010     mpu6050.o (.text._ZNSt3__16__math4fabsB8nn180100Ef)
                  000053c8    00000010     libc.a : wcslen.c.obj (.text.wcslen)
                  000053d8    0000000e     libclang_rt.builtins.a : aeabi_memset.S.obj (.text.__aeabi_memset)
                  000053e6    0000000e     libc.a : _printfi.c.obj (.text.strlen)
                  000053f4    0000000e            : strlen.c.obj (.text.strlen)
                  00005402    0000000e            : memset16.S.obj (.text:TI_memset_small)
                  00005410    0000000c     mpu6050.o (.text._ZN7MPU60506getYawEv)
                  0000541c    0000000c     encoder.o (.text._ZNK7Encoder11getDistanceEv)
                  00005428    0000000c     encoder.o (.text._ZNK7Encoder8getSpeedEv)
                  00005434    0000000a     driverlib.a : dl_common.o (.text.DL_Common_delayCycles)
                  0000543e    0000000a     libc.a : _printfi.c.obj (.text.OUTLINED_FUNCTION_0)
                  00005448    00000010     libclang_rt.builtins.a : adddf3.S.obj (.tramp.__aeabi_dsub.1)
                  00005458    0000000a     libc.a : _printfi.c.obj (.text.OUTLINED_FUNCTION_1)
                  00005462    00000002     --HOLE-- [fill = 0]
                  00005464    00000008            : aeabi_portable.c.obj (.text.__aeabi_errno_addr)
                  0000546c    00000008     libclang_rt.builtins.a : aeabi_memcpy.S.obj (.text.__aeabi_memcpy)
                  00005474    00000006     startup_mspm0g350x_ticlang.o (.text.Default_Handler)
                  0000547a    00000006     libc.a : s_atanf.c.obj (.text.OUTLINED_FUNCTION_0)
                  00005480    00000010     libclang_rt.builtins.a : divsf3.S.obj (.tramp.__aeabi_fdiv.1)
                  00005490    00000006     libc.a : exit.c.obj (.text:abort)
                  00005496    00000004            : s_atanf.c.obj (.text.OUTLINED_FUNCTION_1)
                  0000549a    00000002     --HOLE-- [fill = 0]
                  0000549c    00000010     libclang_rt.builtins.a : addsf3.S.obj (.tramp.__aeabi_fadd.1)
                  000054ac    00000004     startup_mspm0g350x_ticlang.o (.text.Reset_Handler)
                  000054b0    00000010     libc.a : boot_cortex_m.c.obj (.tramp._c_int00_noargs.1)
                  000054c0    00000004            : pre_init.c.obj (.text._system_pre_init)
                  000054c4    0000000c     --HOLE-- [fill = 0]

.cinit     0    00005f38    00000030     
                  00005f38    0000000c     (__TI_handler_table)
                  00005f44    0000000a     (.cinit..data.load) [load image, compression = lzss]
                  00005f4e    00000002     --HOLE-- [fill = 0]
                  00005f50    00000008     (.cinit..bss.load) [load image, compression = zero_init]
                  00005f58    00000010     (__TI_cinit_table)

.rodata    0    000054d0    00000a60     
                  000054d0    000005f0     oled.o (.rodata._ZL8font8x16)
                  00005ac0    0000023a     oled.o (.rodata._ZL7font6x8)
                  00005cfa    00000006     oled.o (.rodata.str1.4011557339696181005.1)
                  00005d00    00000101     libc.a : aeabi_ctype.S.obj (.rodata:__aeabi_ctype_table_)
                  00005e01    00000003     ti_msp_dl_config.o (.rodata.gTIMA0_PWMClockConfig)
                  00005e04    00000028     ti_msp_dl_config.o (.rodata.gSYSPLLConfig)
                  00005e2c    00000025     libc.a : ltoa.c.obj (.rodata.str1.150857828784897076.1)
                  00005e51    00000003     ti_msp_dl_config.o (.rodata.gTIMER_ENCClockConfig)
                  00005e54    00000020     libc.a : s_atanf.c.obj (.rodata.cst16)
                  00005e74    00000014     ti_msp_dl_config.o (.rodata.gTIMER_ENCTimerConfig)
                  00005e88    00000014     ti_msp_dl_config.o (.rodata.gTIMER_GeneralTimerConfig)
                  00005e9c    00000011     libc.a : _printfi.c.obj (.rodata.str1.10348868589481759720.1)
                  00005ead    00000011            : _printfi.c.obj (.rodata.str1.15363888844622738466.1)
                  00005ebe    0000000a     ti_msp_dl_config.o (.rodata.gUART0_DEBUGConfig)
                  00005ec8    0000000a     ti_msp_dl_config.o (.rodata.gUART1_JY901SConfig)
                  00005ed2    0000000a     ti_msp_dl_config.o (.rodata.gUART2_LCDConfig)
                  00005edc    0000000a     ti_msp_dl_config.o (.rodata.gUART3_K230Config)
                  00005ee6    00000009     main.o (.rodata.str1.5365489684327038652.1)
                  00005eef    00000001     --HOLE-- [fill = 0]
                  00005ef0    00000008     ti_msp_dl_config.o (.rodata.gTIMA0_PWMConfig)
                  00005ef8    00000006     main.o (.rodata.str1.687215214990459730.1)
                  00005efe    00000005     main.o (.rodata.str1.10685863934934856824.1)
                  00005f03    00000005     oled.o (.rodata.str1.16930381400437306155.1)
                  00005f08    00000005     main.o (.rodata.str1.17801931705112864460.1)
                  00005f0d    00000005     oled.o (.rodata.str1.7836291412716282804.1)
                  00005f12    00000004     oled.o (.rodata.str1.13215950963733942956.1)
                  00005f16    00000004     oled.o (.rodata.str1.4245278359612543923.1)
                  00005f1a    00000003     ti_msp_dl_config.o (.rodata.gTIMER_GeneralClockConfig)
                  00005f1d    00000002     ti_msp_dl_config.o (.rodata.gI2C_0ClockConfig)
                  00005f1f    00000002     ti_msp_dl_config.o (.rodata.gI2C_1ClockConfig)
                  00005f21    00000002     ti_msp_dl_config.o (.rodata.gUART0_DEBUGClockConfig)
                  00005f23    00000002     ti_msp_dl_config.o (.rodata.gUART1_JY901SClockConfig)
                  00005f25    00000002     ti_msp_dl_config.o (.rodata.gUART2_LCDClockConfig)
                  00005f27    00000002     ti_msp_dl_config.o (.rodata.gUART3_K230ClockConfig)
                  00005f29    00000007     --HOLE-- [fill = 0]

.init_array 
*          0    00005f30    00000008     
                  00005f30    00000004     main.o (.init_array)
                  00005f34    00000004     --HOLE-- [fill = 0]

.bss       0    20200000    000001a0     UNINITIALIZED
                  20200000    000000bc     (.common:gTIMA0_PWMBackup)
                  202000bc    000000a0     (.common:gTIMER_GeneralBackup)
                  2020015c    00000030     (.common:gUART3_K230Backup)
                  2020018c    00000004     main.o (.bss._ZZ4mainE11left_output)
                  20200190    00000004     main.o (.bss._ZZ4mainE12right_output)
                  20200194    00000004     main.o (.bss.angle_output)
                  20200198    00000004     main.o (.bss.dist)
                  2020019c    00000004     main.o (.bss.spd)

.data      0    202001a0    000000cd     UNINITIALIZED
                  202001a0    00000020     main.o (.data.mpu)
                  202001c0    0000001c     main.o (.data.enc_br)
                  202001dc    0000001c     main.o (.data.pid_ang)
                  202001f8    00000018     main.o (.data.motor_bl)
                  20200210    00000018     main.o (.data.motor_br)
                  20200228    00000018     main.o (.data.motor_fl)
                  20200240    00000018     main.o (.data.motor_fr)
                  20200258    00000008     main.o (.data.oled)
                  20200260    00000004     libc.a : aeabi_portable.c.obj (.data.__aeabi_errno)
                  20200264    00000004     main.o (.data.target)
                  20200268    00000004     main.o (.data.yaw)
                  2020026c    00000001     mpu6050.o (.data._ZZN7MPU605011updateEulerEvE12is_first_run)

.stack     0    20207e00    00000200     UNINITIALIZED
                  20207e00    00000004     libc.a : boot_cortex_m.c.obj (.stack)
                  20207e04    000001fc     --HOLE--

__llvm_prf_cnts 
*          0    20200000    00000000     UNINITIALIZED

__llvm_prf_bits 
*          0    20200000    00000000     UNINITIALIZED

MODULE SUMMARY

       Module                         code    ro data   rw data
       ------                         ----    -------   -------
    .\
       ti_msp_dl_config.o             3226    149       396    
       main.o                         1644    29        220    
       startup_mspm0g350x_ticlang.o   10      192       0      
    +--+------------------------------+-------+---------+---------+
       Total:                         4880    370       616    
                                                               
    .\Components\src\
       oled.o                         1884    2114      0      
       mpu6050.o                      2762    0         1      
       motor.o                        434     0         0      
       encoder.o                      362     0         0      
       pid.o                          360     0         0      
    +--+------------------------------+-------+---------+---------+
       Total:                         5802    2114      1      
                                                               
    C:/TI/mspm0_sdk_2_05_01_00/source/ti/driverlib/lib/ticlang/m0p/mspm0g1x0x_g3x0x/driverlib.a
       dl_timer.o                     588     0         0      
       dl_sysctl_mspm0g1x0x_g3x0x.o   288     0         0      
       dl_i2c.o                       192     0         0      
       dl_uart.o                      90      0         0      
       dl_common.o                    10      0         0      
    +--+------------------------------+-------+---------+---------+
       Total:                         1168    0         0      
                                                               
    D:\TI\CCS Theia\ccs\tools\compiler\ti-cgt-armllvm_4.0.3.LTS\lib\armv6m-ti-none-eabi/c/libc.a
       _printfi.c.obj                 4510    34        0      
       s_atanf.c.obj                  466     32        0      
       e_atan2f.c.obj                 280     0         0      
       aeabi_ctype.S.obj              0       257       0      
       s_scalbn.c.obj                 216     0         0      
       e_sqrtf.c.obj                  160     0         0      
       snprintf.c.obj                 148     0         0      
       strcmp-armv6m.S.obj            136     0         0      
       ltoa.c.obj                     88      37        0      
       copy_decompress_lzss.c.obj     124     0         0      
       s_frexp.c.obj                  92      0         0      
       _ltoa.c.obj                    88      0         0      
       autoinit.c.obj                 84      0         0      
       atoi.c.obj                     64      0         0      
       boot_cortex_m.c.obj            56      0         0      
       memccpy.c.obj                  34      0         0      
       copy_zero_init.c.obj           22      0         0      
       copy_decompress_none.c.obj     18      0         0      
       memcpy16.S.obj                 18      0         0      
       wcslen.c.obj                   16      0         0      
       memset16.S.obj                 14      0         0      
       strlen.c.obj                   14      0         0      
       aeabi_portable.c.obj           8       0         4      
       exit.c.obj                     6       0         0      
       pre_init.c.obj                 4       0         0      
    +--+------------------------------+-------+---------+---------+
       Total:                         6666    360       4      
                                                               
    D:\TI\CCS Theia\ccs\tools\compiler\ti-cgt-armllvm_4.0.3.LTS\lib\armv6m-ti-none-eabi/c/libsysbm.a
       hostexit.c.obj                 4       0         0      
    +--+------------------------------+-------+---------+---------+
       Total:                         4       0         0      
                                                               
    D:\TI\CCS Theia\ccs\tools\compiler\ti-cgt-armllvm_4.0.3.LTS\lib\armv6m-ti-none-eabi/libclang_rt.builtins.a
       adddf3.S.obj                   418     0         0      
       divdf3.S.obj                   268     0         0      
       addsf3.S.obj                   232     0         0      
       muldf3.S.obj                   228     0         0      
       comparedf2.c.obj               220     0         0      
       udivmoddi4.S.obj               162     0         0      
       divsf3.S.obj                   146     0         0      
       mulsf3.S.obj                   140     0         0      
       comparesf2.S.obj               118     0         0      
       truncdfsf2.S.obj               116     0         0      
       aeabi_dcmp.S.obj               98      0         0      
       aeabi_fcmp.S.obj               98      0         0      
       aeabi_idivmod.S.obj            86      0         0      
       fixdfsi.S.obj                  74      0         0      
       aeabi_uidivmod.S.obj           64      0         0      
       extendsfdf2.S.obj              64      0         0      
       floatsisf.S.obj                60      0         0      
       muldsi3.S.obj                  58      0         0      
       fixsfsi.S.obj                  56      0         0      
       fixunssfsi.S.obj               50      0         0      
       floatsidf.S.obj                44      0         0      
       floatunsisf.S.obj              40      0         0      
       muldi3.S.obj                   36      0         0      
       ashldi3.S.obj                  30      0         0      
       aeabi_uldivmod.S.obj           20      0         0      
       aeabi_memset.S.obj             14      0         0      
       aeabi_memcpy.S.obj             8       0         0      
       aeabi_div0.c.obj               4       0         0      
    +--+------------------------------+-------+---------+---------+
       Total:                         2952    0         0      
                                                               
       Stack:                         0       0         512    
       Linker Generated:              0       46        0      
    +--+------------------------------+-------+---------+---------+
       Grand Total:                   21472   2890      1133   


LINKER GENERATED COPY TABLES

__TI_cinit_table @ 00005f58 records: 2, size/record: 8, table size: 16
	.data: load addr=00005f44, load size=0000000a bytes, run addr=202001a0, run size=000000cd bytes, compression=lzss
	.bss: load addr=00005f50, load size=00000008 bytes, run addr=20200000, run size=000001a0 bytes, compression=zero_init


LINKER GENERATED HANDLER TABLE

__TI_handler_table @ 00005f38 records: 3, size/record: 4, table size: 12
	index: 0, handler: __TI_decompress_lzss
	index: 1, handler: __TI_decompress_none
	index: 2, handler: __TI_zero_init


FAR CALL TRAMPOLINES

callee name               trampoline name
   callee addr  tramp addr   call addr  call info
--------------  -----------  ---------  ----------------
__aeabi_dsub              $Tramp$TT$L$PI$$__aeabi_dsub
   00001dad     00005448     00005446   libc.a : _printfi.c.obj (.text.OUTLINED_FUNCTION_0)
__aeabi_fdiv              $Tramp$TT$L$PI$$__aeabi_fdiv
   00003761     00005480     0000547e   libc.a : s_atanf.c.obj (.text.OUTLINED_FUNCTION_0)
__aeabi_fadd              $Tramp$TT$L$PI$$__aeabi_fadd
   00002f9b     0000549c     00005498   libc.a : s_atanf.c.obj (.text.OUTLINED_FUNCTION_1)
_c_int00_noargs           $Tramp$TT$L$PI$$_c_int00_noargs
   00004bd1     000054b0     000054ac   startup_mspm0g350x_ticlang.o (.text.Reset_Handler)

[4 trampolines]
[4 trampoline calls]


GLOBAL SYMBOLS: SORTED ALPHABETICALLY BY Name 

address   name                                                       
-------   ----                                                       
00005475  ADC0_IRQHandler                                            
00005475  ADC1_IRQHandler                                            
00005475  AES_IRQHandler                                             
000035cc  C$$EXIT                                                    
00005475  CANFD0_IRQHandler                                          
00005475  DAC0_IRQHandler                                            
00005435  DL_Common_delayCycles                                      
00003d1b  DL_I2C_fillControllerTXFIFO                                
000045dd  DL_I2C_flushControllerTXFIFO                               
00004c1f  DL_I2C_setClockConfig                                      
00002d05  DL_SYSCTL_configSYSPLL                                     
00004359  DL_SYSCTL_switchMCLKfromSYSOSCtoHSCLK                      
00002845  DL_Timer_initFourCCPWMMode                                 
00002b39  DL_Timer_initTimerMode                                     
00004e79  DL_Timer_setCaptCompUpdateMethod                           
00005071  DL_Timer_setCaptureCompareOutCtl                           
00005369  DL_Timer_setCaptureCompareValue                            
00004e95  DL_Timer_setClockConfig                                    
00004311  DL_UART_init                                               
000052ed  DL_UART_setClockConfig                                     
00005475  DMA_IRQHandler                                             
00005475  Default_Handler                                            
00005475  GROUP0_IRQHandler                                          
000034a9  GROUP1_IRQHandler                                          
000035cd  HOSTexit                                                   
00005475  HardFault_Handler                                          
00005475  I2C0_IRQHandler                                            
00005475  I2C1_IRQHandler                                            
00005475  NMI_Handler                                                
00005475  PendSV_Handler                                             
00005475  RTC_IRQHandler                                             
000054ad  Reset_Handler                                              
00005f30  SHT$$INIT_ARRAY$$Base                                      
00005f34  SHT$$INIT_ARRAY$$Limit                                     
00005475  SPI0_IRQHandler                                            
00005475  SPI1_IRQHandler                                            
00005475  SVC_Handler                                                
00000e01  SYSCFG_DL_GPIO_init                                        
00003e31  SYSCFG_DL_I2C_0_init                                       
00003e89  SYSCFG_DL_I2C_1_init                                       
00003d79  SYSCFG_DL_SYSCTL_init                                      
00002de1  SYSCFG_DL_TIMA0_PWM_init                                   
00004655  SYSCFG_DL_TIMER_ENC_init                                   
000043e1  SYSCFG_DL_TIMER_General_init                               
00004421  SYSCFG_DL_UART0_DEBUG_init                                 
0000413d  SYSCFG_DL_UART1_JY901S_init                                
00004461  SYSCFG_DL_UART2_LCD_init                                   
000044a1  SYSCFG_DL_UART3_K230_init                                  
00004041  SYSCFG_DL_init                                             
00003069  SYSCFG_DL_initPower                                        
00005475  SysTick_Handler                                            
00005475  TIMA0_IRQHandler                                           
00005475  TIMA1_IRQHandler                                           
00004ab9  TIMG0_IRQHandler                                           
00005475  TIMG12_IRQHandler                                          
00004ae1  TIMG6_IRQHandler                                           
00005475  TIMG7_IRQHandler                                           
00005475  TIMG8_IRQHandler                                           
00005323  TI_memcpy_small                                            
00005403  TI_memset_small                                            
00005475  UART0_IRQHandler                                           
00005475  UART1_IRQHandler                                           
00005475  UART2_IRQHandler                                           
00005475  UART3_IRQHandler                                           
00002525  _Z4turnv                                                   
00005379  _Z7SPD_Getv                                                
00005389  _Z8DIST_Getv                                               
000021bd  _ZN3PID4calcEfffNS_6OptionE                                
00005399  _ZN3PID9setTargetEf                                        
00004b59  _ZN3PIDC1Efff                                              
00004b59  _ZN3PIDC2Efff                                              
000038e1  _ZN4OLED12writeCommandEh                                   
0000273d  _ZN4OLED5beginEv                                           
00003659  _ZN4OLED5clearEv                                           
00001481  _ZN4OLED8printVarEhhfPKchb                                 
00001c05  _ZN4OLED9printTextEhhPKch                                  
000037e3  _ZN4OLED9setCursorEhh                                      
00003957  _ZN4OLED9writeDataEh                                       
00005149  _ZN4OLEDC1EhP8I2C_Regs                                     
00005149  _ZN4OLEDC2EhP8I2C_Regs                                     
00005311  _ZN5Motor5beginEv                                          
00003ab5  _ZN5Motor6setDirENS_11MOTOR_Dir_tE                         
0000313d  _ZN5Motor7setDutyEf                                        
000047ed  _ZN5MotorC1EP9GPIO_RegsjjP12GPTIMER_Regs17DL_TIMER_CC_INDEX
000047ed  _ZN5MotorC2EP9GPIO_RegsjjP12GPTIMER_Regs17DL_TIMER_CC_INDEX
000053a9  _ZN7Encoder13clearDistanceEv                               
0000439d  _ZN7Encoder5beginEv                                        
00003bf1  _ZN7Encoder6updateEv                                       
00004a15  _ZN7EncoderC1E4IRQnS0_                                     
00004a15  _ZN7EncoderC2E4IRQnS0_                                     
00002a43  _ZN7MPU605010getRawDataEv                                  
00001875  _ZN7MPU605011updateEulerEv                                 
00000a91  _ZN7MPU60505beginEhhhb                                     
000031f9  _ZN7MPU60505getIDEv                                        
000032b1  _ZN7MPU60506clrIntEv                                       
00005411  _ZN7MPU60506getYawEv                                       
00001f41  _ZN7MPU60507rawConvERK11MPU6050_RawPf                      
00002949  _ZN7MPU60509calibrateEt                                    
00004cb1  _ZN7MPU6050C1EP8I2C_Regs                                   
00004cb1  _ZN7MPU6050C2EP8I2C_Regs                                   
0000541d  _ZNK7Encoder11getDistanceEv                                
00005429  _ZNK7Encoder8getSpeedEv                                    
000053b9  _ZNSt3__16__math4fabsB8nn180100Ef                          
20208000  __STACK_END                                                
00000200  __STACK_SIZE                                               
00000000  __TI_ATRegion0_region_sz                                   
00000000  __TI_ATRegion0_src_addr                                    
00000000  __TI_ATRegion0_trg_addr                                    
00000000  __TI_ATRegion1_region_sz                                   
00000000  __TI_ATRegion1_src_addr                                    
00000000  __TI_ATRegion1_trg_addr                                    
00000000  __TI_ATRegion2_region_sz                                   
00000000  __TI_ATRegion2_src_addr                                    
00000000  __TI_ATRegion2_trg_addr                                    
00005f58  __TI_CINIT_Base                                            
00005f68  __TI_CINIT_Limit                                           
00005f68  __TI_CINIT_Warm                                            
00005f38  __TI_Handler_Table_Base                                    
00005f44  __TI_Handler_Table_Limit                                   
00004095  __TI_auto_init_nobinit                                     
00003865  __TI_decompress_lzss                                       
00005335  __TI_decompress_none                                       
00003ee1  __TI_ltoa                                                  
ffffffff  __TI_pprof_out_hndl                                        
000000c1  __TI_printfi                                               
ffffffff  __TI_prof_data_size                                        
ffffffff  __TI_prof_data_start                                       
00000000  __TI_static_base__                                         
000051bd  __TI_zero_init_nomemset                                    
00001db7  __adddf3                                                   
00002f9b  __addsf3                                                   
00005d00  __aeabi_ctype_table_                                       
00005d00  __aeabi_ctype_table_C                                      
00003a41  __aeabi_d2f                                                
000042c5  __aeabi_d2iz                                               
00001db7  __aeabi_dadd                                               
00003c55  __aeabi_dcmpeq                                             
00003c91  __aeabi_dcmpge                                             
00003ca5  __aeabi_dcmpgt                                             
00003c7d  __aeabi_dcmple                                             
00003c69  __aeabi_dcmplt                                             
00002631  __aeabi_ddiv                                               
00002c21  __aeabi_dmul                                               
00001dad  __aeabi_dsub                                               
20200260  __aeabi_errno                                              
00005465  __aeabi_errno_addr                                         
00004521  __aeabi_f2d                                                
00004781  __aeabi_f2iz                                               
00004821  __aeabi_f2uiz                                              
00002f9b  __aeabi_fadd                                               
00003cb9  __aeabi_fcmpeq                                             
00003cf5  __aeabi_fcmpge                                             
00003d09  __aeabi_fcmpgt                                             
00003ce1  __aeabi_fcmple                                             
00003ccd  __aeabi_fcmplt                                             
00003761  __aeabi_fdiv                                               
00003541  __aeabi_fmul                                               
00002f91  __aeabi_fsub                                               
000049e9  __aeabi_i2d                                                
00004691  __aeabi_i2f                                                
00003fe9  __aeabi_idiv                                               
00000dff  __aeabi_idiv0                                              
00003fe9  __aeabi_idivmod                                            
00001f3f  __aeabi_ldiv0                                              
00004d95  __aeabi_llsl                                               
00004c8d  __aeabi_lmul                                               
0000546d  __aeabi_memcpy                                             
0000546d  __aeabi_memcpy4                                            
0000546d  __aeabi_memcpy8                                            
000053d9  __aeabi_memset                                             
000053d9  __aeabi_memset4                                            
000053d9  __aeabi_memset8                                            
00004ba9  __aeabi_ui2f                                               
000044e1  __aeabi_uidiv                                              
000044e1  __aeabi_uidivmod                                           
0000529d  __aeabi_uldivmod                                           
00004d95  __ashldi3                                                  
ffffffff  __binit__                                                  
00003b21  __cmpdf2                                                   
00004709  __cmpsf2                                                   
00002631  __divdf3                                                   
00003761  __divsf3                                                   
00003b21  __eqdf2                                                    
00004709  __eqsf2                                                    
00004521  __extendsfdf2                                              
000042c5  __fixdfsi                                                  
00004781  __fixsfsi                                                  
00004821  __fixunssfsi                                               
000049e9  __floatsidf                                                
00004691  __floatsisf                                                
00004ba9  __floatunsisf                                              
000039cd  __gedf2                                                    
000046cd  __gesf2                                                    
000039cd  __gtdf2                                                    
000046cd  __gtsf2                                                    
00003b21  __ledf2                                                    
00004709  __lesf2                                                    
00003b21  __ltdf2                                                    
00004709  __ltsf2                                                    
UNDEFED   __mpu_init                                                 
00002c21  __muldf3                                                   
00004c8d  __muldi3                                                   
00004745  __muldsi3                                                  
00003541  __mulsf3                                                   
00003b21  __nedf2                                                    
00004709  __nesf2                                                    
20207e00  __stack                                                    
20200000  __start___llvm_prf_bits                                    
20200000  __start___llvm_prf_cnts                                    
20200000  __stop___llvm_prf_bits                                     
20200000  __stop___llvm_prf_cnts                                     
00001dad  __subdf3                                                   
00002f91  __subsf3                                                   
00003a41  __truncdfsf2                                               
00003365  __udivmoddi4                                               
00004bd1  _c_int00_noargs                                            
UNDEFED   _system_post_cinit                                         
000054c1  _system_pre_init                                           
00005491  abort                                                      
20200194  angle_output                                               
0000240d  atan2f                                                     
00001a3d  atanf                                                      
00004561  atoi                                                       
ffffffff  binit                                                      
20200198  dist                                                       
202001c0  enc_br                                                     
00003dd5  frexp                                                      
00003dd5  frexpl                                                     
20200000  gTIMA0_PWMBackup                                           
202000bc  gTIMER_GeneralBackup                                       
2020015c  gUART3_K230Backup                                          
00000000  interruptVectors                                           
00002eb9  ldexp                                                      
00002eb9  ldexpl                                                     
00003f91  ltoa                                                       
0000103d  main                                                       
00004cd3  memccpy                                                    
202001f8  motor_bl                                                   
20200210  motor_br                                                   
20200228  motor_fl                                                   
20200240  motor_fr                                                   
202001a0  mpu                                                        
20200258  oled                                                       
202001dc  pid_ang                                                    
00002eb9  scalbn                                                     
00002eb9  scalbnl                                                    
00004279  snprintf                                                   
2020019c  spd                                                        
00003409  sqrtf                                                      
000035d1  strcmp                                                     
000053f5  strlen                                                     
20200264  target                                                     
000053c9  wcslen                                                     
20200268  yaw                                                        


GLOBAL SYMBOLS: SORTED BY Symbol Address 

address   name                                                       
-------   ----                                                       
00000000  __TI_ATRegion0_region_sz                                   
00000000  __TI_ATRegion0_src_addr                                    
00000000  __TI_ATRegion0_trg_addr                                    
00000000  __TI_ATRegion1_region_sz                                   
00000000  __TI_ATRegion1_src_addr                                    
00000000  __TI_ATRegion1_trg_addr                                    
00000000  __TI_ATRegion2_region_sz                                   
00000000  __TI_ATRegion2_src_addr                                    
00000000  __TI_ATRegion2_trg_addr                                    
00000000  __TI_static_base__                                         
00000000  interruptVectors                                           
000000c1  __TI_printfi                                               
00000200  __STACK_SIZE                                               
00000a91  _ZN7MPU60505beginEhhhb                                     
00000dff  __aeabi_idiv0                                              
00000e01  SYSCFG_DL_GPIO_init                                        
0000103d  main                                                       
00001481  _ZN4OLED8printVarEhhfPKchb                                 
00001875  _ZN7MPU605011updateEulerEv                                 
00001a3d  atanf                                                      
00001c05  _ZN4OLED9printTextEhhPKch                                  
00001dad  __aeabi_dsub                                               
00001dad  __subdf3                                                   
00001db7  __adddf3                                                   
00001db7  __aeabi_dadd                                               
00001f3f  __aeabi_ldiv0                                              
00001f41  _ZN7MPU60507rawConvERK11MPU6050_RawPf                      
000021bd  _ZN3PID4calcEfffNS_6OptionE                                
0000240d  atan2f                                                     
00002525  _Z4turnv                                                   
00002631  __aeabi_ddiv                                               
00002631  __divdf3                                                   
0000273d  _ZN4OLED5beginEv                                           
00002845  DL_Timer_initFourCCPWMMode                                 
00002949  _ZN7MPU60509calibrateEt                                    
00002a43  _ZN7MPU605010getRawDataEv                                  
00002b39  DL_Timer_initTimerMode                                     
00002c21  __aeabi_dmul                                               
00002c21  __muldf3                                                   
00002d05  DL_SYSCTL_configSYSPLL                                     
00002de1  SYSCFG_DL_TIMA0_PWM_init                                   
00002eb9  ldexp                                                      
00002eb9  ldexpl                                                     
00002eb9  scalbn                                                     
00002eb9  scalbnl                                                    
00002f91  __aeabi_fsub                                               
00002f91  __subsf3                                                   
00002f9b  __addsf3                                                   
00002f9b  __aeabi_fadd                                               
00003069  SYSCFG_DL_initPower                                        
0000313d  _ZN5Motor7setDutyEf                                        
000031f9  _ZN7MPU60505getIDEv                                        
000032b1  _ZN7MPU60506clrIntEv                                       
00003365  __udivmoddi4                                               
00003409  sqrtf                                                      
000034a9  GROUP1_IRQHandler                                          
00003541  __aeabi_fmul                                               
00003541  __mulsf3                                                   
000035cc  C$$EXIT                                                    
000035cd  HOSTexit                                                   
000035d1  strcmp                                                     
00003659  _ZN4OLED5clearEv                                           
00003761  __aeabi_fdiv                                               
00003761  __divsf3                                                   
000037e3  _ZN4OLED9setCursorEhh                                      
00003865  __TI_decompress_lzss                                       
000038e1  _ZN4OLED12writeCommandEh                                   
00003957  _ZN4OLED9writeDataEh                                       
000039cd  __gedf2                                                    
000039cd  __gtdf2                                                    
00003a41  __aeabi_d2f                                                
00003a41  __truncdfsf2                                               
00003ab5  _ZN5Motor6setDirENS_11MOTOR_Dir_tE                         
00003b21  __cmpdf2                                                   
00003b21  __eqdf2                                                    
00003b21  __ledf2                                                    
00003b21  __ltdf2                                                    
00003b21  __nedf2                                                    
00003bf1  _ZN7Encoder6updateEv                                       
00003c55  __aeabi_dcmpeq                                             
00003c69  __aeabi_dcmplt                                             
00003c7d  __aeabi_dcmple                                             
00003c91  __aeabi_dcmpge                                             
00003ca5  __aeabi_dcmpgt                                             
00003cb9  __aeabi_fcmpeq                                             
00003ccd  __aeabi_fcmplt                                             
00003ce1  __aeabi_fcmple                                             
00003cf5  __aeabi_fcmpge                                             
00003d09  __aeabi_fcmpgt                                             
00003d1b  DL_I2C_fillControllerTXFIFO                                
00003d79  SYSCFG_DL_SYSCTL_init                                      
00003dd5  frexp                                                      
00003dd5  frexpl                                                     
00003e31  SYSCFG_DL_I2C_0_init                                       
00003e89  SYSCFG_DL_I2C_1_init                                       
00003ee1  __TI_ltoa                                                  
00003f91  ltoa                                                       
00003fe9  __aeabi_idiv                                               
00003fe9  __aeabi_idivmod                                            
00004041  SYSCFG_DL_init                                             
00004095  __TI_auto_init_nobinit                                     
0000413d  SYSCFG_DL_UART1_JY901S_init                                
00004279  snprintf                                                   
000042c5  __aeabi_d2iz                                               
000042c5  __fixdfsi                                                  
00004311  DL_UART_init                                               
00004359  DL_SYSCTL_switchMCLKfromSYSOSCtoHSCLK                      
0000439d  _ZN7Encoder5beginEv                                        
000043e1  SYSCFG_DL_TIMER_General_init                               
00004421  SYSCFG_DL_UART0_DEBUG_init                                 
00004461  SYSCFG_DL_UART2_LCD_init                                   
000044a1  SYSCFG_DL_UART3_K230_init                                  
000044e1  __aeabi_uidiv                                              
000044e1  __aeabi_uidivmod                                           
00004521  __aeabi_f2d                                                
00004521  __extendsfdf2                                              
00004561  atoi                                                       
000045dd  DL_I2C_flushControllerTXFIFO                               
00004655  SYSCFG_DL_TIMER_ENC_init                                   
00004691  __aeabi_i2f                                                
00004691  __floatsisf                                                
000046cd  __gesf2                                                    
000046cd  __gtsf2                                                    
00004709  __cmpsf2                                                   
00004709  __eqsf2                                                    
00004709  __lesf2                                                    
00004709  __ltsf2                                                    
00004709  __nesf2                                                    
00004745  __muldsi3                                                  
00004781  __aeabi_f2iz                                               
00004781  __fixsfsi                                                  
000047ed  _ZN5MotorC1EP9GPIO_RegsjjP12GPTIMER_Regs17DL_TIMER_CC_INDEX
000047ed  _ZN5MotorC2EP9GPIO_RegsjjP12GPTIMER_Regs17DL_TIMER_CC_INDEX
00004821  __aeabi_f2uiz                                              
00004821  __fixunssfsi                                               
000049e9  __aeabi_i2d                                                
000049e9  __floatsidf                                                
00004a15  _ZN7EncoderC1E4IRQnS0_                                     
00004a15  _ZN7EncoderC2E4IRQnS0_                                     
00004ab9  TIMG0_IRQHandler                                           
00004ae1  TIMG6_IRQHandler                                           
00004b59  _ZN3PIDC1Efff                                              
00004b59  _ZN3PIDC2Efff                                              
00004ba9  __aeabi_ui2f                                               
00004ba9  __floatunsisf                                              
00004bd1  _c_int00_noargs                                            
00004c1f  DL_I2C_setClockConfig                                      
00004c8d  __aeabi_lmul                                               
00004c8d  __muldi3                                                   
00004cb1  _ZN7MPU6050C1EP8I2C_Regs                                   
00004cb1  _ZN7MPU6050C2EP8I2C_Regs                                   
00004cd3  memccpy                                                    
00004d95  __aeabi_llsl                                               
00004d95  __ashldi3                                                  
00004e79  DL_Timer_setCaptCompUpdateMethod                           
00004e95  DL_Timer_setClockConfig                                    
00005071  DL_Timer_setCaptureCompareOutCtl                           
00005149  _ZN4OLEDC1EhP8I2C_Regs                                     
00005149  _ZN4OLEDC2EhP8I2C_Regs                                     
000051bd  __TI_zero_init_nomemset                                    
0000529d  __aeabi_uldivmod                                           
000052ed  DL_UART_setClockConfig                                     
00005311  _ZN5Motor5beginEv                                          
00005323  TI_memcpy_small                                            
00005335  __TI_decompress_none                                       
00005369  DL_Timer_setCaptureCompareValue                            
00005379  _Z7SPD_Getv                                                
00005389  _Z8DIST_Getv                                               
00005399  _ZN3PID9setTargetEf                                        
000053a9  _ZN7Encoder13clearDistanceEv                               
000053b9  _ZNSt3__16__math4fabsB8nn180100Ef                          
000053c9  wcslen                                                     
000053d9  __aeabi_memset                                             
000053d9  __aeabi_memset4                                            
000053d9  __aeabi_memset8                                            
000053f5  strlen                                                     
00005403  TI_memset_small                                            
00005411  _ZN7MPU60506getYawEv                                       
0000541d  _ZNK7Encoder11getDistanceEv                                
00005429  _ZNK7Encoder8getSpeedEv                                    
00005435  DL_Common_delayCycles                                      
00005465  __aeabi_errno_addr                                         
0000546d  __aeabi_memcpy                                             
0000546d  __aeabi_memcpy4                                            
0000546d  __aeabi_memcpy8                                            
00005475  ADC0_IRQHandler                                            
00005475  ADC1_IRQHandler                                            
00005475  AES_IRQHandler                                             
00005475  CANFD0_IRQHandler                                          
00005475  DAC0_IRQHandler                                            
00005475  DMA_IRQHandler                                             
00005475  Default_Handler                                            
00005475  GROUP0_IRQHandler                                          
00005475  HardFault_Handler                                          
00005475  I2C0_IRQHandler                                            
00005475  I2C1_IRQHandler                                            
00005475  NMI_Handler                                                
00005475  PendSV_Handler                                             
00005475  RTC_IRQHandler                                             
00005475  SPI0_IRQHandler                                            
00005475  SPI1_IRQHandler                                            
00005475  SVC_Handler                                                
00005475  SysTick_Handler                                            
00005475  TIMA0_IRQHandler                                           
00005475  TIMA1_IRQHandler                                           
00005475  TIMG12_IRQHandler                                          
00005475  TIMG7_IRQHandler                                           
00005475  TIMG8_IRQHandler                                           
00005475  UART0_IRQHandler                                           
00005475  UART1_IRQHandler                                           
00005475  UART2_IRQHandler                                           
00005475  UART3_IRQHandler                                           
00005491  abort                                                      
000054ad  Reset_Handler                                              
000054c1  _system_pre_init                                           
00005d00  __aeabi_ctype_table_                                       
00005d00  __aeabi_ctype_table_C                                      
00005f30  SHT$$INIT_ARRAY$$Base                                      
00005f34  SHT$$INIT_ARRAY$$Limit                                     
00005f38  __TI_Handler_Table_Base                                    
00005f44  __TI_Handler_Table_Limit                                   
00005f58  __TI_CINIT_Base                                            
00005f68  __TI_CINIT_Limit                                           
00005f68  __TI_CINIT_Warm                                            
20200000  __start___llvm_prf_bits                                    
20200000  __start___llvm_prf_cnts                                    
20200000  __stop___llvm_prf_bits                                     
20200000  __stop___llvm_prf_cnts                                     
20200000  gTIMA0_PWMBackup                                           
202000bc  gTIMER_GeneralBackup                                       
2020015c  gUART3_K230Backup                                          
20200194  angle_output                                               
20200198  dist                                                       
2020019c  spd                                                        
202001a0  mpu                                                        
202001c0  enc_br                                                     
202001dc  pid_ang                                                    
202001f8  motor_bl                                                   
20200210  motor_br                                                   
20200228  motor_fl                                                   
20200240  motor_fr                                                   
20200258  oled                                                       
20200260  __aeabi_errno                                              
20200264  target                                                     
20200268  yaw                                                        
20207e00  __stack                                                    
20208000  __STACK_END                                                
ffffffff  __TI_pprof_out_hndl                                        
ffffffff  __TI_prof_data_size                                        
ffffffff  __TI_prof_data_start                                       
ffffffff  __binit__                                                  
ffffffff  binit                                                      
UNDEFED   __mpu_init                                                 
UNDEFED   _system_post_cinit                                         

[254 symbols]
