<?xml version="1.0" encoding="ISO-8859-1" ?>
<link_info>
   <banner>TI ARM Clang Linker PC v4.0.3.LTS</banner>
   <copyright>Copyright (c) 1996-2018 Texas Instruments Incorporated</copyright>
   <command_line>D:\TI\CCS Theia\ccs\tools\compiler\ti-cgt-armllvm_4.0.3.LTS\bin\tiarmlnk -ID:\TI\CCS Theia\ccs\tools\compiler\ti-cgt-armllvm_4.0.3.LTS\lib -o TI_2025_Vehicle_PureC.out -mTI_2025_Vehicle_PureC.map -iC:/TI/mspm0_sdk_2_05_01_00/source -iE:/Folders/Documents/Embedded_Dev/Texas Instruments/CCS Theia/TI_2025_Vehicle_PureC -iE:/Folders/Documents/Embedded_Dev/Texas Instruments/CCS Theia/TI_2025_Vehicle_PureC/Debug/syscfg -iD:/TI/CCS Theia/ccs/tools/compiler/ti-cgt-armllvm_4.0.3.LTS/lib --diag_wrap=off --display_error_number --warn_sections --xml_link_info=TI_2025_Vehicle_PureC_linkInfo.xml --rom_model ./ti_msp_dl_config.o ./startup_mspm0g350x_ticlang.o ./main.o ./Components/src/encoder.o ./Components/src/inv_mpu.o ./Components/src/inv_mpu_dmp_motion_driver.o ./Components/src/ir.o ./Components/src/jy901s.o ./Components/src/motor.o ./Components/src/mpu6050.o ./Components/src/oled.o ./Components/src/pid.o -l./device_linker.cmd -ldevice.cmd.genlibs -llibc.a --start-group -llibc++.a -llibc++abi.a -llibc.a -llibsys.a -llibsysbm.a -llibclang_rt.builtins.a -llibclang_rt.profile.a --end-group --cg_opt_level=0</command_line>
   <link_time>0x688dfba1</link_time>
   <link_errors>0x0</link_errors>
   <output_file>E:\Folders\Documents\Embedded_Dev\Texas Instruments\CCS Theia\TI_2025_Vehicle_PureC\Debug\TI_2025_Vehicle_PureC.out</output_file>
   <entry_point>
      <name>_c_int00_noargs</name>
      <address>0x43a1</address>
   </entry_point>
   <input_file_list>
      <input_file id="fl-1">
         <path>E:\Folders\Documents\Embedded_Dev\Texas Instruments\CCS Theia\TI_2025_Vehicle_PureC\Debug\.\</path>
         <kind>object</kind>
         <file>ti_msp_dl_config.o</file>
         <name>ti_msp_dl_config.o</name>
      </input_file>
      <input_file id="fl-2">
         <path>E:\Folders\Documents\Embedded_Dev\Texas Instruments\CCS Theia\TI_2025_Vehicle_PureC\Debug\.\</path>
         <kind>object</kind>
         <file>startup_mspm0g350x_ticlang.o</file>
         <name>startup_mspm0g350x_ticlang.o</name>
      </input_file>
      <input_file id="fl-3">
         <path>E:\Folders\Documents\Embedded_Dev\Texas Instruments\CCS Theia\TI_2025_Vehicle_PureC\Debug\.\</path>
         <kind>object</kind>
         <file>main.o</file>
         <name>main.o</name>
      </input_file>
      <input_file id="fl-4">
         <path>E:\Folders\Documents\Embedded_Dev\Texas Instruments\CCS Theia\TI_2025_Vehicle_PureC\Debug\.\Components\src\</path>
         <kind>object</kind>
         <file>encoder.o</file>
         <name>encoder.o</name>
      </input_file>
      <input_file id="fl-5">
         <path>E:\Folders\Documents\Embedded_Dev\Texas Instruments\CCS Theia\TI_2025_Vehicle_PureC\Debug\.\Components\src\</path>
         <kind>object</kind>
         <file>inv_mpu.o</file>
         <name>inv_mpu.o</name>
      </input_file>
      <input_file id="fl-6">
         <path>E:\Folders\Documents\Embedded_Dev\Texas Instruments\CCS Theia\TI_2025_Vehicle_PureC\Debug\.\Components\src\</path>
         <kind>object</kind>
         <file>inv_mpu_dmp_motion_driver.o</file>
         <name>inv_mpu_dmp_motion_driver.o</name>
      </input_file>
      <input_file id="fl-7">
         <path>E:\Folders\Documents\Embedded_Dev\Texas Instruments\CCS Theia\TI_2025_Vehicle_PureC\Debug\.\Components\src\</path>
         <kind>object</kind>
         <file>ir.o</file>
         <name>ir.o</name>
      </input_file>
      <input_file id="fl-8">
         <path>E:\Folders\Documents\Embedded_Dev\Texas Instruments\CCS Theia\TI_2025_Vehicle_PureC\Debug\.\Components\src\</path>
         <kind>object</kind>
         <file>jy901s.o</file>
         <name>jy901s.o</name>
      </input_file>
      <input_file id="fl-9">
         <path>E:\Folders\Documents\Embedded_Dev\Texas Instruments\CCS Theia\TI_2025_Vehicle_PureC\Debug\.\Components\src\</path>
         <kind>object</kind>
         <file>motor.o</file>
         <name>motor.o</name>
      </input_file>
      <input_file id="fl-a">
         <path>E:\Folders\Documents\Embedded_Dev\Texas Instruments\CCS Theia\TI_2025_Vehicle_PureC\Debug\.\Components\src\</path>
         <kind>object</kind>
         <file>mpu6050.o</file>
         <name>mpu6050.o</name>
      </input_file>
      <input_file id="fl-b">
         <path>E:\Folders\Documents\Embedded_Dev\Texas Instruments\CCS Theia\TI_2025_Vehicle_PureC\Debug\.\Components\src\</path>
         <kind>object</kind>
         <file>oled.o</file>
         <name>oled.o</name>
      </input_file>
      <input_file id="fl-c">
         <path>E:\Folders\Documents\Embedded_Dev\Texas Instruments\CCS Theia\TI_2025_Vehicle_PureC\Debug\.\Components\src\</path>
         <kind>object</kind>
         <file>pid.o</file>
         <name>pid.o</name>
      </input_file>
      <input_file id="fl-19">
         <path>E:\Folders\Documents\Embedded_Dev\Texas Instruments\CCS Theia\TI_2025_Vehicle_PureC\Debug\</path>
         <kind>object</kind>
         <file>&lt;internal&gt;</file>
         <name>&lt;internal&gt;</name>
      </input_file>
      <input_file id="fl-1a">
         <path>C:\TI\mspm0_sdk_2_05_01_00\source\ti\driverlib\lib\ticlang\m0p\mspm0g1x0x_g3x0x\</path>
         <kind>archive</kind>
         <file>driverlib.a</file>
         <name>dl_common.o</name>
      </input_file>
      <input_file id="fl-1b">
         <path>C:\TI\mspm0_sdk_2_05_01_00\source\ti\driverlib\lib\ticlang\m0p\mspm0g1x0x_g3x0x\</path>
         <kind>archive</kind>
         <file>driverlib.a</file>
         <name>dl_i2c.o</name>
      </input_file>
      <input_file id="fl-1c">
         <path>C:\TI\mspm0_sdk_2_05_01_00\source\ti\driverlib\lib\ticlang\m0p\mspm0g1x0x_g3x0x\</path>
         <kind>archive</kind>
         <file>driverlib.a</file>
         <name>dl_timer.o</name>
      </input_file>
      <input_file id="fl-1d">
         <path>C:\TI\mspm0_sdk_2_05_01_00\source\ti\driverlib\lib\ticlang\m0p\mspm0g1x0x_g3x0x\</path>
         <kind>archive</kind>
         <file>driverlib.a</file>
         <name>dl_uart.o</name>
      </input_file>
      <input_file id="fl-1e">
         <path>C:\TI\mspm0_sdk_2_05_01_00\source\ti\driverlib\lib\ticlang\m0p\mspm0g1x0x_g3x0x\</path>
         <kind>archive</kind>
         <file>driverlib.a</file>
         <name>dl_sysctl_mspm0g1x0x_g3x0x.o</name>
      </input_file>
      <input_file id="fl-35">
         <path>D:\TI\CCS Theia\ccs\tools\compiler\ti-cgt-armllvm_4.0.3.LTS\lib\armv6m-ti-none-eabi\c\</path>
         <kind>archive</kind>
         <file>libc.a</file>
         <name>printf.c.obj</name>
      </input_file>
      <input_file id="fl-36">
         <path>D:\TI\CCS Theia\ccs\tools\compiler\ti-cgt-armllvm_4.0.3.LTS\lib\armv6m-ti-none-eabi\c\</path>
         <kind>archive</kind>
         <file>libc.a</file>
         <name>_printfi.c.obj</name>
      </input_file>
      <input_file id="fl-37">
         <path>D:\TI\CCS Theia\ccs\tools\compiler\ti-cgt-armllvm_4.0.3.LTS\lib\armv6m-ti-none-eabi\c\</path>
         <kind>archive</kind>
         <file>libc.a</file>
         <name>snprintf.c.obj</name>
      </input_file>
      <input_file id="fl-38">
         <path>D:\TI\CCS Theia\ccs\tools\compiler\ti-cgt-armllvm_4.0.3.LTS\lib\armv6m-ti-none-eabi\c\</path>
         <kind>archive</kind>
         <file>libc.a</file>
         <name>sprintf.c.obj</name>
      </input_file>
      <input_file id="fl-39">
         <path>D:\TI\CCS Theia\ccs\tools\compiler\ti-cgt-armllvm_4.0.3.LTS\lib\armv6m-ti-none-eabi\c\</path>
         <kind>archive</kind>
         <file>libc.a</file>
         <name>fputc.c.obj</name>
      </input_file>
      <input_file id="fl-3a">
         <path>D:\TI\CCS Theia\ccs\tools\compiler\ti-cgt-armllvm_4.0.3.LTS\lib\armv6m-ti-none-eabi\c\</path>
         <kind>archive</kind>
         <file>libc.a</file>
         <name>fputs.c.obj</name>
      </input_file>
      <input_file id="fl-3b">
         <path>D:\TI\CCS Theia\ccs\tools\compiler\ti-cgt-armllvm_4.0.3.LTS\lib\armv6m-ti-none-eabi\c\</path>
         <kind>archive</kind>
         <file>libc.a</file>
         <name>_io_perm.c.obj</name>
      </input_file>
      <input_file id="fl-3c">
         <path>D:\TI\CCS Theia\ccs\tools\compiler\ti-cgt-armllvm_4.0.3.LTS\lib\armv6m-ti-none-eabi\c\</path>
         <kind>archive</kind>
         <file>libc.a</file>
         <name>setvbuf.c.obj</name>
      </input_file>
      <input_file id="fl-3d">
         <path>D:\TI\CCS Theia\ccs\tools\compiler\ti-cgt-armllvm_4.0.3.LTS\lib\armv6m-ti-none-eabi\c\</path>
         <kind>archive</kind>
         <file>libc.a</file>
         <name>e_asin.c.obj</name>
      </input_file>
      <input_file id="fl-3e">
         <path>D:\TI\CCS Theia\ccs\tools\compiler\ti-cgt-armllvm_4.0.3.LTS\lib\armv6m-ti-none-eabi\c\</path>
         <kind>archive</kind>
         <file>libc.a</file>
         <name>e_atan2.c.obj</name>
      </input_file>
      <input_file id="fl-3f">
         <path>D:\TI\CCS Theia\ccs\tools\compiler\ti-cgt-armllvm_4.0.3.LTS\lib\armv6m-ti-none-eabi\c\</path>
         <kind>archive</kind>
         <file>libc.a</file>
         <name>e_sqrt.c.obj</name>
      </input_file>
      <input_file id="fl-40">
         <path>D:\TI\CCS Theia\ccs\tools\compiler\ti-cgt-armllvm_4.0.3.LTS\lib\armv6m-ti-none-eabi\c\</path>
         <kind>archive</kind>
         <file>libc.a</file>
         <name>s_atan.c.obj</name>
      </input_file>
      <input_file id="fl-41">
         <path>D:\TI\CCS Theia\ccs\tools\compiler\ti-cgt-armllvm_4.0.3.LTS\lib\armv6m-ti-none-eabi\c\</path>
         <kind>archive</kind>
         <file>libc.a</file>
         <name>s_frexp.c.obj</name>
      </input_file>
      <input_file id="fl-42">
         <path>D:\TI\CCS Theia\ccs\tools\compiler\ti-cgt-armllvm_4.0.3.LTS\lib\armv6m-ti-none-eabi\c\</path>
         <kind>archive</kind>
         <file>libc.a</file>
         <name>s_scalbn.c.obj</name>
      </input_file>
      <input_file id="fl-43">
         <path>D:\TI\CCS Theia\ccs\tools\compiler\ti-cgt-armllvm_4.0.3.LTS\lib\armv6m-ti-none-eabi\c\</path>
         <kind>archive</kind>
         <file>libc.a</file>
         <name>wcslen.c.obj</name>
      </input_file>
      <input_file id="fl-44">
         <path>D:\TI\CCS Theia\ccs\tools\compiler\ti-cgt-armllvm_4.0.3.LTS\lib\armv6m-ti-none-eabi\c\</path>
         <kind>archive</kind>
         <file>libc.a</file>
         <name>aeabi_portable.c.obj</name>
      </input_file>
      <input_file id="fl-45">
         <path>D:\TI\CCS Theia\ccs\tools\compiler\ti-cgt-armllvm_4.0.3.LTS\lib\armv6m-ti-none-eabi\c\</path>
         <kind>archive</kind>
         <file>libc.a</file>
         <name>exit.c.obj</name>
      </input_file>
      <input_file id="fl-46">
         <path>D:\TI\CCS Theia\ccs\tools\compiler\ti-cgt-armllvm_4.0.3.LTS\lib\armv6m-ti-none-eabi\c\</path>
         <kind>archive</kind>
         <file>libc.a</file>
         <name>_lock.c.obj</name>
      </input_file>
      <input_file id="fl-47">
         <path>D:\TI\CCS Theia\ccs\tools\compiler\ti-cgt-armllvm_4.0.3.LTS\lib\armv6m-ti-none-eabi\c\</path>
         <kind>archive</kind>
         <file>libc.a</file>
         <name>_ltoa.c.obj</name>
      </input_file>
      <input_file id="fl-48">
         <path>D:\TI\CCS Theia\ccs\tools\compiler\ti-cgt-armllvm_4.0.3.LTS\lib\armv6m-ti-none-eabi\c\</path>
         <kind>archive</kind>
         <file>libc.a</file>
         <name>assert.c.obj</name>
      </input_file>
      <input_file id="fl-49">
         <path>D:\TI\CCS Theia\ccs\tools\compiler\ti-cgt-armllvm_4.0.3.LTS\lib\armv6m-ti-none-eabi\c\</path>
         <kind>archive</kind>
         <file>libc.a</file>
         <name>atoi.c.obj</name>
      </input_file>
      <input_file id="fl-4a">
         <path>D:\TI\CCS Theia\ccs\tools\compiler\ti-cgt-armllvm_4.0.3.LTS\lib\armv6m-ti-none-eabi\c\</path>
         <kind>archive</kind>
         <file>libc.a</file>
         <name>defs.c.obj</name>
      </input_file>
      <input_file id="fl-4b">
         <path>D:\TI\CCS Theia\ccs\tools\compiler\ti-cgt-armllvm_4.0.3.LTS\lib\armv6m-ti-none-eabi\c\</path>
         <kind>archive</kind>
         <file>libc.a</file>
         <name>memccpy.c.obj</name>
      </input_file>
      <input_file id="fl-4c">
         <path>D:\TI\CCS Theia\ccs\tools\compiler\ti-cgt-armllvm_4.0.3.LTS\lib\armv6m-ti-none-eabi\c\</path>
         <kind>archive</kind>
         <file>libc.a</file>
         <name>memcmp.c.obj</name>
      </input_file>
      <input_file id="fl-4d">
         <path>D:\TI\CCS Theia\ccs\tools\compiler\ti-cgt-armllvm_4.0.3.LTS\lib\armv6m-ti-none-eabi\c\</path>
         <kind>archive</kind>
         <file>libc.a</file>
         <name>memory.c.obj</name>
      </input_file>
      <input_file id="fl-4e">
         <path>D:\TI\CCS Theia\ccs\tools\compiler\ti-cgt-armllvm_4.0.3.LTS\lib\armv6m-ti-none-eabi\c\</path>
         <kind>archive</kind>
         <file>libc.a</file>
         <name>strlen.c.obj</name>
      </input_file>
      <input_file id="fl-4f">
         <path>D:\TI\CCS Theia\ccs\tools\compiler\ti-cgt-armllvm_4.0.3.LTS\lib\armv6m-ti-none-eabi\c\</path>
         <kind>archive</kind>
         <file>libc.a</file>
         <name>boot_cortex_m.c.obj</name>
      </input_file>
      <input_file id="fl-50">
         <path>D:\TI\CCS Theia\ccs\tools\compiler\ti-cgt-armllvm_4.0.3.LTS\lib\armv6m-ti-none-eabi\c\</path>
         <kind>archive</kind>
         <file>libc.a</file>
         <name>mathacl_init.c.obj</name>
      </input_file>
      <input_file id="fl-51">
         <path>D:\TI\CCS Theia\ccs\tools\compiler\ti-cgt-armllvm_4.0.3.LTS\lib\armv6m-ti-none-eabi\c\</path>
         <kind>archive</kind>
         <file>libc.a</file>
         <name>autoinit.c.obj</name>
      </input_file>
      <input_file id="fl-52">
         <path>D:\TI\CCS Theia\ccs\tools\compiler\ti-cgt-armllvm_4.0.3.LTS\lib\armv6m-ti-none-eabi\c\</path>
         <kind>archive</kind>
         <file>libc.a</file>
         <name>pre_init.c.obj</name>
      </input_file>
      <input_file id="fl-53">
         <path>D:\TI\CCS Theia\ccs\tools\compiler\ti-cgt-armllvm_4.0.3.LTS\lib\armv6m-ti-none-eabi\c\</path>
         <kind>archive</kind>
         <file>libc.a</file>
         <name>cpy_tbl.c.obj</name>
      </input_file>
      <input_file id="fl-54">
         <path>D:\TI\CCS Theia\ccs\tools\compiler\ti-cgt-armllvm_4.0.3.LTS\lib\armv6m-ti-none-eabi\c\</path>
         <kind>archive</kind>
         <file>libc.a</file>
         <name>copy_zero_init.c.obj</name>
      </input_file>
      <input_file id="fl-55">
         <path>D:\TI\CCS Theia\ccs\tools\compiler\ti-cgt-armllvm_4.0.3.LTS\lib\armv6m-ti-none-eabi\c\</path>
         <kind>archive</kind>
         <file>libc.a</file>
         <name>copy_decompress_none.c.obj</name>
      </input_file>
      <input_file id="fl-56">
         <path>D:\TI\CCS Theia\ccs\tools\compiler\ti-cgt-armllvm_4.0.3.LTS\lib\armv6m-ti-none-eabi\c\</path>
         <kind>archive</kind>
         <file>libc.a</file>
         <name>copy_decompress_lzss.c.obj</name>
      </input_file>
      <input_file id="fl-57">
         <path>D:\TI\CCS Theia\ccs\tools\compiler\ti-cgt-armllvm_4.0.3.LTS\lib\armv6m-ti-none-eabi\c\</path>
         <kind>archive</kind>
         <file>libc.a</file>
         <name>fflush.c.obj</name>
      </input_file>
      <input_file id="fl-58">
         <path>D:\TI\CCS Theia\ccs\tools\compiler\ti-cgt-armllvm_4.0.3.LTS\lib\armv6m-ti-none-eabi\c\</path>
         <kind>archive</kind>
         <file>libc.a</file>
         <name>fopen.c.obj</name>
      </input_file>
      <input_file id="fl-59">
         <path>D:\TI\CCS Theia\ccs\tools\compiler\ti-cgt-armllvm_4.0.3.LTS\lib\armv6m-ti-none-eabi\c\</path>
         <kind>archive</kind>
         <file>libc.a</file>
         <name>fseek.c.obj</name>
      </input_file>
      <input_file id="fl-5a">
         <path>D:\TI\CCS Theia\ccs\tools\compiler\ti-cgt-armllvm_4.0.3.LTS\lib\armv6m-ti-none-eabi\c\</path>
         <kind>archive</kind>
         <file>libc.a</file>
         <name>aeabi_ctype.S.obj</name>
      </input_file>
      <input_file id="fl-5b">
         <path>D:\TI\CCS Theia\ccs\tools\compiler\ti-cgt-armllvm_4.0.3.LTS\lib\armv6m-ti-none-eabi\c\</path>
         <kind>archive</kind>
         <file>libc.a</file>
         <name>args_main.c.obj</name>
      </input_file>
      <input_file id="fl-5c">
         <path>D:\TI\CCS Theia\ccs\tools\compiler\ti-cgt-armllvm_4.0.3.LTS\lib\armv6m-ti-none-eabi\c\</path>
         <kind>archive</kind>
         <file>libc.a</file>
         <name>fclose.c.obj</name>
      </input_file>
      <input_file id="fl-fc">
         <path>D:\TI\CCS Theia\ccs\tools\compiler\ti-cgt-armllvm_4.0.3.LTS\lib\armv6m-ti-none-eabi\c\</path>
         <kind>archive</kind>
         <file>libsysbm.a</file>
         <name>hostexit.c.obj</name>
      </input_file>
      <input_file id="fl-fd">
         <path>D:\TI\CCS Theia\ccs\tools\compiler\ti-cgt-armllvm_4.0.3.LTS\lib\armv6m-ti-none-eabi\c\</path>
         <kind>archive</kind>
         <file>libsysbm.a</file>
         <name>write.c.obj</name>
      </input_file>
      <input_file id="fl-fe">
         <path>D:\TI\CCS Theia\ccs\tools\compiler\ti-cgt-armllvm_4.0.3.LTS\lib\armv6m-ti-none-eabi\c\</path>
         <kind>archive</kind>
         <file>libsysbm.a</file>
         <name>host_device.c.obj</name>
      </input_file>
      <input_file id="fl-ff">
         <path>D:\TI\CCS Theia\ccs\tools\compiler\ti-cgt-armllvm_4.0.3.LTS\lib\armv6m-ti-none-eabi\c\</path>
         <kind>archive</kind>
         <file>libsysbm.a</file>
         <name>remove.c.obj</name>
      </input_file>
      <input_file id="fl-100">
         <path>D:\TI\CCS Theia\ccs\tools\compiler\ti-cgt-armllvm_4.0.3.LTS\lib\armv6m-ti-none-eabi\c\</path>
         <kind>archive</kind>
         <file>libsysbm.a</file>
         <name>open.c.obj</name>
      </input_file>
      <input_file id="fl-101">
         <path>D:\TI\CCS Theia\ccs\tools\compiler\ti-cgt-armllvm_4.0.3.LTS\lib\armv6m-ti-none-eabi\c\</path>
         <kind>archive</kind>
         <file>libsysbm.a</file>
         <name>lseek.c.obj</name>
      </input_file>
      <input_file id="fl-102">
         <path>D:\TI\CCS Theia\ccs\tools\compiler\ti-cgt-armllvm_4.0.3.LTS\lib\armv6m-ti-none-eabi\c\</path>
         <kind>archive</kind>
         <file>libsysbm.a</file>
         <name>close.c.obj</name>
      </input_file>
      <input_file id="fl-103">
         <path>D:\TI\CCS Theia\ccs\tools\compiler\ti-cgt-armllvm_4.0.3.LTS\lib\armv6m-ti-none-eabi\c\</path>
         <kind>archive</kind>
         <file>libsysbm.a</file>
         <name>unlink.c.obj</name>
      </input_file>
      <input_file id="fl-104">
         <path>D:\TI\CCS Theia\ccs\tools\compiler\ti-cgt-armllvm_4.0.3.LTS\lib\armv6m-ti-none-eabi\c\</path>
         <kind>archive</kind>
         <file>libsysbm.a</file>
         <name>hostclose.c.obj</name>
      </input_file>
      <input_file id="fl-105">
         <path>D:\TI\CCS Theia\ccs\tools\compiler\ti-cgt-armllvm_4.0.3.LTS\lib\armv6m-ti-none-eabi\c\</path>
         <kind>archive</kind>
         <file>libsysbm.a</file>
         <name>hostlseek.c.obj</name>
      </input_file>
      <input_file id="fl-106">
         <path>D:\TI\CCS Theia\ccs\tools\compiler\ti-cgt-armllvm_4.0.3.LTS\lib\armv6m-ti-none-eabi\c\</path>
         <kind>archive</kind>
         <file>libsysbm.a</file>
         <name>hostopen.c.obj</name>
      </input_file>
      <input_file id="fl-107">
         <path>D:\TI\CCS Theia\ccs\tools\compiler\ti-cgt-armllvm_4.0.3.LTS\lib\armv6m-ti-none-eabi\c\</path>
         <kind>archive</kind>
         <file>libsysbm.a</file>
         <name>hostread.c.obj</name>
      </input_file>
      <input_file id="fl-108">
         <path>D:\TI\CCS Theia\ccs\tools\compiler\ti-cgt-armllvm_4.0.3.LTS\lib\armv6m-ti-none-eabi\c\</path>
         <kind>archive</kind>
         <file>libsysbm.a</file>
         <name>hostrename.c.obj</name>
      </input_file>
      <input_file id="fl-109">
         <path>D:\TI\CCS Theia\ccs\tools\compiler\ti-cgt-armllvm_4.0.3.LTS\lib\armv6m-ti-none-eabi\c\</path>
         <kind>archive</kind>
         <file>libsysbm.a</file>
         <name>hostunlink.c.obj</name>
      </input_file>
      <input_file id="fl-10a">
         <path>D:\TI\CCS Theia\ccs\tools\compiler\ti-cgt-armllvm_4.0.3.LTS\lib\armv6m-ti-none-eabi\c\</path>
         <kind>archive</kind>
         <file>libsysbm.a</file>
         <name>hostwrite.c.obj</name>
      </input_file>
      <input_file id="fl-10b">
         <path>D:\TI\CCS Theia\ccs\tools\compiler\ti-cgt-armllvm_4.0.3.LTS\lib\armv6m-ti-none-eabi\c\</path>
         <kind>archive</kind>
         <file>libsysbm.a</file>
         <name>trgmsg.c.obj</name>
      </input_file>
      <input_file id="fl-10c">
         <path>D:\TI\CCS Theia\ccs\tools\compiler\ti-cgt-armllvm_4.0.3.LTS\lib\armv6m-ti-none-eabi\</path>
         <kind>archive</kind>
         <file>libclang_rt.builtins.a</file>
         <name>addsf3.S.obj</name>
      </input_file>
      <input_file id="fl-10d">
         <path>D:\TI\CCS Theia\ccs\tools\compiler\ti-cgt-armllvm_4.0.3.LTS\lib\armv6m-ti-none-eabi\</path>
         <kind>archive</kind>
         <file>libclang_rt.builtins.a</file>
         <name>adddf3.S.obj</name>
      </input_file>
      <input_file id="fl-10e">
         <path>D:\TI\CCS Theia\ccs\tools\compiler\ti-cgt-armllvm_4.0.3.LTS\lib\armv6m-ti-none-eabi\</path>
         <kind>archive</kind>
         <file>libclang_rt.builtins.a</file>
         <name>muldf3.S.obj</name>
      </input_file>
      <input_file id="fl-10f">
         <path>D:\TI\CCS Theia\ccs\tools\compiler\ti-cgt-armllvm_4.0.3.LTS\lib\armv6m-ti-none-eabi\</path>
         <kind>archive</kind>
         <file>libclang_rt.builtins.a</file>
         <name>muldsi3.S.obj</name>
      </input_file>
      <input_file id="fl-110">
         <path>D:\TI\CCS Theia\ccs\tools\compiler\ti-cgt-armllvm_4.0.3.LTS\lib\armv6m-ti-none-eabi\</path>
         <kind>archive</kind>
         <file>libclang_rt.builtins.a</file>
         <name>mulsf3.S.obj</name>
      </input_file>
      <input_file id="fl-111">
         <path>D:\TI\CCS Theia\ccs\tools\compiler\ti-cgt-armllvm_4.0.3.LTS\lib\armv6m-ti-none-eabi\</path>
         <kind>archive</kind>
         <file>libclang_rt.builtins.a</file>
         <name>divsf3.S.obj</name>
      </input_file>
      <input_file id="fl-112">
         <path>D:\TI\CCS Theia\ccs\tools\compiler\ti-cgt-armllvm_4.0.3.LTS\lib\armv6m-ti-none-eabi\</path>
         <kind>archive</kind>
         <file>libclang_rt.builtins.a</file>
         <name>divdf3.S.obj</name>
      </input_file>
      <input_file id="fl-113">
         <path>D:\TI\CCS Theia\ccs\tools\compiler\ti-cgt-armllvm_4.0.3.LTS\lib\armv6m-ti-none-eabi\</path>
         <kind>archive</kind>
         <file>libclang_rt.builtins.a</file>
         <name>extendsfdf2.S.obj</name>
      </input_file>
      <input_file id="fl-114">
         <path>D:\TI\CCS Theia\ccs\tools\compiler\ti-cgt-armllvm_4.0.3.LTS\lib\armv6m-ti-none-eabi\</path>
         <kind>archive</kind>
         <file>libclang_rt.builtins.a</file>
         <name>fixdfsi.S.obj</name>
      </input_file>
      <input_file id="fl-115">
         <path>D:\TI\CCS Theia\ccs\tools\compiler\ti-cgt-armllvm_4.0.3.LTS\lib\armv6m-ti-none-eabi\</path>
         <kind>archive</kind>
         <file>libclang_rt.builtins.a</file>
         <name>fixsfsi.S.obj</name>
      </input_file>
      <input_file id="fl-116">
         <path>D:\TI\CCS Theia\ccs\tools\compiler\ti-cgt-armllvm_4.0.3.LTS\lib\armv6m-ti-none-eabi\</path>
         <kind>archive</kind>
         <file>libclang_rt.builtins.a</file>
         <name>fixunssfsi.S.obj</name>
      </input_file>
      <input_file id="fl-117">
         <path>D:\TI\CCS Theia\ccs\tools\compiler\ti-cgt-armllvm_4.0.3.LTS\lib\armv6m-ti-none-eabi\</path>
         <kind>archive</kind>
         <file>libclang_rt.builtins.a</file>
         <name>floatsidf.S.obj</name>
      </input_file>
      <input_file id="fl-118">
         <path>D:\TI\CCS Theia\ccs\tools\compiler\ti-cgt-armllvm_4.0.3.LTS\lib\armv6m-ti-none-eabi\</path>
         <kind>archive</kind>
         <file>libclang_rt.builtins.a</file>
         <name>floatsisf.S.obj</name>
      </input_file>
      <input_file id="fl-119">
         <path>D:\TI\CCS Theia\ccs\tools\compiler\ti-cgt-armllvm_4.0.3.LTS\lib\armv6m-ti-none-eabi\</path>
         <kind>archive</kind>
         <file>libclang_rt.builtins.a</file>
         <name>floatunsisf.S.obj</name>
      </input_file>
      <input_file id="fl-11a">
         <path>D:\TI\CCS Theia\ccs\tools\compiler\ti-cgt-armllvm_4.0.3.LTS\lib\armv6m-ti-none-eabi\</path>
         <kind>archive</kind>
         <file>libclang_rt.builtins.a</file>
         <name>muldi3.S.obj</name>
      </input_file>
      <input_file id="fl-11b">
         <path>D:\TI\CCS Theia\ccs\tools\compiler\ti-cgt-armllvm_4.0.3.LTS\lib\armv6m-ti-none-eabi\</path>
         <kind>archive</kind>
         <file>libclang_rt.builtins.a</file>
         <name>truncdfsf2.S.obj</name>
      </input_file>
      <input_file id="fl-11c">
         <path>D:\TI\CCS Theia\ccs\tools\compiler\ti-cgt-armllvm_4.0.3.LTS\lib\armv6m-ti-none-eabi\</path>
         <kind>archive</kind>
         <file>libclang_rt.builtins.a</file>
         <name>aeabi_dcmp.S.obj</name>
      </input_file>
      <input_file id="fl-11d">
         <path>D:\TI\CCS Theia\ccs\tools\compiler\ti-cgt-armllvm_4.0.3.LTS\lib\armv6m-ti-none-eabi\</path>
         <kind>archive</kind>
         <file>libclang_rt.builtins.a</file>
         <name>aeabi_fcmp.S.obj</name>
      </input_file>
      <input_file id="fl-11e">
         <path>D:\TI\CCS Theia\ccs\tools\compiler\ti-cgt-armllvm_4.0.3.LTS\lib\armv6m-ti-none-eabi\</path>
         <kind>archive</kind>
         <file>libclang_rt.builtins.a</file>
         <name>aeabi_idivmod.S.obj</name>
      </input_file>
      <input_file id="fl-11f">
         <path>D:\TI\CCS Theia\ccs\tools\compiler\ti-cgt-armllvm_4.0.3.LTS\lib\armv6m-ti-none-eabi\</path>
         <kind>archive</kind>
         <file>libclang_rt.builtins.a</file>
         <name>aeabi_ldivmod.S.obj</name>
      </input_file>
      <input_file id="fl-120">
         <path>D:\TI\CCS Theia\ccs\tools\compiler\ti-cgt-armllvm_4.0.3.LTS\lib\armv6m-ti-none-eabi\</path>
         <kind>archive</kind>
         <file>libclang_rt.builtins.a</file>
         <name>aeabi_memcpy.S.obj</name>
      </input_file>
      <input_file id="fl-121">
         <path>D:\TI\CCS Theia\ccs\tools\compiler\ti-cgt-armllvm_4.0.3.LTS\lib\armv6m-ti-none-eabi\</path>
         <kind>archive</kind>
         <file>libclang_rt.builtins.a</file>
         <name>aeabi_memset.S.obj</name>
      </input_file>
      <input_file id="fl-122">
         <path>D:\TI\CCS Theia\ccs\tools\compiler\ti-cgt-armllvm_4.0.3.LTS\lib\armv6m-ti-none-eabi\</path>
         <kind>archive</kind>
         <file>libclang_rt.builtins.a</file>
         <name>aeabi_uidivmod.S.obj</name>
      </input_file>
      <input_file id="fl-123">
         <path>D:\TI\CCS Theia\ccs\tools\compiler\ti-cgt-armllvm_4.0.3.LTS\lib\armv6m-ti-none-eabi\</path>
         <kind>archive</kind>
         <file>libclang_rt.builtins.a</file>
         <name>aeabi_uldivmod.S.obj</name>
      </input_file>
      <input_file id="fl-124">
         <path>D:\TI\CCS Theia\ccs\tools\compiler\ti-cgt-armllvm_4.0.3.LTS\lib\armv6m-ti-none-eabi\</path>
         <kind>archive</kind>
         <file>libclang_rt.builtins.a</file>
         <name>comparesf2.S.obj</name>
      </input_file>
      <input_file id="fl-125">
         <path>D:\TI\CCS Theia\ccs\tools\compiler\ti-cgt-armllvm_4.0.3.LTS\lib\armv6m-ti-none-eabi\</path>
         <kind>archive</kind>
         <file>libclang_rt.builtins.a</file>
         <name>udivmoddi4.S.obj</name>
      </input_file>
      <input_file id="fl-126">
         <path>D:\TI\CCS Theia\ccs\tools\compiler\ti-cgt-armllvm_4.0.3.LTS\lib\armv6m-ti-none-eabi\</path>
         <kind>archive</kind>
         <file>libclang_rt.builtins.a</file>
         <name>ashldi3.S.obj</name>
      </input_file>
      <input_file id="fl-127">
         <path>D:\TI\CCS Theia\ccs\tools\compiler\ti-cgt-armllvm_4.0.3.LTS\lib\armv6m-ti-none-eabi\</path>
         <kind>archive</kind>
         <file>libclang_rt.builtins.a</file>
         <name>comparedf2.c.obj</name>
      </input_file>
      <input_file id="fl-128">
         <path>D:\TI\CCS Theia\ccs\tools\compiler\ti-cgt-armllvm_4.0.3.LTS\lib\armv6m-ti-none-eabi\</path>
         <kind>archive</kind>
         <file>libclang_rt.builtins.a</file>
         <name>divmoddi4.c.obj</name>
      </input_file>
      <input_file id="fl-129">
         <path>D:\TI\CCS Theia\ccs\tools\compiler\ti-cgt-armllvm_4.0.3.LTS\lib\armv6m-ti-none-eabi\</path>
         <kind>archive</kind>
         <file>libclang_rt.builtins.a</file>
         <name>aeabi_div0.c.obj</name>
      </input_file>
      <input_file id="fl-12a">
         <path>D:\TI\CCS Theia\ccs\tools\compiler\ti-cgt-armllvm_4.0.3.LTS\lib\armv6m-ti-none-eabi\c\</path>
         <kind>archive</kind>
         <file>libc.a</file>
         <name>getdevice.c.obj</name>
      </input_file>
      <input_file id="fl-12b">
         <path>D:\TI\CCS Theia\ccs\tools\compiler\ti-cgt-armllvm_4.0.3.LTS\lib\armv6m-ti-none-eabi\c\</path>
         <kind>archive</kind>
         <file>libc.a</file>
         <name>memcpy16.S.obj</name>
      </input_file>
      <input_file id="fl-12c">
         <path>D:\TI\CCS Theia\ccs\tools\compiler\ti-cgt-armllvm_4.0.3.LTS\lib\armv6m-ti-none-eabi\c\</path>
         <kind>archive</kind>
         <file>libc.a</file>
         <name>memset16.S.obj</name>
      </input_file>
      <input_file id="fl-12d">
         <path>D:\TI\CCS Theia\ccs\tools\compiler\ti-cgt-armllvm_4.0.3.LTS\lib\armv6m-ti-none-eabi\c\</path>
         <kind>archive</kind>
         <file>libc.a</file>
         <name>strcmp-armv6m.S.obj</name>
      </input_file>
   </input_file_list>
   <object_component_list>
      <object_component id="oc-18">
         <name>.intvecs</name>
         <load_address>0x0</load_address>
         <readonly>true</readonly>
         <run_address>0x0</run_address>
         <size>0xc0</size>
         <alignment>0x4</alignment>
         <input_file_ref idref="fl-2"/>
      </object_component>
      <object_component id="oc-246">
         <name>.text:__TI_printfi</name>
         <load_address>0xc0</load_address>
         <readonly>true</readonly>
         <executable>true</executable>
         <run_address>0xc0</run_address>
         <size>0x9d0</size>
         <alignment>0x4</alignment>
         <input_file_ref idref="fl-36"/>
      </object_component>
      <object_component id="oc-81">
         <name>.text.main</name>
         <load_address>0xa90</load_address>
         <readonly>true</readonly>
         <executable>true</executable>
         <run_address>0xa90</run_address>
         <size>0x648</size>
         <alignment>0x4</alignment>
         <input_file_ref idref="fl-3"/>
      </object_component>
      <object_component id="oc-cc">
         <name>.text.OLED_PrintVar</name>
         <load_address>0x10d8</load_address>
         <readonly>true</readonly>
         <executable>true</executable>
         <run_address>0x10d8</run_address>
         <size>0x2b4</size>
         <alignment>0x4</alignment>
         <input_file_ref idref="fl-b"/>
      </object_component>
      <object_component id="oc-130">
         <name>.text.SYSCFG_DL_GPIO_init</name>
         <load_address>0x138c</load_address>
         <readonly>true</readonly>
         <executable>true</executable>
         <run_address>0x138c</run_address>
         <size>0x294</size>
         <alignment>0x4</alignment>
         <input_file_ref idref="fl-1"/>
      </object_component>
      <object_component id="oc-266">
         <name>.text._pconv_a</name>
         <load_address>0x1620</load_address>
         <readonly>true</readonly>
         <executable>true</executable>
         <run_address>0x1620</run_address>
         <size>0x220</size>
         <alignment>0x4</alignment>
         <input_file_ref idref="fl-36"/>
      </object_component>
      <object_component id="oc-267">
         <name>.text._pconv_g</name>
         <load_address>0x1840</load_address>
         <readonly>true</readonly>
         <executable>true</executable>
         <run_address>0x1840</run_address>
         <size>0x1dc</size>
         <alignment>0x4</alignment>
         <input_file_ref idref="fl-36"/>
      </object_component>
      <object_component id="oc-cb">
         <name>.text.OLED_PrintText</name>
         <load_address>0x1a1c</load_address>
         <readonly>true</readonly>
         <executable>true</executable>
         <run_address>0x1a1c</run_address>
         <size>0x1a4</size>
         <alignment>0x4</alignment>
         <input_file_ref idref="fl-b"/>
      </object_component>
      <object_component id="oc-293">
         <name>.text.adddf3_subdf3</name>
         <load_address>0x1bc0</load_address>
         <readonly>true</readonly>
         <executable>true</executable>
         <run_address>0x1bc0</run_address>
         <size>0x192</size>
         <alignment>0x4</alignment>
         <input_file_ref idref="fl-10d"/>
      </object_component>
      <object_component id="oc-175">
         <name>.text.__aeabi_idiv0</name>
         <load_address>0x1d52</load_address>
         <readonly>true</readonly>
         <executable>true</executable>
         <run_address>0x1d52</run_address>
         <size>0x2</size>
         <alignment>0x2</alignment>
         <input_file_ref idref="fl-129"/>
      </object_component>
      <object_component id="oc-fc">
         <name>.text.PID_Calc</name>
         <load_address>0x1d54</load_address>
         <readonly>true</readonly>
         <executable>true</executable>
         <run_address>0x1d54</run_address>
         <size>0x154</size>
         <alignment>0x4</alignment>
         <input_file_ref idref="fl-c"/>
      </object_component>
      <object_component id="oc-297">
         <name>.text.fcvt</name>
         <load_address>0x1ea8</load_address>
         <readonly>true</readonly>
         <executable>true</executable>
         <run_address>0x1ea8</run_address>
         <size>0x13c</size>
         <alignment>0x4</alignment>
         <input_file_ref idref="fl-36"/>
      </object_component>
      <object_component id="oc-269">
         <name>.text._pconv_e</name>
         <load_address>0x1fe4</load_address>
         <readonly>true</readonly>
         <executable>true</executable>
         <run_address>0x1fe4</run_address>
         <size>0x120</size>
         <alignment>0x4</alignment>
         <input_file_ref idref="fl-36"/>
      </object_component>
      <object_component id="oc-34">
         <name>.text.GROUP1_IRQHandler</name>
         <load_address>0x2104</load_address>
         <readonly>true</readonly>
         <executable>true</executable>
         <run_address>0x2104</run_address>
         <size>0x11c</size>
         <alignment>0x4</alignment>
         <input_file_ref idref="fl-3"/>
      </object_component>
      <object_component id="oc-db">
         <name>.text.__divdf3</name>
         <load_address>0x2220</load_address>
         <readonly>true</readonly>
         <executable>true</executable>
         <run_address>0x2220</run_address>
         <size>0x10c</size>
         <alignment>0x4</alignment>
         <input_file_ref idref="fl-112"/>
      </object_component>
      <object_component id="oc-c8">
         <name>.text.OLED_Begin</name>
         <load_address>0x232c</load_address>
         <readonly>true</readonly>
         <executable>true</executable>
         <run_address>0x232c</run_address>
         <size>0x10a</size>
         <alignment>0x2</alignment>
         <input_file_ref idref="fl-b"/>
      </object_component>
      <object_component id="oc-299">
         <name>.text.__aeabi_ldiv0</name>
         <load_address>0x2436</load_address>
         <readonly>true</readonly>
         <executable>true</executable>
         <run_address>0x2436</run_address>
         <size>0x2</size>
         <alignment>0x2</alignment>
         <input_file_ref idref="fl-129"/>
      </object_component>
      <object_component id="oc-1d4">
         <name>.text.DL_Timer_initFourCCPWMMode</name>
         <load_address>0x2438</load_address>
         <readonly>true</readonly>
         <executable>true</executable>
         <run_address>0x2438</run_address>
         <size>0x104</size>
         <alignment>0x4</alignment>
         <input_file_ref idref="fl-1c"/>
      </object_component>
      <object_component id="oc-e7">
         <name>.text.MOTOR_SetDuty</name>
         <load_address>0x253c</load_address>
         <readonly>true</readonly>
         <executable>true</executable>
         <run_address>0x253c</run_address>
         <size>0xec</size>
         <alignment>0x4</alignment>
         <input_file_ref idref="fl-9"/>
      </object_component>
      <object_component id="oc-1dc">
         <name>.text.DL_Timer_initTimerMode</name>
         <load_address>0x2628</load_address>
         <readonly>true</readonly>
         <executable>true</executable>
         <run_address>0x2628</run_address>
         <size>0xe8</size>
         <alignment>0x4</alignment>
         <input_file_ref idref="fl-1c"/>
      </object_component>
      <object_component id="oc-180">
         <name>.text.__muldf3</name>
         <load_address>0x2710</load_address>
         <readonly>true</readonly>
         <executable>true</executable>
         <run_address>0x2710</run_address>
         <size>0xe4</size>
         <alignment>0x4</alignment>
         <input_file_ref idref="fl-10e"/>
      </object_component>
      <object_component id="oc-1c5">
         <name>.text.DL_SYSCTL_configSYSPLL</name>
         <load_address>0x27f4</load_address>
         <readonly>true</readonly>
         <executable>true</executable>
         <run_address>0x27f4</run_address>
         <size>0xdc</size>
         <alignment>0x4</alignment>
         <input_file_ref idref="fl-1e"/>
      </object_component>
      <object_component id="oc-132">
         <name>.text.SYSCFG_DL_TIMA0_PWM_init</name>
         <load_address>0x28d0</load_address>
         <readonly>true</readonly>
         <executable>true</executable>
         <run_address>0x28d0</run_address>
         <size>0xd8</size>
         <alignment>0x4</alignment>
         <input_file_ref idref="fl-1"/>
      </object_component>
      <object_component id="oc-282">
         <name>.text.scalbn</name>
         <load_address>0x29a8</load_address>
         <readonly>true</readonly>
         <executable>true</executable>
         <run_address>0x29a8</run_address>
         <size>0xd8</size>
         <alignment>0x4</alignment>
         <input_file_ref idref="fl-42"/>
      </object_component>
      <object_component id="oc-d3">
         <name>.text</name>
         <load_address>0x2a80</load_address>
         <readonly>true</readonly>
         <executable>true</executable>
         <run_address>0x2a80</run_address>
         <size>0xd8</size>
         <alignment>0x4</alignment>
         <input_file_ref idref="fl-10c"/>
      </object_component>
      <object_component id="oc-12f">
         <name>.text.SYSCFG_DL_initPower</name>
         <load_address>0x2b58</load_address>
         <readonly>true</readonly>
         <executable>true</executable>
         <run_address>0x2b58</run_address>
         <size>0xd4</size>
         <alignment>0x4</alignment>
         <input_file_ref idref="fl-1"/>
      </object_component>
      <object_component id="oc-279">
         <name>.text</name>
         <load_address>0x2c2c</load_address>
         <readonly>true</readonly>
         <executable>true</executable>
         <run_address>0x2c2c</run_address>
         <size>0xa2</size>
         <alignment>0x4</alignment>
         <input_file_ref idref="fl-125"/>
      </object_component>
      <object_component id="oc-90">
         <name>.text.__mulsf3</name>
         <load_address>0x2cd0</load_address>
         <readonly>true</readonly>
         <executable>true</executable>
         <run_address>0x2cd0</run_address>
         <size>0x8c</size>
         <alignment>0x4</alignment>
         <input_file_ref idref="fl-110"/>
      </object_component>
      <object_component id="oc-1d1">
         <name>.text.__NVIC_SetPriority</name>
         <load_address>0x2d5c</load_address>
         <readonly>true</readonly>
         <executable>true</executable>
         <run_address>0x2d5c</run_address>
         <size>0x84</size>
         <alignment>0x4</alignment>
         <input_file_ref idref="fl-1"/>
      </object_component>
      <object_component id="oc-d1">
         <name>.text.OLED_Clear</name>
         <load_address>0x2de0</load_address>
         <readonly>true</readonly>
         <executable>true</executable>
         <run_address>0x2de0</run_address>
         <size>0x82</size>
         <alignment>0x2</alignment>
         <input_file_ref idref="fl-b"/>
      </object_component>
      <object_component id="oc-94">
         <name>.text.__divsf3</name>
         <load_address>0x2e64</load_address>
         <readonly>true</readonly>
         <executable>true</executable>
         <run_address>0x2e64</run_address>
         <size>0x82</size>
         <alignment>0x4</alignment>
         <input_file_ref idref="fl-111"/>
      </object_component>
      <object_component id="oc-14e">
         <name>.text.OLED_SetCursor</name>
         <load_address>0x2ee6</load_address>
         <readonly>true</readonly>
         <executable>true</executable>
         <run_address>0x2ee6</run_address>
         <size>0x7e</size>
         <alignment>0x2</alignment>
         <input_file_ref idref="fl-b"/>
      </object_component>
      <object_component id="oc-6c">
         <name>.text.IR_Update</name>
         <load_address>0x2f64</load_address>
         <readonly>true</readonly>
         <executable>true</executable>
         <run_address>0x2f64</run_address>
         <size>0x7c</size>
         <alignment>0x4</alignment>
         <input_file_ref idref="fl-7"/>
      </object_component>
      <object_component id="oc-1c">
         <name>.text:decompress:lzss</name>
         <load_address>0x2fe0</load_address>
         <readonly>true</readonly>
         <executable>true</executable>
         <run_address>0x2fe0</run_address>
         <size>0x7c</size>
         <alignment>0x4</alignment>
         <input_file_ref idref="fl-56"/>
      </object_component>
      <object_component id="oc-65">
         <name>.text.ENCODER_Update</name>
         <load_address>0x305c</load_address>
         <readonly>true</readonly>
         <executable>true</executable>
         <run_address>0x305c</run_address>
         <size>0x78</size>
         <alignment>0x4</alignment>
         <input_file_ref idref="fl-4"/>
      </object_component>
      <object_component id="oc-14d">
         <name>.text.OLED_WriteCommand</name>
         <load_address>0x30d4</load_address>
         <readonly>true</readonly>
         <executable>true</executable>
         <run_address>0x30d4</run_address>
         <size>0x74</size>
         <alignment>0x2</alignment>
         <input_file_ref idref="fl-b"/>
      </object_component>
      <object_component id="oc-14f">
         <name>.text.OLED_WriteData</name>
         <load_address>0x3148</load_address>
         <readonly>true</readonly>
         <executable>true</executable>
         <run_address>0x3148</run_address>
         <size>0x74</size>
         <alignment>0x2</alignment>
         <input_file_ref idref="fl-b"/>
      </object_component>
      <object_component id="oc-194">
         <name>.text.__gedf2</name>
         <load_address>0x31bc</load_address>
         <readonly>true</readonly>
         <executable>true</executable>
         <run_address>0x31bc</run_address>
         <size>0x74</size>
         <alignment>0x4</alignment>
         <input_file_ref idref="fl-127"/>
      </object_component>
      <object_component id="oc-df">
         <name>.text.__truncdfsf2</name>
         <load_address>0x3230</load_address>
         <readonly>true</readonly>
         <executable>true</executable>
         <run_address>0x3230</run_address>
         <size>0x74</size>
         <alignment>0x10</alignment>
         <input_file_ref idref="fl-11b"/>
      </object_component>
      <object_component id="oc-e4">
         <name>.text.IR_LineError</name>
         <load_address>0x32a4</load_address>
         <readonly>true</readonly>
         <executable>true</executable>
         <run_address>0x32a4</run_address>
         <size>0x70</size>
         <alignment>0x4</alignment>
         <input_file_ref idref="fl-7"/>
      </object_component>
      <object_component id="oc-153">
         <name>.text.cmpStrings</name>
         <load_address>0x3314</load_address>
         <readonly>true</readonly>
         <executable>true</executable>
         <run_address>0x3314</run_address>
         <size>0x6c</size>
         <alignment>0x2</alignment>
         <input_file_ref idref="fl-b"/>
      </object_component>
      <object_component id="oc-17f">
         <name>.text.MOTOR_SetDir</name>
         <load_address>0x3380</load_address>
         <readonly>true</readonly>
         <executable>true</executable>
         <run_address>0x3380</run_address>
         <size>0x6a</size>
         <alignment>0x2</alignment>
         <input_file_ref idref="fl-9"/>
      </object_component>
      <object_component id="oc-18e">
         <name>.text.__ledf2</name>
         <load_address>0x33ec</load_address>
         <readonly>true</readonly>
         <executable>true</executable>
         <run_address>0x33ec</run_address>
         <size>0x68</size>
         <alignment>0x4</alignment>
         <input_file_ref idref="fl-127"/>
      </object_component>
      <object_component id="oc-292">
         <name>.text._mcpy</name>
         <load_address>0x3454</load_address>
         <readonly>true</readonly>
         <executable>true</executable>
         <run_address>0x3454</run_address>
         <size>0x66</size>
         <alignment>0x2</alignment>
         <input_file_ref idref="fl-36"/>
      </object_component>
      <object_component id="oc-f7">
         <name>.text.__aeabi_dcmp</name>
         <load_address>0x34bc</load_address>
         <readonly>true</readonly>
         <executable>true</executable>
         <run_address>0x34bc</run_address>
         <size>0x62</size>
         <alignment>0x4</alignment>
         <input_file_ref idref="fl-11c"/>
      </object_component>
      <object_component id="oc-196">
         <name>.text.__aeabi_fcmp</name>
         <load_address>0x3520</load_address>
         <readonly>true</readonly>
         <executable>true</executable>
         <run_address>0x3520</run_address>
         <size>0x62</size>
         <alignment>0x4</alignment>
         <input_file_ref idref="fl-11d"/>
      </object_component>
      <object_component id="oc-208">
         <name>.text.DL_I2C_fillControllerTXFIFO</name>
         <load_address>0x3582</load_address>
         <readonly>true</readonly>
         <executable>true</executable>
         <run_address>0x3582</run_address>
         <size>0x5e</size>
         <alignment>0x2</alignment>
         <input_file_ref idref="fl-1b"/>
      </object_component>
      <object_component id="oc-131">
         <name>.text.SYSCFG_DL_SYSCTL_init</name>
         <load_address>0x35e0</load_address>
         <readonly>true</readonly>
         <executable>true</executable>
         <run_address>0x35e0</run_address>
         <size>0x5c</size>
         <alignment>0x4</alignment>
         <input_file_ref idref="fl-1"/>
      </object_component>
      <object_component id="oc-27e">
         <name>.text.frexp</name>
         <load_address>0x363c</load_address>
         <readonly>true</readonly>
         <executable>true</executable>
         <run_address>0x363c</run_address>
         <size>0x5c</size>
         <alignment>0x4</alignment>
         <input_file_ref idref="fl-41"/>
      </object_component>
      <object_component id="oc-136">
         <name>.text.SYSCFG_DL_I2C_0_init</name>
         <load_address>0x3698</load_address>
         <readonly>true</readonly>
         <executable>true</executable>
         <run_address>0x3698</run_address>
         <size>0x58</size>
         <alignment>0x4</alignment>
         <input_file_ref idref="fl-1"/>
      </object_component>
      <object_component id="oc-135">
         <name>.text.SYSCFG_DL_I2C_1_init</name>
         <load_address>0x36f0</load_address>
         <readonly>true</readonly>
         <executable>true</executable>
         <run_address>0x36f0</run_address>
         <size>0x58</size>
         <alignment>0x4</alignment>
         <input_file_ref idref="fl-1"/>
      </object_component>
      <object_component id="oc-286">
         <name>.text.__TI_ltoa</name>
         <load_address>0x3748</load_address>
         <readonly>true</readonly>
         <executable>true</executable>
         <run_address>0x3748</run_address>
         <size>0x58</size>
         <alignment>0x2</alignment>
         <input_file_ref idref="fl-47"/>
      </object_component>
      <object_component id="oc-268">
         <name>.text._pconv_f</name>
         <load_address>0x37a0</load_address>
         <readonly>true</readonly>
         <executable>true</executable>
         <run_address>0x37a0</run_address>
         <size>0x58</size>
         <alignment>0x2</alignment>
         <input_file_ref idref="fl-36"/>
      </object_component>
      <object_component id="oc-2a5">
         <name>.text.__aeabi_idivmod</name>
         <load_address>0x37f8</load_address>
         <readonly>true</readonly>
         <executable>true</executable>
         <run_address>0x37f8</run_address>
         <size>0x56</size>
         <alignment>0x4</alignment>
         <input_file_ref idref="fl-11e"/>
      </object_component>
      <object_component id="oc-ad">
         <name>.text.SYSCFG_DL_init</name>
         <load_address>0x3850</load_address>
         <readonly>true</readonly>
         <executable>true</executable>
         <run_address>0x3850</run_address>
         <size>0x54</size>
         <alignment>0x4</alignment>
         <input_file_ref idref="fl-1"/>
      </object_component>
      <object_component id="oc-290">
         <name>.text._ecpy</name>
         <load_address>0x38a4</load_address>
         <readonly>true</readonly>
         <executable>true</executable>
         <run_address>0x38a4</run_address>
         <size>0x52</size>
         <alignment>0x2</alignment>
         <input_file_ref idref="fl-36"/>
      </object_component>
      <object_component id="oc-20a">
         <name>.text.DL_I2C_startControllerTransfer</name>
         <load_address>0x38f8</load_address>
         <readonly>true</readonly>
         <executable>true</executable>
         <run_address>0x38f8</run_address>
         <size>0x50</size>
         <alignment>0x4</alignment>
         <input_file_ref idref="fl-b"/>
      </object_component>
      <object_component id="oc-138">
         <name>.text.SYSCFG_DL_UART1_JY901S_init</name>
         <load_address>0x3948</load_address>
         <readonly>true</readonly>
         <executable>true</executable>
         <run_address>0x3948</run_address>
         <size>0x50</size>
         <alignment>0x4</alignment>
         <input_file_ref idref="fl-1"/>
      </object_component>
      <object_component id="oc-1fa">
         <name>.text.DL_UART_setBaudRateDivisor</name>
         <load_address>0x3998</load_address>
         <readonly>true</readonly>
         <executable>true</executable>
         <run_address>0x3998</run_address>
         <size>0x4c</size>
         <alignment>0x4</alignment>
         <input_file_ref idref="fl-1"/>
      </object_component>
      <object_component id="oc-3a">
         <name>.text.TIMG6_IRQHandler</name>
         <load_address>0x39e4</load_address>
         <readonly>true</readonly>
         <executable>true</executable>
         <run_address>0x39e4</run_address>
         <size>0x4c</size>
         <alignment>0x4</alignment>
         <input_file_ref idref="fl-3"/>
      </object_component>
      <object_component id="oc-166">
         <name>.text.snprintf</name>
         <load_address>0x3a30</load_address>
         <readonly>true</readonly>
         <executable>true</executable>
         <run_address>0x3a30</run_address>
         <size>0x4c</size>
         <alignment>0x4</alignment>
         <input_file_ref idref="fl-37"/>
      </object_component>
      <object_component id="oc-184">
         <name>.text.__fixdfsi</name>
         <load_address>0x3a7c</load_address>
         <readonly>true</readonly>
         <executable>true</executable>
         <run_address>0x3a7c</run_address>
         <size>0x4a</size>
         <alignment>0x4</alignment>
         <input_file_ref idref="fl-114"/>
      </object_component>
      <object_component id="oc-1f8">
         <name>.text.DL_UART_init</name>
         <load_address>0x3ac8</load_address>
         <readonly>true</readonly>
         <executable>true</executable>
         <run_address>0x3ac8</run_address>
         <size>0x48</size>
         <alignment>0x4</alignment>
         <input_file_ref idref="fl-1d"/>
      </object_component>
      <object_component id="oc-e6">
         <name>.text.IR_ChkRightAngle_Right</name>
         <load_address>0x3b10</load_address>
         <readonly>true</readonly>
         <executable>true</executable>
         <run_address>0x3b10</run_address>
         <size>0x48</size>
         <alignment>0x4</alignment>
         <input_file_ref idref="fl-7"/>
      </object_component>
      <object_component id="oc-1d0">
         <name>.text.DL_SYSCTL_switchMCLKfromSYSOSCtoHSCLK</name>
         <load_address>0x3b58</load_address>
         <readonly>true</readonly>
         <executable>true</executable>
         <run_address>0x3b58</run_address>
         <size>0x44</size>
         <alignment>0x4</alignment>
         <input_file_ref idref="fl-1e"/>
      </object_component>
      <object_component id="oc-e5">
         <name>.text.IR_ChkRightAngle_Left</name>
         <load_address>0x3b9c</load_address>
         <readonly>true</readonly>
         <executable>true</executable>
         <run_address>0x3b9c</run_address>
         <size>0x40</size>
         <alignment>0x4</alignment>
         <input_file_ref idref="fl-7"/>
      </object_component>
      <object_component id="oc-137">
         <name>.text.SYSCFG_DL_UART0_DEBUG_init</name>
         <load_address>0x3bdc</load_address>
         <readonly>true</readonly>
         <executable>true</executable>
         <run_address>0x3bdc</run_address>
         <size>0x40</size>
         <alignment>0x4</alignment>
         <input_file_ref idref="fl-1"/>
      </object_component>
      <object_component id="oc-139">
         <name>.text.SYSCFG_DL_UART2_LCD_init</name>
         <load_address>0x3c1c</load_address>
         <readonly>true</readonly>
         <executable>true</executable>
         <run_address>0x3c1c</run_address>
         <size>0x40</size>
         <alignment>0x4</alignment>
         <input_file_ref idref="fl-1"/>
      </object_component>
      <object_component id="oc-13a">
         <name>.text.SYSCFG_DL_UART3_K230_init</name>
         <load_address>0x3c5c</load_address>
         <readonly>true</readonly>
         <executable>true</executable>
         <run_address>0x3c5c</run_address>
         <size>0x40</size>
         <alignment>0x4</alignment>
         <input_file_ref idref="fl-1"/>
      </object_component>
      <object_component id="oc-cd">
         <name>.text.__aeabi_uidivmod</name>
         <load_address>0x3c9c</load_address>
         <readonly>true</readonly>
         <executable>true</executable>
         <run_address>0x3c9c</run_address>
         <size>0x40</size>
         <alignment>0x4</alignment>
         <input_file_ref idref="fl-122"/>
      </object_component>
      <object_component id="oc-d7">
         <name>.text.__extendsfdf2</name>
         <load_address>0x3cdc</load_address>
         <readonly>true</readonly>
         <executable>true</executable>
         <run_address>0x3cdc</run_address>
         <size>0x40</size>
         <alignment>0x4</alignment>
         <input_file_ref idref="fl-113"/>
      </object_component>
      <object_component id="oc-250">
         <name>.text.atoi</name>
         <load_address>0x3d1c</load_address>
         <readonly>true</readonly>
         <executable>true</executable>
         <run_address>0x3d1c</run_address>
         <size>0x40</size>
         <alignment>0x4</alignment>
         <input_file_ref idref="fl-49"/>
      </object_component>
      <object_component id="oc-b9">
         <name>.text.MOTOR_Init</name>
         <load_address>0x3d5c</load_address>
         <readonly>true</readonly>
         <executable>true</executable>
         <run_address>0x3d5c</run_address>
         <size>0x3e</size>
         <alignment>0x2</alignment>
         <input_file_ref idref="fl-9"/>
      </object_component>
      <object_component id="oc-1b6">
         <name>.text.DL_GPIO_initPeripheralInputFunctionFeatures</name>
         <load_address>0x3d9c</load_address>
         <readonly>true</readonly>
         <executable>true</executable>
         <run_address>0x3d9c</run_address>
         <size>0x3c</size>
         <alignment>0x4</alignment>
         <input_file_ref idref="fl-1"/>
      </object_component>
      <object_component id="oc-20b">
         <name>.text.DL_I2C_flushControllerTXFIFO</name>
         <load_address>0x3dd8</load_address>
         <readonly>true</readonly>
         <executable>true</executable>
         <run_address>0x3dd8</run_address>
         <size>0x3c</size>
         <alignment>0x4</alignment>
         <input_file_ref idref="fl-1b"/>
      </object_component>
      <object_component id="oc-1d5">
         <name>.text.DL_Timer_setCounterControl</name>
         <load_address>0x3e14</load_address>
         <readonly>true</readonly>
         <executable>true</executable>
         <run_address>0x3e14</run_address>
         <size>0x3c</size>
         <alignment>0x4</alignment>
         <input_file_ref idref="fl-1"/>
      </object_component>
      <object_component id="oc-133">
         <name>.text.SYSCFG_DL_TIMER_ENC_init</name>
         <load_address>0x3e50</load_address>
         <readonly>true</readonly>
         <executable>true</executable>
         <run_address>0x3e50</run_address>
         <size>0x3c</size>
         <alignment>0x4</alignment>
         <input_file_ref idref="fl-1"/>
      </object_component>
      <object_component id="oc-134">
         <name>.text.SYSCFG_DL_TIMER_General_init</name>
         <load_address>0x3e8c</load_address>
         <readonly>true</readonly>
         <executable>true</executable>
         <run_address>0x3e8c</run_address>
         <size>0x3c</size>
         <alignment>0x4</alignment>
         <input_file_ref idref="fl-1"/>
      </object_component>
      <object_component id="oc-8c">
         <name>.text.__floatsisf</name>
         <load_address>0x3ec8</load_address>
         <readonly>true</readonly>
         <executable>true</executable>
         <run_address>0x3ec8</run_address>
         <size>0x3c</size>
         <alignment>0x4</alignment>
         <input_file_ref idref="fl-118"/>
      </object_component>
      <object_component id="oc-22a">
         <name>.text.__gtsf2</name>
         <load_address>0x3f04</load_address>
         <readonly>true</readonly>
         <executable>true</executable>
         <run_address>0x3f04</run_address>
         <size>0x3c</size>
         <alignment>0x4</alignment>
         <input_file_ref idref="fl-124"/>
      </object_component>
      <object_component id="oc-10e">
         <name>.text:__TI_auto_init_nobinit_nopinit</name>
         <load_address>0x3f40</load_address>
         <readonly>true</readonly>
         <executable>true</executable>
         <run_address>0x3f40</run_address>
         <size>0x3c</size>
         <alignment>0x4</alignment>
         <input_file_ref idref="fl-51"/>
      </object_component>
      <object_component id="oc-225">
         <name>.text.__eqsf2</name>
         <load_address>0x3f7c</load_address>
         <readonly>true</readonly>
         <executable>true</executable>
         <run_address>0x3f7c</run_address>
         <size>0x3a</size>
         <alignment>0x4</alignment>
         <input_file_ref idref="fl-124"/>
      </object_component>
      <object_component id="oc-121">
         <name>.text.__muldsi3</name>
         <load_address>0x3fb8</load_address>
         <readonly>true</readonly>
         <executable>true</executable>
         <run_address>0x3fb8</run_address>
         <size>0x3a</size>
         <alignment>0x4</alignment>
         <input_file_ref idref="fl-10f"/>
      </object_component>
      <object_component id="oc-bf">
         <name>.text.ENCODER_Init</name>
         <load_address>0x3ff2</load_address>
         <readonly>true</readonly>
         <executable>true</executable>
         <run_address>0x3ff2</run_address>
         <size>0x38</size>
         <alignment>0x2</alignment>
         <input_file_ref idref="fl-4"/>
      </object_component>
      <object_component id="oc-39">
         <name>.text.TIMG0_IRQHandler</name>
         <load_address>0x402c</load_address>
         <readonly>true</readonly>
         <executable>true</executable>
         <run_address>0x402c</run_address>
         <size>0x38</size>
         <alignment>0x4</alignment>
         <input_file_ref idref="fl-3"/>
      </object_component>
      <object_component id="oc-154">
         <name>.text.__fixsfsi</name>
         <load_address>0x4064</load_address>
         <readonly>true</readonly>
         <executable>true</executable>
         <run_address>0x4064</run_address>
         <size>0x38</size>
         <alignment>0x4</alignment>
         <input_file_ref idref="fl-115"/>
      </object_component>
      <object_component id="oc-158">
         <name>.text.sprintf</name>
         <load_address>0x409c</load_address>
         <readonly>true</readonly>
         <executable>true</executable>
         <run_address>0x409c</run_address>
         <size>0x38</size>
         <alignment>0x4</alignment>
         <input_file_ref idref="fl-38"/>
      </object_component>
      <object_component id="oc-1ba">
         <name>.text.DL_GPIO_initDigitalInputFeatures</name>
         <load_address>0x40d4</load_address>
         <readonly>true</readonly>
         <executable>true</executable>
         <run_address>0x40d4</run_address>
         <size>0x34</size>
         <alignment>0x4</alignment>
         <input_file_ref idref="fl-1"/>
      </object_component>
      <object_component id="oc-b3">
         <name>.text.PID_Init</name>
         <load_address>0x4108</load_address>
         <readonly>true</readonly>
         <executable>true</executable>
         <run_address>0x4108</run_address>
         <size>0x34</size>
         <alignment>0x2</alignment>
         <input_file_ref idref="fl-c"/>
      </object_component>
      <object_component id="oc-162">
         <name>.text.__fixunssfsi</name>
         <load_address>0x413c</load_address>
         <readonly>true</readonly>
         <executable>true</executable>
         <run_address>0x413c</run_address>
         <size>0x32</size>
         <alignment>0x4</alignment>
         <input_file_ref idref="fl-116"/>
      </object_component>
      <object_component id="oc-291">
         <name>.text._fcpy</name>
         <load_address>0x416e</load_address>
         <readonly>true</readonly>
         <executable>true</executable>
         <run_address>0x416e</run_address>
         <size>0x30</size>
         <alignment>0x2</alignment>
         <input_file_ref idref="fl-36"/>
      </object_component>
      <object_component id="oc-216">
         <name>.text._outs</name>
         <load_address>0x419e</load_address>
         <readonly>true</readonly>
         <executable>true</executable>
         <run_address>0x419e</run_address>
         <size>0x30</size>
         <alignment>0x2</alignment>
         <input_file_ref idref="fl-37"/>
      </object_component>
      <object_component id="oc-e8">
         <name>.text.IR_Read</name>
         <load_address>0x41d0</load_address>
         <readonly>true</readonly>
         <executable>true</executable>
         <run_address>0x41d0</run_address>
         <size>0x2c</size>
         <alignment>0x4</alignment>
         <input_file_ref idref="fl-7"/>
      </object_component>
      <object_component id="oc-149">
         <name>.text.__NVIC_ClearPendingIRQ</name>
         <load_address>0x41fc</load_address>
         <readonly>true</readonly>
         <executable>true</executable>
         <run_address>0x41fc</run_address>
         <size>0x2c</size>
         <alignment>0x4</alignment>
         <input_file_ref idref="fl-4"/>
      </object_component>
      <object_component id="oc-6b">
         <name>.text.__NVIC_ClearPendingIRQ</name>
         <load_address>0x4228</load_address>
         <readonly>true</readonly>
         <executable>true</executable>
         <run_address>0x4228</run_address>
         <size>0x2c</size>
         <alignment>0x4</alignment>
         <input_file_ref idref="fl-3"/>
      </object_component>
      <object_component id="oc-14a">
         <name>.text.__NVIC_EnableIRQ</name>
         <load_address>0x4254</load_address>
         <readonly>true</readonly>
         <executable>true</executable>
         <run_address>0x4254</run_address>
         <size>0x2c</size>
         <alignment>0x4</alignment>
         <input_file_ref idref="fl-4"/>
      </object_component>
      <object_component id="oc-c1">
         <name>.text.__NVIC_EnableIRQ</name>
         <load_address>0x4280</load_address>
         <readonly>true</readonly>
         <executable>true</executable>
         <run_address>0x4280</run_address>
         <size>0x2c</size>
         <alignment>0x4</alignment>
         <input_file_ref idref="fl-3"/>
      </object_component>
      <object_component id="oc-28a">
         <name>.text.__floatsidf</name>
         <load_address>0x42ac</load_address>
         <readonly>true</readonly>
         <executable>true</executable>
         <run_address>0x42ac</run_address>
         <size>0x2c</size>
         <alignment>0x4</alignment>
         <input_file_ref idref="fl-117"/>
      </object_component>
      <object_component id="oc-23e">
         <name>.text.DL_Common_updateReg</name>
         <load_address>0x42d8</load_address>
         <readonly>true</readonly>
         <executable>true</executable>
         <run_address>0x42d8</run_address>
         <size>0x28</size>
         <alignment>0x2</alignment>
         <input_file_ref idref="fl-b"/>
      </object_component>
      <object_component id="oc-237">
         <name>.text.DL_Common_updateReg</name>
         <load_address>0x4300</load_address>
         <readonly>true</readonly>
         <executable>true</executable>
         <run_address>0x4300</run_address>
         <size>0x28</size>
         <alignment>0x2</alignment>
         <input_file_ref idref="fl-1"/>
      </object_component>
      <object_component id="oc-1ed">
         <name>.text.DL_I2C_setControllerRXFIFOThreshold</name>
         <load_address>0x4328</load_address>
         <readonly>true</readonly>
         <executable>true</executable>
         <run_address>0x4328</run_address>
         <size>0x28</size>
         <alignment>0x4</alignment>
         <input_file_ref idref="fl-1"/>
      </object_component>
      <object_component id="oc-1ec">
         <name>.text.DL_I2C_setControllerTXFIFOThreshold</name>
         <load_address>0x4350</load_address>
         <readonly>true</readonly>
         <executable>true</executable>
         <run_address>0x4350</run_address>
         <size>0x28</size>
         <alignment>0x4</alignment>
         <input_file_ref idref="fl-1"/>
      </object_component>
      <object_component id="oc-98">
         <name>.text.__floatunsisf</name>
         <load_address>0x4378</load_address>
         <readonly>true</readonly>
         <executable>true</executable>
         <run_address>0x4378</run_address>
         <size>0x28</size>
         <alignment>0x4</alignment>
         <input_file_ref idref="fl-119"/>
      </object_component>
      <object_component id="oc-56">
         <name>.text:_c_int00_noargs</name>
         <load_address>0x43a0</load_address>
         <readonly>true</readonly>
         <executable>true</executable>
         <run_address>0x43a0</run_address>
         <size>0x28</size>
         <alignment>0x4</alignment>
         <input_file_ref idref="fl-4f"/>
      </object_component>
      <object_component id="oc-1e8">
         <name>.text.DL_I2C_setAnalogGlitchFilterPulseWidth</name>
         <load_address>0x43c8</load_address>
         <readonly>true</readonly>
         <executable>true</executable>
         <run_address>0x43c8</run_address>
         <size>0x26</size>
         <alignment>0x2</alignment>
         <input_file_ref idref="fl-1"/>
      </object_component>
      <object_component id="oc-1e2">
         <name>.text.DL_I2C_setClockConfig</name>
         <load_address>0x43ee</load_address>
         <readonly>true</readonly>
         <executable>true</executable>
         <run_address>0x43ee</run_address>
         <size>0x26</size>
         <alignment>0x2</alignment>
         <input_file_ref idref="fl-1b"/>
      </object_component>
      <object_component id="oc-25d">
         <name>.text.__muldi3</name>
         <load_address>0x4414</load_address>
         <readonly>true</readonly>
         <executable>true</executable>
         <run_address>0x4414</run_address>
         <size>0x24</size>
         <alignment>0x4</alignment>
         <input_file_ref idref="fl-11a"/>
      </object_component>
      <object_component id="oc-b2">
         <name>.text.delay</name>
         <load_address>0x4438</load_address>
         <readonly>true</readonly>
         <executable>true</executable>
         <run_address>0x4438</run_address>
         <size>0x24</size>
         <alignment>0x4</alignment>
         <input_file_ref idref="fl-3"/>
      </object_component>
      <object_component id="oc-fb">
         <name>.text.PID_SetParam</name>
         <load_address>0x445c</load_address>
         <readonly>true</readonly>
         <executable>true</executable>
         <run_address>0x445c</run_address>
         <size>0x22</size>
         <alignment>0x2</alignment>
         <input_file_ref idref="fl-c"/>
      </object_component>
      <object_component id="oc-249">
         <name>.text.memccpy</name>
         <load_address>0x447e</load_address>
         <readonly>true</readonly>
         <executable>true</executable>
         <run_address>0x447e</run_address>
         <size>0x22</size>
         <alignment>0x2</alignment>
         <input_file_ref idref="fl-4b"/>
      </object_component>
      <object_component id="oc-1b8">
         <name>.text.DL_GPIO_initPeripheralInputFunction</name>
         <load_address>0x44a0</load_address>
         <readonly>true</readonly>
         <executable>true</executable>
         <run_address>0x44a0</run_address>
         <size>0x20</size>
         <alignment>0x4</alignment>
         <input_file_ref idref="fl-1"/>
      </object_component>
      <object_component id="oc-1c1">
         <name>.text.DL_SYSCTL_setFlashWaitState</name>
         <load_address>0x44c0</load_address>
         <readonly>true</readonly>
         <executable>true</executable>
         <run_address>0x44c0</run_address>
         <size>0x20</size>
         <alignment>0x4</alignment>
         <input_file_ref idref="fl-1"/>
      </object_component>
      <object_component id="oc-1cc">
         <name>.text.DL_SYSCTL_setHFCLKDividerForMFPCLK</name>
         <load_address>0x44e0</load_address>
         <readonly>true</readonly>
         <executable>true</executable>
         <run_address>0x44e0</run_address>
         <size>0x20</size>
         <alignment>0x4</alignment>
         <input_file_ref idref="fl-1"/>
      </object_component>
      <object_component id="oc-1cf">
         <name>.text.DL_SYSCTL_setMFPCLKSource</name>
         <load_address>0x4500</load_address>
         <readonly>true</readonly>
         <executable>true</executable>
         <run_address>0x4500</run_address>
         <size>0x20</size>
         <alignment>0x4</alignment>
         <input_file_ref idref="fl-1"/>
      </object_component>
      <object_component id="oc-c0">
         <name>.text.ENCODER_Begin</name>
         <load_address>0x4520</load_address>
         <readonly>true</readonly>
         <executable>true</executable>
         <run_address>0x4520</run_address>
         <size>0x20</size>
         <alignment>0x2</alignment>
         <input_file_ref idref="fl-4"/>
      </object_component>
      <object_component id="oc-1f9">
         <name>.text.DL_UART_setOversampling</name>
         <load_address>0x4540</load_address>
         <readonly>true</readonly>
         <executable>true</executable>
         <run_address>0x4540</run_address>
         <size>0x1e</size>
         <alignment>0x2</alignment>
         <input_file_ref idref="fl-1"/>
      </object_component>
      <object_component id="oc-29a">
         <name>.text.__ashldi3</name>
         <load_address>0x4560</load_address>
         <readonly>true</readonly>
         <executable>true</executable>
         <run_address>0x4560</run_address>
         <size>0x1e</size>
         <alignment>0x4</alignment>
         <input_file_ref idref="fl-126"/>
      </object_component>
      <object_component id="oc-5f">
         <name>.text.DL_GPIO_clearInterruptStatus</name>
         <load_address>0x4580</load_address>
         <readonly>true</readonly>
         <executable>true</executable>
         <run_address>0x4580</run_address>
         <size>0x1c</size>
         <alignment>0x4</alignment>
         <input_file_ref idref="fl-3"/>
      </object_component>
      <object_component id="oc-1be">
         <name>.text.DL_GPIO_clearInterruptStatus</name>
         <load_address>0x459c</load_address>
         <readonly>true</readonly>
         <executable>true</executable>
         <run_address>0x459c</run_address>
         <size>0x1c</size>
         <alignment>0x4</alignment>
         <input_file_ref idref="fl-1"/>
      </object_component>
      <object_component id="oc-1b7">
         <name>.text.DL_GPIO_enableHiZ</name>
         <load_address>0x45b8</load_address>
         <readonly>true</readonly>
         <executable>true</executable>
         <run_address>0x45b8</run_address>
         <size>0x1c</size>
         <alignment>0x4</alignment>
         <input_file_ref idref="fl-1"/>
      </object_component>
      <object_component id="oc-1bf">
         <name>.text.DL_GPIO_enableInterrupt</name>
         <load_address>0x45d4</load_address>
         <readonly>true</readonly>
         <executable>true</executable>
         <run_address>0x45d4</run_address>
         <size>0x1c</size>
         <alignment>0x4</alignment>
         <input_file_ref idref="fl-1"/>
      </object_component>
      <object_component id="oc-1b4">
         <name>.text.DL_GPIO_initPeripheralOutputFunction</name>
         <load_address>0x45f0</load_address>
         <readonly>true</readonly>
         <executable>true</executable>
         <run_address>0x45f0</run_address>
         <size>0x1c</size>
         <alignment>0x4</alignment>
         <input_file_ref idref="fl-1"/>
      </object_component>
      <object_component id="oc-1c2">
         <name>.text.DL_SYSCTL_setSYSOSCFreq</name>
         <load_address>0x460c</load_address>
         <readonly>true</readonly>
         <executable>true</executable>
         <run_address>0x460c</run_address>
         <size>0x1c</size>
         <alignment>0x4</alignment>
         <input_file_ref idref="fl-1"/>
      </object_component>
      <object_component id="oc-1cb">
         <name>.text.DL_SYSCTL_setULPCLKDivider</name>
         <load_address>0x4628</load_address>
         <readonly>true</readonly>
         <executable>true</executable>
         <run_address>0x4628</run_address>
         <size>0x1c</size>
         <alignment>0x4</alignment>
         <input_file_ref idref="fl-1"/>
      </object_component>
      <object_component id="oc-1dd">
         <name>.text.DL_Timer_enableInterrupt</name>
         <load_address>0x4644</load_address>
         <readonly>true</readonly>
         <executable>true</executable>
         <run_address>0x4644</run_address>
         <size>0x1c</size>
         <alignment>0x4</alignment>
         <input_file_ref idref="fl-1"/>
      </object_component>
      <object_component id="oc-1d7">
         <name>.text.DL_Timer_setCaptCompUpdateMethod</name>
         <load_address>0x4660</load_address>
         <readonly>true</readonly>
         <executable>true</executable>
         <run_address>0x4660</run_address>
         <size>0x1c</size>
         <alignment>0x4</alignment>
         <input_file_ref idref="fl-1c"/>
      </object_component>
      <object_component id="oc-1d3">
         <name>.text.DL_Timer_setClockConfig</name>
         <load_address>0x467c</load_address>
         <readonly>true</readonly>
         <executable>true</executable>
         <run_address>0x467c</run_address>
         <size>0x1c</size>
         <alignment>0x4</alignment>
         <input_file_ref idref="fl-1c"/>
      </object_component>
      <object_component id="oc-1fe">
         <name>.text.DL_UART_enableInterrupt</name>
         <load_address>0x4698</load_address>
         <readonly>true</readonly>
         <executable>true</executable>
         <run_address>0x4698</run_address>
         <size>0x1c</size>
         <alignment>0x4</alignment>
         <input_file_ref idref="fl-1"/>
      </object_component>
      <object_component id="oc-c3">
         <name>.text.OLED_Init</name>
         <load_address>0x46b4</load_address>
         <readonly>true</readonly>
         <executable>true</executable>
[...]
         <name>__TI_ATRegion2_trg_addr</name>
         <value>0x0</value>
      </symbol>
      <symbol id="sm-285">
         <name>__TI_ATRegion2_region_sz</name>
         <value>0x0</value>
      </symbol>
      <symbol id="sm-28e">
         <name>DL_Common_delayCycles</name>
         <value>0x4b7d</value>
         <object_component_ref idref="oc-140"/>
      </symbol>
      <symbol id="sm-29d">
         <name>DL_I2C_setClockConfig</name>
         <value>0x43ef</value>
         <object_component_ref idref="oc-1e2"/>
      </symbol>
      <symbol id="sm-29e">
         <name>DL_I2C_fillControllerTXFIFO</name>
         <value>0x3583</value>
         <object_component_ref idref="oc-208"/>
      </symbol>
      <symbol id="sm-29f">
         <name>DL_I2C_flushControllerTXFIFO</name>
         <value>0x3dd9</value>
         <object_component_ref idref="oc-20b"/>
      </symbol>
      <symbol id="sm-2bb">
         <name>DL_Timer_setClockConfig</name>
         <value>0x467d</value>
         <object_component_ref idref="oc-1d3"/>
      </symbol>
      <symbol id="sm-2bc">
         <name>DL_Timer_initTimerMode</name>
         <value>0x2629</value>
         <object_component_ref idref="oc-1dc"/>
      </symbol>
      <symbol id="sm-2bd">
         <name>DL_Timer_setCaptureCompareValue</name>
         <value>0x4afd</value>
         <object_component_ref idref="oc-188"/>
      </symbol>
      <symbol id="sm-2be">
         <name>DL_Timer_setCaptCompUpdateMethod</name>
         <value>0x4661</value>
         <object_component_ref idref="oc-1d7"/>
      </symbol>
      <symbol id="sm-2bf">
         <name>DL_Timer_setCaptureCompareOutCtl</name>
         <value>0x4881</value>
         <object_component_ref idref="oc-1d6"/>
      </symbol>
      <symbol id="sm-2c0">
         <name>DL_Timer_initFourCCPWMMode</name>
         <value>0x2439</value>
         <object_component_ref idref="oc-1d4"/>
      </symbol>
      <symbol id="sm-2cd">
         <name>DL_UART_init</name>
         <value>0x3ac9</value>
         <object_component_ref idref="oc-1f8"/>
      </symbol>
      <symbol id="sm-2ce">
         <name>DL_UART_setClockConfig</name>
         <value>0x4a83</value>
         <object_component_ref idref="oc-1f2"/>
      </symbol>
      <symbol id="sm-2dc">
         <name>DL_SYSCTL_configSYSPLL</name>
         <value>0x27f5</value>
         <object_component_ref idref="oc-1c5"/>
      </symbol>
      <symbol id="sm-2dd">
         <name>DL_SYSCTL_switchMCLKfromSYSOSCtoHSCLK</name>
         <value>0x3b59</value>
         <object_component_ref idref="oc-1d0"/>
      </symbol>
      <symbol id="sm-327">
         <name>__TI_printfi</name>
         <value>0xc1</value>
         <object_component_ref idref="oc-246"/>
      </symbol>
      <symbol id="sm-338">
         <name>snprintf</name>
         <value>0x3a31</value>
         <object_component_ref idref="oc-166"/>
      </symbol>
      <symbol id="sm-349">
         <name>sprintf</name>
         <value>0x409d</value>
         <object_component_ref idref="oc-158"/>
      </symbol>
      <symbol id="sm-35b">
         <name>frexp</name>
         <value>0x363d</value>
         <object_component_ref idref="oc-27e"/>
      </symbol>
      <symbol id="sm-35c">
         <name>frexpl</name>
         <value>0x363d</value>
         <object_component_ref idref="oc-27e"/>
      </symbol>
      <symbol id="sm-366">
         <name>scalbn</name>
         <value>0x29a9</value>
         <object_component_ref idref="oc-282"/>
      </symbol>
      <symbol id="sm-367">
         <name>ldexp</name>
         <value>0x29a9</value>
         <object_component_ref idref="oc-282"/>
      </symbol>
      <symbol id="sm-368">
         <name>scalbnl</name>
         <value>0x29a9</value>
         <object_component_ref idref="oc-282"/>
      </symbol>
      <symbol id="sm-369">
         <name>ldexpl</name>
         <value>0x29a9</value>
         <object_component_ref idref="oc-282"/>
      </symbol>
      <symbol id="sm-372">
         <name>wcslen</name>
         <value>0x4b1d</value>
         <object_component_ref idref="oc-254"/>
      </symbol>
      <symbol id="sm-37d">
         <name>__aeabi_errno_addr</name>
         <value>0x4bb5</value>
         <object_component_ref idref="oc-258"/>
      </symbol>
      <symbol id="sm-37e">
         <name>__aeabi_errno</name>
         <value>0x2020027c</value>
         <object_component_ref idref="oc-274"/>
      </symbol>
      <symbol id="sm-388">
         <name>abort</name>
         <value>0x4bcb</value>
         <object_component_ref idref="oc-107"/>
      </symbol>
      <symbol id="sm-392">
         <name>__TI_ltoa</name>
         <value>0x3749</value>
         <object_component_ref idref="oc-286"/>
      </symbol>
      <symbol id="sm-39d">
         <name>atoi</name>
         <value>0x3d1d</value>
         <object_component_ref idref="oc-250"/>
      </symbol>
      <symbol id="sm-3a7">
         <name>memccpy</name>
         <value>0x447f</value>
         <object_component_ref idref="oc-249"/>
      </symbol>
      <symbol id="sm-3b2">
         <name>strlen</name>
         <value>0x4b49</value>
         <object_component_ref idref="oc-15e"/>
      </symbol>
      <symbol id="sm-3bd">
         <name>_c_int00_noargs</name>
         <value>0x43a1</value>
         <object_component_ref idref="oc-56"/>
      </symbol>
      <symbol id="sm-3be">
         <name>__stack</name>
         <value>0x20207e00</value>
         <object_component_ref idref="oc-1a"/>
      </symbol>
      <symbol id="sm-3cd">
         <name>__TI_auto_init_nobinit_nopinit</name>
         <value>0x3f41</value>
         <object_component_ref idref="oc-10e"/>
      </symbol>
      <symbol id="sm-3d5">
         <name>_system_pre_init</name>
         <value>0x4be9</value>
         <object_component_ref idref="oc-7d"/>
      </symbol>
      <symbol id="sm-3e0">
         <name>__TI_zero_init_nomemset</name>
         <value>0x496b</value>
         <object_component_ref idref="oc-4d"/>
      </symbol>
      <symbol id="sm-3e9">
         <name>__TI_decompress_none</name>
         <value>0x4acb</value>
         <object_component_ref idref="oc-20"/>
      </symbol>
      <symbol id="sm-3f4">
         <name>__TI_decompress_lzss</name>
         <value>0x2fe1</value>
         <object_component_ref idref="oc-1c"/>
      </symbol>
      <symbol id="sm-3f8">
         <name>__aeabi_ctype_table_</name>
         <value>0x5420</value>
         <object_component_ref idref="oc-26d"/>
      </symbol>
      <symbol id="sm-3f9">
         <name>__aeabi_ctype_table_C</name>
         <value>0x5420</value>
         <object_component_ref idref="oc-26d"/>
      </symbol>
      <symbol id="sm-403">
         <name>HOSTexit</name>
         <value>0x4bd1</value>
         <object_component_ref idref="oc-19a"/>
      </symbol>
      <symbol id="sm-404">
         <name>C$$EXIT</name>
         <value>0x4bd0</value>
         <object_component_ref idref="oc-19a"/>
      </symbol>
      <symbol id="sm-419">
         <name>__aeabi_fadd</name>
         <value>0x2a8b</value>
         <object_component_ref idref="oc-d3"/>
      </symbol>
      <symbol id="sm-41a">
         <name>__addsf3</name>
         <value>0x2a8b</value>
         <object_component_ref idref="oc-d3"/>
      </symbol>
      <symbol id="sm-41b">
         <name>__aeabi_fsub</name>
         <value>0x2a81</value>
         <object_component_ref idref="oc-d3"/>
      </symbol>
      <symbol id="sm-41c">
         <name>__subsf3</name>
         <value>0x2a81</value>
         <object_component_ref idref="oc-d3"/>
      </symbol>
      <symbol id="sm-422">
         <name>__aeabi_dadd</name>
         <value>0x1bcb</value>
         <object_component_ref idref="oc-293"/>
      </symbol>
      <symbol id="sm-423">
         <name>__adddf3</name>
         <value>0x1bcb</value>
         <object_component_ref idref="oc-293"/>
      </symbol>
      <symbol id="sm-424">
         <name>__aeabi_dsub</name>
         <value>0x1bc1</value>
         <object_component_ref idref="oc-293"/>
      </symbol>
      <symbol id="sm-425">
         <name>__subdf3</name>
         <value>0x1bc1</value>
         <object_component_ref idref="oc-293"/>
      </symbol>
      <symbol id="sm-42e">
         <name>__aeabi_dmul</name>
         <value>0x2711</value>
         <object_component_ref idref="oc-180"/>
      </symbol>
      <symbol id="sm-42f">
         <name>__muldf3</name>
         <value>0x2711</value>
         <object_component_ref idref="oc-180"/>
      </symbol>
      <symbol id="sm-435">
         <name>__muldsi3</name>
         <value>0x3fb9</value>
         <object_component_ref idref="oc-121"/>
      </symbol>
      <symbol id="sm-43b">
         <name>__aeabi_fmul</name>
         <value>0x2cd1</value>
         <object_component_ref idref="oc-90"/>
      </symbol>
      <symbol id="sm-43c">
         <name>__mulsf3</name>
         <value>0x2cd1</value>
         <object_component_ref idref="oc-90"/>
      </symbol>
      <symbol id="sm-442">
         <name>__aeabi_fdiv</name>
         <value>0x2e65</value>
         <object_component_ref idref="oc-94"/>
      </symbol>
      <symbol id="sm-443">
         <name>__divsf3</name>
         <value>0x2e65</value>
         <object_component_ref idref="oc-94"/>
      </symbol>
      <symbol id="sm-449">
         <name>__aeabi_ddiv</name>
         <value>0x2221</value>
         <object_component_ref idref="oc-db"/>
      </symbol>
      <symbol id="sm-44a">
         <name>__divdf3</name>
         <value>0x2221</value>
         <object_component_ref idref="oc-db"/>
      </symbol>
      <symbol id="sm-450">
         <name>__aeabi_f2d</name>
         <value>0x3cdd</value>
         <object_component_ref idref="oc-d7"/>
      </symbol>
      <symbol id="sm-451">
         <name>__extendsfdf2</name>
         <value>0x3cdd</value>
         <object_component_ref idref="oc-d7"/>
      </symbol>
      <symbol id="sm-457">
         <name>__aeabi_d2iz</name>
         <value>0x3a7d</value>
         <object_component_ref idref="oc-184"/>
      </symbol>
      <symbol id="sm-458">
         <name>__fixdfsi</name>
         <value>0x3a7d</value>
         <object_component_ref idref="oc-184"/>
      </symbol>
      <symbol id="sm-45e">
         <name>__aeabi_f2iz</name>
         <value>0x4065</value>
         <object_component_ref idref="oc-154"/>
      </symbol>
      <symbol id="sm-45f">
         <name>__fixsfsi</name>
         <value>0x4065</value>
         <object_component_ref idref="oc-154"/>
      </symbol>
      <symbol id="sm-465">
         <name>__aeabi_f2uiz</name>
         <value>0x413d</value>
         <object_component_ref idref="oc-162"/>
      </symbol>
      <symbol id="sm-466">
         <name>__fixunssfsi</name>
         <value>0x413d</value>
         <object_component_ref idref="oc-162"/>
      </symbol>
      <symbol id="sm-46c">
         <name>__aeabi_i2d</name>
         <value>0x42ad</value>
         <object_component_ref idref="oc-28a"/>
      </symbol>
      <symbol id="sm-46d">
         <name>__floatsidf</name>
         <value>0x42ad</value>
         <object_component_ref idref="oc-28a"/>
      </symbol>
      <symbol id="sm-473">
         <name>__aeabi_i2f</name>
         <value>0x3ec9</value>
         <object_component_ref idref="oc-8c"/>
      </symbol>
      <symbol id="sm-474">
         <name>__floatsisf</name>
         <value>0x3ec9</value>
         <object_component_ref idref="oc-8c"/>
      </symbol>
      <symbol id="sm-47a">
         <name>__aeabi_ui2f</name>
         <value>0x4379</value>
         <object_component_ref idref="oc-98"/>
      </symbol>
      <symbol id="sm-47b">
         <name>__floatunsisf</name>
         <value>0x4379</value>
         <object_component_ref idref="oc-98"/>
      </symbol>
      <symbol id="sm-481">
         <name>__aeabi_lmul</name>
         <value>0x4415</value>
         <object_component_ref idref="oc-25d"/>
      </symbol>
      <symbol id="sm-482">
         <name>__muldi3</name>
         <value>0x4415</value>
         <object_component_ref idref="oc-25d"/>
      </symbol>
      <symbol id="sm-489">
         <name>__aeabi_d2f</name>
         <value>0x3231</value>
         <object_component_ref idref="oc-df"/>
      </symbol>
      <symbol id="sm-48a">
         <name>__truncdfsf2</name>
         <value>0x3231</value>
         <object_component_ref idref="oc-df"/>
      </symbol>
      <symbol id="sm-490">
         <name>__aeabi_dcmpeq</name>
         <value>0x34bd</value>
         <object_component_ref idref="oc-f7"/>
      </symbol>
      <symbol id="sm-491">
         <name>__aeabi_dcmplt</name>
         <value>0x34d1</value>
         <object_component_ref idref="oc-f7"/>
      </symbol>
      <symbol id="sm-492">
         <name>__aeabi_dcmple</name>
         <value>0x34e5</value>
         <object_component_ref idref="oc-f7"/>
      </symbol>
      <symbol id="sm-493">
         <name>__aeabi_dcmpge</name>
         <value>0x34f9</value>
         <object_component_ref idref="oc-f7"/>
      </symbol>
      <symbol id="sm-494">
         <name>__aeabi_dcmpgt</name>
         <value>0x350d</value>
         <object_component_ref idref="oc-f7"/>
      </symbol>
      <symbol id="sm-49a">
         <name>__aeabi_fcmpeq</name>
         <value>0x3521</value>
         <object_component_ref idref="oc-196"/>
      </symbol>
      <symbol id="sm-49b">
         <name>__aeabi_fcmplt</name>
         <value>0x3535</value>
         <object_component_ref idref="oc-196"/>
      </symbol>
      <symbol id="sm-49c">
         <name>__aeabi_fcmple</name>
         <value>0x3549</value>
         <object_component_ref idref="oc-196"/>
      </symbol>
      <symbol id="sm-49d">
         <name>__aeabi_fcmpge</name>
         <value>0x355d</value>
         <object_component_ref idref="oc-196"/>
      </symbol>
      <symbol id="sm-49e">
         <name>__aeabi_fcmpgt</name>
         <value>0x3571</value>
         <object_component_ref idref="oc-196"/>
      </symbol>
      <symbol id="sm-4a4">
         <name>__aeabi_idiv</name>
         <value>0x37f9</value>
         <object_component_ref idref="oc-2a5"/>
      </symbol>
      <symbol id="sm-4a5">
         <name>__aeabi_idivmod</name>
         <value>0x37f9</value>
         <object_component_ref idref="oc-2a5"/>
      </symbol>
      <symbol id="sm-4ab">
         <name>__aeabi_memcpy</name>
         <value>0x4bbd</value>
         <object_component_ref idref="oc-46"/>
      </symbol>
      <symbol id="sm-4ac">
         <name>__aeabi_memcpy4</name>
         <value>0x4bbd</value>
         <object_component_ref idref="oc-46"/>
      </symbol>
      <symbol id="sm-4ad">
         <name>__aeabi_memcpy8</name>
         <value>0x4bbd</value>
         <object_component_ref idref="oc-46"/>
      </symbol>
      <symbol id="sm-4b4">
         <name>__aeabi_memset</name>
         <value>0x4b2d</value>
         <object_component_ref idref="oc-152"/>
      </symbol>
      <symbol id="sm-4b5">
         <name>__aeabi_memset4</name>
         <value>0x4b2d</value>
         <object_component_ref idref="oc-152"/>
      </symbol>
      <symbol id="sm-4b6">
         <name>__aeabi_memset8</name>
         <value>0x4b2d</value>
         <object_component_ref idref="oc-152"/>
      </symbol>
      <symbol id="sm-4bc">
         <name>__aeabi_uidiv</name>
         <value>0x3c9d</value>
         <object_component_ref idref="oc-cd"/>
      </symbol>
      <symbol id="sm-4bd">
         <name>__aeabi_uidivmod</name>
         <value>0x3c9d</value>
         <object_component_ref idref="oc-cd"/>
      </symbol>
      <symbol id="sm-4c3">
         <name>__aeabi_uldivmod</name>
         <value>0x4a49</value>
         <object_component_ref idref="oc-262"/>
      </symbol>
      <symbol id="sm-4cc">
         <name>__eqsf2</name>
         <value>0x3f7d</value>
         <object_component_ref idref="oc-225"/>
      </symbol>
      <symbol id="sm-4cd">
         <name>__lesf2</name>
         <value>0x3f7d</value>
         <object_component_ref idref="oc-225"/>
      </symbol>
      <symbol id="sm-4ce">
         <name>__ltsf2</name>
         <value>0x3f7d</value>
         <object_component_ref idref="oc-225"/>
      </symbol>
      <symbol id="sm-4cf">
         <name>__nesf2</name>
         <value>0x3f7d</value>
         <object_component_ref idref="oc-225"/>
      </symbol>
      <symbol id="sm-4d0">
         <name>__cmpsf2</name>
         <value>0x3f7d</value>
         <object_component_ref idref="oc-225"/>
      </symbol>
      <symbol id="sm-4d1">
         <name>__gtsf2</name>
         <value>0x3f05</value>
         <object_component_ref idref="oc-22a"/>
      </symbol>
      <symbol id="sm-4d2">
         <name>__gesf2</name>
         <value>0x3f05</value>
         <object_component_ref idref="oc-22a"/>
      </symbol>
      <symbol id="sm-4d8">
         <name>__udivmoddi4</name>
         <value>0x2c2d</value>
         <object_component_ref idref="oc-279"/>
      </symbol>
      <symbol id="sm-4de">
         <name>__aeabi_llsl</name>
         <value>0x4561</value>
         <object_component_ref idref="oc-29a"/>
      </symbol>
      <symbol id="sm-4df">
         <name>__ashldi3</name>
         <value>0x4561</value>
         <object_component_ref idref="oc-29a"/>
      </symbol>
      <symbol id="sm-4ed">
         <name>__ledf2</name>
         <value>0x33ed</value>
         <object_component_ref idref="oc-18e"/>
      </symbol>
      <symbol id="sm-4ee">
         <name>__gedf2</name>
         <value>0x31bd</value>
         <object_component_ref idref="oc-194"/>
      </symbol>
      <symbol id="sm-4ef">
         <name>__cmpdf2</name>
         <value>0x33ed</value>
         <object_component_ref idref="oc-18e"/>
      </symbol>
      <symbol id="sm-4f0">
         <name>__eqdf2</name>
         <value>0x33ed</value>
         <object_component_ref idref="oc-18e"/>
      </symbol>
      <symbol id="sm-4f1">
         <name>__ltdf2</name>
         <value>0x33ed</value>
         <object_component_ref idref="oc-18e"/>
      </symbol>
      <symbol id="sm-4f2">
         <name>__nedf2</name>
         <value>0x33ed</value>
         <object_component_ref idref="oc-18e"/>
      </symbol>
      <symbol id="sm-4f3">
         <name>__gtdf2</name>
         <value>0x31bd</value>
         <object_component_ref idref="oc-194"/>
      </symbol>
      <symbol id="sm-500">
         <name>__aeabi_idiv0</name>
         <value>0x1d53</value>
         <object_component_ref idref="oc-175"/>
      </symbol>
      <symbol id="sm-501">
         <name>__aeabi_ldiv0</name>
         <value>0x2437</value>
         <object_component_ref idref="oc-299"/>
      </symbol>
      <symbol id="sm-50b">
         <name>TI_memcpy_small</name>
         <value>0x4ab9</value>
         <object_component_ref idref="oc-a3"/>
      </symbol>
      <symbol id="sm-514">
         <name>TI_memset_small</name>
         <value>0x4b57</value>
         <object_component_ref idref="oc-129"/>
      </symbol>
      <symbol id="sm-515">
         <name>__TI_static_base__</name>
         <value>0x0</value>
      </symbol>
      <symbol id="sm-519">
         <name>__mpu_init</name>
         <value>0x0</value>
      </symbol>
      <symbol id="sm-51a">
         <name>_system_post_cinit</name>
         <value>0x0</value>
      </symbol>
   </symbol_table>
   <title>Link successful</title>
</link_info>
