******************************************************************************
            TI ARM Clang Linker PC v4.0.3                      
******************************************************************************
>> Linked Sat Aug  2 19:50:57 2025

OUTPUT FILE NAME:   <TI_2025_Vehicle_PureC.out>
ENTRY POINT SYMBOL: "_c_int00_noargs"  address: 000043a1


MEMORY CONFIGURATION

         name            origin    length      used     unused   attr    fill
----------------------  --------  ---------  --------  --------  ----  --------
  FLASH                 00000000   00020000  00005660  0001a9a0  R  X
  SRAM                  20200000   00008000  00000486  00007b7a  RW X
  BCR_CONFIG            41c00000   000000ff  00000000  000000ff  R   
  BSL_CONFIG            41c00100   00000080  00000000  00000080  R   


SEGMENT ALLOCATION MAP

run origin  load origin   length   init length attrs members
----------  ----------- ---------- ----------- ----- -------
00000000    00000000    00005660   00005660    r-x
  00000000    00000000    000000c0   000000c0    r-- .intvecs
  000000c0    000000c0    00004b30   00004b30    r-x .text
  00004bf0    00004bf0    00000a40   00000a40    r-- .rodata
  00005630    00005630    00000030   00000030    r-- .cinit
20200000    20200000    00000289   00000000    rw-
  20200000    20200000    00000275   00000000    rw- .bss
  20200278    20200278    00000011   00000000    rw- .data
20207e00    20207e00    00000200   00000000    rw-
  20207e00    20207e00    00000200   00000000    rw- .stack


SECTION ALLOCATION MAP

 output                                  attributes/
section   page    origin      length       input sections
--------  ----  ----------  ----------   ----------------
.intvecs   0    00000000    000000c0     
                  00000000    000000c0     startup_mspm0g350x_ticlang.o (.intvecs)

.text      0    000000c0    00004b30     
                  000000c0    000009d0     libc.a : _printfi.c.obj (.text:__TI_printfi)
                  00000a90    00000648     main.o (.text.main)
                  000010d8    000002b4     oled.o (.text.OLED_PrintVar)
                  0000138c    00000294     ti_msp_dl_config.o (.text.SYSCFG_DL_GPIO_init)
                  00001620    00000220     libc.a : _printfi.c.obj (.text._pconv_a)
                  00001840    000001dc            : _printfi.c.obj (.text._pconv_g)
                  00001a1c    000001a4     oled.o (.text.OLED_PrintText)
                  00001bc0    00000192     libclang_rt.builtins.a : adddf3.S.obj (.text.adddf3_subdf3)
                  00001d52    00000002                            : aeabi_div0.c.obj (.text.__aeabi_idiv0)
                  00001d54    00000154     pid.o (.text.PID_Calc)
                  00001ea8    0000013c     libc.a : _printfi.c.obj (.text.fcvt)
                  00001fe4    00000120            : _printfi.c.obj (.text._pconv_e)
                  00002104    0000011c     main.o (.text.GROUP1_IRQHandler)
                  00002220    0000010c     libclang_rt.builtins.a : divdf3.S.obj (.text.__divdf3)
                  0000232c    0000010a     oled.o (.text.OLED_Begin)
                  00002436    00000002     libclang_rt.builtins.a : aeabi_div0.c.obj (.text.__aeabi_ldiv0)
                  00002438    00000104     driverlib.a : dl_timer.o (.text.DL_Timer_initFourCCPWMMode)
                  0000253c    000000ec     motor.o (.text.MOTOR_SetDuty)
                  00002628    000000e8     driverlib.a : dl_timer.o (.text.DL_Timer_initTimerMode)
                  00002710    000000e4     libclang_rt.builtins.a : muldf3.S.obj (.text.__muldf3)
                  000027f4    000000dc     driverlib.a : dl_sysctl_mspm0g1x0x_g3x0x.o (.text.DL_SYSCTL_configSYSPLL)
                  000028d0    000000d8     ti_msp_dl_config.o (.text.SYSCFG_DL_TIMA0_PWM_init)
                  000029a8    000000d8     libc.a : s_scalbn.c.obj (.text.scalbn)
                  00002a80    000000d8     libclang_rt.builtins.a : addsf3.S.obj (.text)
                  00002b58    000000d4     ti_msp_dl_config.o (.text.SYSCFG_DL_initPower)
                  00002c2c    000000a2     libclang_rt.builtins.a : udivmoddi4.S.obj (.text)
                  00002cce    00000002     --HOLE-- [fill = 0]
                  00002cd0    0000008c                            : mulsf3.S.obj (.text.__mulsf3)
                  00002d5c    00000084     ti_msp_dl_config.o (.text.__NVIC_SetPriority)
                  00002de0    00000082     oled.o (.text.OLED_Clear)
                  00002e62    00000002     --HOLE-- [fill = 0]
                  00002e64    00000082     libclang_rt.builtins.a : divsf3.S.obj (.text.__divsf3)
                  00002ee6    0000007e     oled.o (.text.OLED_SetCursor)
                  00002f64    0000007c     ir.o (.text.IR_Update)
                  00002fe0    0000007c     libc.a : copy_decompress_lzss.c.obj (.text:decompress:lzss)
                  0000305c    00000078     encoder.o (.text.ENCODER_Update)
                  000030d4    00000074     oled.o (.text.OLED_WriteCommand)
                  00003148    00000074     oled.o (.text.OLED_WriteData)
                  000031bc    00000074     libclang_rt.builtins.a : comparedf2.c.obj (.text.__gedf2)
                  00003230    00000074                            : truncdfsf2.S.obj (.text.__truncdfsf2)
                  000032a4    00000070     ir.o (.text.IR_LineError)
                  00003314    0000006c     oled.o (.text.cmpStrings)
                  00003380    0000006a     motor.o (.text.MOTOR_SetDir)
                  000033ea    00000002     --HOLE-- [fill = 0]
                  000033ec    00000068     libclang_rt.builtins.a : comparedf2.c.obj (.text.__ledf2)
                  00003454    00000066     libc.a : _printfi.c.obj (.text._mcpy)
                  000034ba    00000002     --HOLE-- [fill = 0]
                  000034bc    00000062     libclang_rt.builtins.a : aeabi_dcmp.S.obj (.text.__aeabi_dcmp)
                  0000351e    00000002     --HOLE-- [fill = 0]
                  00003520    00000062                            : aeabi_fcmp.S.obj (.text.__aeabi_fcmp)
                  00003582    0000005e     driverlib.a : dl_i2c.o (.text.DL_I2C_fillControllerTXFIFO)
                  000035e0    0000005c     ti_msp_dl_config.o (.text.SYSCFG_DL_SYSCTL_init)
                  0000363c    0000005c     libc.a : s_frexp.c.obj (.text.frexp)
                  00003698    00000058     ti_msp_dl_config.o (.text.SYSCFG_DL_I2C_0_init)
                  000036f0    00000058     ti_msp_dl_config.o (.text.SYSCFG_DL_I2C_1_init)
                  00003748    00000058     libc.a : _ltoa.c.obj (.text.__TI_ltoa)
                  000037a0    00000058            : _printfi.c.obj (.text._pconv_f)
                  000037f8    00000056     libclang_rt.builtins.a : aeabi_idivmod.S.obj (.text.__aeabi_idivmod)
                  0000384e    00000002     --HOLE-- [fill = 0]
                  00003850    00000054     ti_msp_dl_config.o (.text.SYSCFG_DL_init)
                  000038a4    00000052     libc.a : _printfi.c.obj (.text._ecpy)
                  000038f6    00000002     --HOLE-- [fill = 0]
                  000038f8    00000050     oled.o (.text.DL_I2C_startControllerTransfer)
                  00003948    00000050     ti_msp_dl_config.o (.text.SYSCFG_DL_UART1_JY901S_init)
                  00003998    0000004c     ti_msp_dl_config.o (.text.DL_UART_setBaudRateDivisor)
                  000039e4    0000004c     main.o (.text.TIMG6_IRQHandler)
                  00003a30    0000004c     libc.a : snprintf.c.obj (.text.snprintf)
                  00003a7c    0000004a     libclang_rt.builtins.a : fixdfsi.S.obj (.text.__fixdfsi)
                  00003ac6    00000002     --HOLE-- [fill = 0]
                  00003ac8    00000048     driverlib.a : dl_uart.o (.text.DL_UART_init)
                  00003b10    00000048     ir.o (.text.IR_ChkRightAngle_Right)
                  00003b58    00000044     driverlib.a : dl_sysctl_mspm0g1x0x_g3x0x.o (.text.DL_SYSCTL_switchMCLKfromSYSOSCtoHSCLK)
                  00003b9c    00000040     ir.o (.text.IR_ChkRightAngle_Left)
                  00003bdc    00000040     ti_msp_dl_config.o (.text.SYSCFG_DL_UART0_DEBUG_init)
                  00003c1c    00000040     ti_msp_dl_config.o (.text.SYSCFG_DL_UART2_LCD_init)
                  00003c5c    00000040     ti_msp_dl_config.o (.text.SYSCFG_DL_UART3_K230_init)
                  00003c9c    00000040     libclang_rt.builtins.a : aeabi_uidivmod.S.obj (.text.__aeabi_uidivmod)
                  00003cdc    00000040                            : extendsfdf2.S.obj (.text.__extendsfdf2)
                  00003d1c    00000040     libc.a : atoi.c.obj (.text.atoi)
                  00003d5c    0000003e     motor.o (.text.MOTOR_Init)
                  00003d9a    00000002     --HOLE-- [fill = 0]
                  00003d9c    0000003c     ti_msp_dl_config.o (.text.DL_GPIO_initPeripheralInputFunctionFeatures)
                  00003dd8    0000003c     driverlib.a : dl_i2c.o (.text.DL_I2C_flushControllerTXFIFO)
                  00003e14    0000003c     ti_msp_dl_config.o (.text.DL_Timer_setCounterControl)
                  00003e50    0000003c     ti_msp_dl_config.o (.text.SYSCFG_DL_TIMER_ENC_init)
                  00003e8c    0000003c     ti_msp_dl_config.o (.text.SYSCFG_DL_TIMER_General_init)
                  00003ec8    0000003c     libclang_rt.builtins.a : floatsisf.S.obj (.text.__floatsisf)
                  00003f04    0000003c                            : comparesf2.S.obj (.text.__gtsf2)
                  00003f40    0000003c     libc.a : autoinit.c.obj (.text:__TI_auto_init_nobinit_nopinit)
                  00003f7c    0000003a     libclang_rt.builtins.a : comparesf2.S.obj (.text.__eqsf2)
                  00003fb6    00000002     --HOLE-- [fill = 0]
                  00003fb8    0000003a                            : muldsi3.S.obj (.text.__muldsi3)
                  00003ff2    00000038     encoder.o (.text.ENCODER_Init)
                  0000402a    00000002     --HOLE-- [fill = 0]
                  0000402c    00000038     main.o (.text.TIMG0_IRQHandler)
                  00004064    00000038     libclang_rt.builtins.a : fixsfsi.S.obj (.text.__fixsfsi)
                  0000409c    00000038     libc.a : sprintf.c.obj (.text.sprintf)
                  000040d4    00000034     ti_msp_dl_config.o (.text.DL_GPIO_initDigitalInputFeatures)
                  00004108    00000034     pid.o (.text.PID_Init)
                  0000413c    00000032     libclang_rt.builtins.a : fixunssfsi.S.obj (.text.__fixunssfsi)
                  0000416e    00000030     libc.a : _printfi.c.obj (.text._fcpy)
                  0000419e    00000030            : snprintf.c.obj (.text._outs)
                  000041ce    00000002     --HOLE-- [fill = 0]
                  000041d0    0000002c     ir.o (.text.IR_Read)
                  000041fc    0000002c     encoder.o (.text.__NVIC_ClearPendingIRQ)
                  00004228    0000002c     main.o (.text.__NVIC_ClearPendingIRQ)
                  00004254    0000002c     encoder.o (.text.__NVIC_EnableIRQ)
                  00004280    0000002c     main.o (.text.__NVIC_EnableIRQ)
                  000042ac    0000002c     libclang_rt.builtins.a : floatsidf.S.obj (.text.__floatsidf)
                  000042d8    00000028     oled.o (.text.DL_Common_updateReg)
                  00004300    00000028     ti_msp_dl_config.o (.text.DL_Common_updateReg)
                  00004328    00000028     ti_msp_dl_config.o (.text.DL_I2C_setControllerRXFIFOThreshold)
                  00004350    00000028     ti_msp_dl_config.o (.text.DL_I2C_setControllerTXFIFOThreshold)
                  00004378    00000028     libclang_rt.builtins.a : floatunsisf.S.obj (.text.__floatunsisf)
                  000043a0    00000028     libc.a : boot_cortex_m.c.obj (.text:_c_int00_noargs)
                  000043c8    00000026     ti_msp_dl_config.o (.text.DL_I2C_setAnalogGlitchFilterPulseWidth)
                  000043ee    00000026     driverlib.a : dl_i2c.o (.text.DL_I2C_setClockConfig)
                  00004414    00000024     libclang_rt.builtins.a : muldi3.S.obj (.text.__muldi3)
                  00004438    00000024     main.o (.text.delay)
                  0000445c    00000022     pid.o (.text.PID_SetParam)
                  0000447e    00000022     libc.a : memccpy.c.obj (.text.memccpy)
                  000044a0    00000020     ti_msp_dl_config.o (.text.DL_GPIO_initPeripheralInputFunction)
                  000044c0    00000020     ti_msp_dl_config.o (.text.DL_SYSCTL_setFlashWaitState)
                  000044e0    00000020     ti_msp_dl_config.o (.text.DL_SYSCTL_setHFCLKDividerForMFPCLK)
                  00004500    00000020     ti_msp_dl_config.o (.text.DL_SYSCTL_setMFPCLKSource)
                  00004520    00000020     encoder.o (.text.ENCODER_Begin)
                  00004540    0000001e     ti_msp_dl_config.o (.text.DL_UART_setOversampling)
                  0000455e    00000002     --HOLE-- [fill = 0]
                  00004560    0000001e     libclang_rt.builtins.a : ashldi3.S.obj (.text.__ashldi3)
                  0000457e    00000002     --HOLE-- [fill = 0]
                  00004580    0000001c     main.o (.text.DL_GPIO_clearInterruptStatus)
                  0000459c    0000001c     ti_msp_dl_config.o (.text.DL_GPIO_clearInterruptStatus)
                  000045b8    0000001c     ti_msp_dl_config.o (.text.DL_GPIO_enableHiZ)
                  000045d4    0000001c     ti_msp_dl_config.o (.text.DL_GPIO_enableInterrupt)
                  000045f0    0000001c     ti_msp_dl_config.o (.text.DL_GPIO_initPeripheralOutputFunction)
                  0000460c    0000001c     ti_msp_dl_config.o (.text.DL_SYSCTL_setSYSOSCFreq)
                  00004628    0000001c     ti_msp_dl_config.o (.text.DL_SYSCTL_setULPCLKDivider)
                  00004644    0000001c     ti_msp_dl_config.o (.text.DL_Timer_enableInterrupt)
                  00004660    0000001c     driverlib.a : dl_timer.o (.text.DL_Timer_setCaptCompUpdateMethod)
                  0000467c    0000001c                 : dl_timer.o (.text.DL_Timer_setClockConfig)
                  00004698    0000001c     ti_msp_dl_config.o (.text.DL_UART_enableInterrupt)
                  000046b4    0000001a     oled.o (.text.OLED_Init)
                  000046ce    00000002     --HOLE-- [fill = 0]
                  000046d0    00000018     ti_msp_dl_config.o (.text.DL_GPIO_enableOutput)
                  000046e8    00000018     ti_msp_dl_config.o (.text.DL_GPIO_enablePower)
                  00004700    00000018     main.o (.text.DL_GPIO_getEnabledInterruptStatus)
                  00004718    00000018     ti_msp_dl_config.o (.text.DL_GPIO_initDigitalOutput)
                  00004730    00000018     ti_msp_dl_config.o (.text.DL_GPIO_reset)
                  00004748    00000018     motor.o (.text.DL_GPIO_setPins)
                  00004760    00000018     ti_msp_dl_config.o (.text.DL_GPIO_setPins)
                  00004778    00000018     ti_msp_dl_config.o (.text.DL_GPIO_setUpperPinsPolarity)
                  00004790    00000018     ti_msp_dl_config.o (.text.DL_I2C_enableAnalogGlitchFilter)
                  000047a8    00000018     ti_msp_dl_config.o (.text.DL_I2C_enableController)
                  000047c0    00000018     ti_msp_dl_config.o (.text.DL_I2C_enableControllerClockStretching)
                  000047d8    00000018     ti_msp_dl_config.o (.text.DL_I2C_enablePower)
                  000047f0    00000018     ti_msp_dl_config.o (.text.DL_I2C_reset)
                  00004808    00000018     ti_msp_dl_config.o (.text.DL_I2C_setTimerPeriod)
                  00004820    00000018     ti_msp_dl_config.o (.text.DL_SYSCTL_setBORThreshold)
                  00004838    00000018     main.o (.text.DL_Timer_clearInterruptStatus)
                  00004850    00000018     ti_msp_dl_config.o (.text.DL_Timer_enablePower)
                  00004868    00000018     ti_msp_dl_config.o (.text.DL_Timer_reset)
                  00004880    00000018     driverlib.a : dl_timer.o (.text.DL_Timer_setCaptureCompareOutCtl)
                  00004898    00000018     main.o (.text.DL_Timer_startCounter)
                  000048b0    00000018     motor.o (.text.DL_Timer_startCounter)
                  000048c8    00000018     ti_msp_dl_config.o (.text.DL_UART_enablePower)
                  000048e0    00000018     ti_msp_dl_config.o (.text.DL_UART_reset)
                  000048f8    00000018     libc.a : snprintf.c.obj (.text._outc)
                  00004910    00000018            : sprintf.c.obj (.text._outs)
                  00004928    00000016     ir.o (.text.DL_GPIO_readPins)
                  0000493e    00000016     main.o (.text.DL_GPIO_readPins)
                  00004954    00000016     ti_msp_dl_config.o (.text.DL_UART_enable)
                  0000496a    00000016     libc.a : copy_zero_init.c.obj (.text:decompress:ZI:__TI_zero_init_nomemset)
                  00004980    00000014     main.o (.text.DL_GPIO_clearPins)
                  00004994    00000014     motor.o (.text.DL_GPIO_clearPins)
                  000049a8    00000014     ti_msp_dl_config.o (.text.DL_GPIO_clearPins)
                  000049bc    00000014     main.o (.text.DL_GPIO_writePins)
                  000049d0    00000014     oled.o (.text.DL_I2C_getControllerStatus)
                  000049e4    00000014     ti_msp_dl_config.o (.text.DL_I2C_resetControllerTransfer)
                  000049f8    00000014     ti_msp_dl_config.o (.text.DL_SYSCTL_disableSYSPLL)
                  00004a0c    00000014     ti_msp_dl_config.o (.text.DL_SYSCTL_enableMFCLK)
                  00004a20    00000014     ti_msp_dl_config.o (.text.DL_Timer_enableClock)
                  00004a34    00000014     ti_msp_dl_config.o (.text.DL_Timer_setCCPDirection)
                  00004a48    00000014     libclang_rt.builtins.a : aeabi_uldivmod.S.obj (.text.__aeabi_uldivmod)
                  00004a5c    00000014     libc.a : _printfi.c.obj (.text.strchr)
                  00004a70    00000012     main.o (.text.DL_Timer_getPendingInterrupt)
                  00004a82    00000012     driverlib.a : dl_uart.o (.text.DL_UART_setClockConfig)
                  00004a94    00000012     encoder.o (.text.ENCODER_ClearDistance)
                  00004aa6    00000012     motor.o (.text.MOTOR_Begin)
                  00004ab8    00000012     libc.a : memcpy16.S.obj (.text:TI_memcpy_small)
                  00004aca    00000012            : copy_decompress_none.c.obj (.text:decompress:none)
                  00004adc    00000010     ti_msp_dl_config.o (.text.DL_SYSCTL_disableHFXT)
                  00004aec    00000010     ti_msp_dl_config.o (.text.DL_SYSCTL_enableMFPCLK)
                  00004afc    00000010     driverlib.a : dl_timer.o (.text.DL_Timer_setCaptureCompareValue)
                  00004b0c    00000010     pid.o (.text.PID_SetTarget)
                  00004b1c    00000010     libc.a : wcslen.c.obj (.text.wcslen)
                  00004b2c    0000000e     libclang_rt.builtins.a : aeabi_memset.S.obj (.text.__aeabi_memset)
                  00004b3a    0000000e     libc.a : _printfi.c.obj (.text.strlen)
                  00004b48    0000000e            : strlen.c.obj (.text.strlen)
                  00004b56    0000000e            : memset16.S.obj (.text:TI_memset_small)
                  00004b64    0000000c     encoder.o (.text.ENCODER_GetDistance)
                  00004b70    0000000c     encoder.o (.text.ENCODER_GetSpeed)
                  00004b7c    0000000a     driverlib.a : dl_common.o (.text.DL_Common_delayCycles)
                  00004b86    0000000a     libc.a : _printfi.c.obj (.text.OUTLINED_FUNCTION_0)
                  00004b90    00000010     libclang_rt.builtins.a : adddf3.S.obj (.tramp.__aeabi_dsub.1)
                  00004ba0    0000000a     libc.a : _printfi.c.obj (.text.OUTLINED_FUNCTION_1)
                  00004baa    0000000a            : sprintf.c.obj (.text._outc)
                  00004bb4    00000008            : aeabi_portable.c.obj (.text.__aeabi_errno_addr)
                  00004bbc    00000008     libclang_rt.builtins.a : aeabi_memcpy.S.obj (.text.__aeabi_memcpy)
                  00004bc4    00000006     startup_mspm0g350x_ticlang.o (.text.Default_Handler)
                  00004bca    00000006     libc.a : exit.c.obj (.text:abort)
                  00004bd0    00000004     libsysbm.a : hostexit.c.obj (.text.HOSTexit)
                  00004bd4    00000004     startup_mspm0g350x_ticlang.o (.text.Reset_Handler)
                  00004bd8    00000010     libc.a : boot_cortex_m.c.obj (.tramp._c_int00_noargs.1)
                  00004be8    00000004            : pre_init.c.obj (.text._system_pre_init)
                  00004bec    00000004     --HOLE-- [fill = 0]

.cinit     0    00005630    00000030     
                  00005630    0000000c     (__TI_handler_table)
                  0000563c    0000000a     (.cinit..data.load) [load image, compression = lzss]
                  00005646    00000002     --HOLE-- [fill = 0]
                  00005648    00000008     (.cinit..bss.load) [load image, compression = zero_init]
                  00005650    00000010     (__TI_cinit_table)

.rodata    0    00004bf0    00000a40     
                  00004bf0    000005f0     oled.o (.rodata.font8x16)
                  000051e0    0000023a     oled.o (.rodata.font6x8)
                  0000541a    00000006     oled.o (.rodata.str1.8602790770228168678.1)
                  00005420    00000101     libc.a : aeabi_ctype.S.obj (.rodata:__aeabi_ctype_table_)
                  00005521    00000003     ti_msp_dl_config.o (.rodata.gTIMA0_PWMClockConfig)
                  00005524    00000028     ti_msp_dl_config.o (.rodata.gSYSPLLConfig)
                  0000554c    00000014     ti_msp_dl_config.o (.rodata.gTIMER_ENCTimerConfig)
                  00005560    00000014     ti_msp_dl_config.o (.rodata.gTIMER_GeneralTimerConfig)
                  00005574    00000011     libc.a : _printfi.c.obj (.rodata.str1.10348868589481759720.1)
                  00005585    00000011            : _printfi.c.obj (.rodata.str1.15363888844622738466.1)
                  00005596    00000010     main.o (.rodata.str1.15159059442110792349.1)
                  000055a6    0000000e     main.o (.rodata.str1.17100691992556644108.1)
                  000055b4    0000000d     main.o (.rodata.str1.8154729771448623357.1)
                  000055c1    00000001     --HOLE-- [fill = 0]
                  000055c2    0000000a     ti_msp_dl_config.o (.rodata.gUART0_DEBUGConfig)
                  000055cc    0000000a     ti_msp_dl_config.o (.rodata.gUART1_JY901SConfig)
                  000055d6    0000000a     ti_msp_dl_config.o (.rodata.gUART2_LCDConfig)
                  000055e0    0000000a     ti_msp_dl_config.o (.rodata.gUART3_K230Config)
                  000055ea    00000002     ti_msp_dl_config.o (.rodata.gI2C_0ClockConfig)
                  000055ec    00000008     ti_msp_dl_config.o (.rodata.gTIMA0_PWMConfig)
                  000055f4    00000005     oled.o (.rodata.str1.16194164730816264237.1)
                  000055f9    00000005     oled.o (.rodata.str1.525651829783989558.1)
                  000055fe    00000004     oled.o (.rodata.str1.10542030160240668278.1)
                  00005602    00000004     oled.o (.rodata.str1.10612175213412870912.1)
                  00005606    00000004     oled.o (.rodata.str1.1130128258963741112.1)
                  0000560a    00000004     main.o (.rodata.str1.18227636981041470289.1)
                  0000560e    00000003     ti_msp_dl_config.o (.rodata.gTIMER_ENCClockConfig)
                  00005611    00000003     ti_msp_dl_config.o (.rodata.gTIMER_GeneralClockConfig)
                  00005614    00000003     oled.o (.rodata.str1.11378841450994995266.1)
                  00005617    00000003     oled.o (.rodata.str1.2525315705987533996.1)
                  0000561a    00000003     oled.o (.rodata.str1.5289467937234112274.1)
                  0000561d    00000002     ti_msp_dl_config.o (.rodata.gI2C_1ClockConfig)
                  0000561f    00000002     ti_msp_dl_config.o (.rodata.gUART0_DEBUGClockConfig)
                  00005621    00000002     ti_msp_dl_config.o (.rodata.gUART1_JY901SClockConfig)
                  00005623    00000002     ti_msp_dl_config.o (.rodata.gUART2_LCDClockConfig)
                  00005625    00000002     ti_msp_dl_config.o (.rodata.gUART3_K230ClockConfig)
                  00005627    00000009     --HOLE-- [fill = 0]

.init_array 
*          0    00000000    00000000     UNINITIALIZED

.binit     0    00000000    00000000     

.bss       0    20200000    00000275     UNINITIALIZED
                  20200000    000000bc     (.common:gTIMA0_PWMBackup)
                  202000bc    000000a0     (.common:gTIMER_GeneralBackup)
                  2020015c    00000030     (.common:gUART3_K230Backup)
                  2020018c    0000001c     (.common:pid_irline)
                  202001a8    0000001c     (.common:pid_spd)
                  202001c4    00000018     (.common:encoder_bl)
                  202001dc    00000018     (.common:encoder_fr)
                  202001f4    00000018     (.common:motor_bl)
                  2020020c    00000018     (.common:motor_br)
                  20200224    00000018     (.common:motor_fl)
                  2020023c    00000018     (.common:motor_fr)
                  20200254    00000008     (.common:oled)
                  2020025c    00000004     main.o (.bss.main.left_output)
                  20200260    00000004     main.o (.bss.main.right_output)
                  20200264    00000004     (.common:dist)
                  20200268    00000004     (.common:irline_output)
                  2020026c    00000004     (.common:spd)
                  20200270    00000004     (.common:speed_output)
                  20200274    00000001     (.common:line_error)

.data      0    20200278    00000011     UNINITIALIZED
                  20200278    00000004     ir.o (.data.IR_Data)
                  2020027c    00000004     libc.a : aeabi_portable.c.obj (.data.__aeabi_errno)
                  20200280    00000001     ir.o (.data.IR_Left)
                  20200281    00000001     main.o (.data.finish_buzzered)
                  20200282    00000001     main.o (.data.isMissionSet)
                  20200283    00000001     main.o (.data.isTrackingCplted)
                  20200284    00000001     main.o (.data.last_left_angle)
                  20200285    00000001     main.o (.data.last_right_angle)
                  20200286    00000001     main.o (.data.target_loop)
                  20200287    00000001     main.o (.data.target_test)
                  20200288    00000001     main.o (.data.turning_count)

.stack     0    20207e00    00000200     UNINITIALIZED
                  20207e00    00000004     libc.a : boot_cortex_m.c.obj (.stack)
                  20207e04    000001fc     --HOLE--

__llvm_prf_cnts 
*          0    20200000    00000000     UNINITIALIZED

__llvm_prf_bits 
*          0    20200000    00000000     UNINITIALIZED

MODULE SUMMARY

       Module                         code    ro data   rw data
       ------                         ----    -------   -------
    .\
       ti_msp_dl_config.o             3334    149       396    
       main.o                         2328    47        241    
       startup_mspm0g350x_ticlang.o   10      192       0      
    +--+------------------------------+-------+---------+---------+
       Total:                         5672    388       637    
                                                               
    .\Components\src\
       oled.o                         2140    2127      0      
       motor.o                        490     0         0      
       ir.o                           438     0         5      
       pid.o                          442     0         0      
       encoder.o                      338     0         0      
    +--+------------------------------+-------+---------+---------+
       Total:                         3848    2127      5      
                                                               
    C:/TI/mspm0_sdk_2_05_01_00/source/ti/driverlib/lib/ticlang/m0p/mspm0g1x0x_g3x0x/driverlib.a
       dl_timer.o                     588     0         0      
       dl_sysctl_mspm0g1x0x_g3x0x.o   288     0         0      
       dl_i2c.o                       192     0         0      
       dl_uart.o                      90      0         0      
       dl_common.o                    10      0         0      
    +--+------------------------------+-------+---------+---------+
       Total:                         1168    0         0      
                                                               
    D:\TI\CCS Theia\ccs\tools\compiler\ti-cgt-armllvm_4.0.3.LTS\lib\armv6m-ti-none-eabi/c/libc.a
       _printfi.c.obj                 4510    34        0      
       aeabi_ctype.S.obj              0       257       0      
       s_scalbn.c.obj                 216     0         0      
       snprintf.c.obj                 148     0         0      
       copy_decompress_lzss.c.obj     124     0         0      
       s_frexp.c.obj                  92      0         0      
       sprintf.c.obj                  90      0         0      
       _ltoa.c.obj                    88      0         0      
       atoi.c.obj                     64      0         0      
       autoinit.c.obj                 60      0         0      
       boot_cortex_m.c.obj            56      0         0      
       memccpy.c.obj                  34      0         0      
       copy_zero_init.c.obj           22      0         0      
       copy_decompress_none.c.obj     18      0         0      
       memcpy16.S.obj                 18      0         0      
       wcslen.c.obj                   16      0         0      
       memset16.S.obj                 14      0         0      
       strlen.c.obj                   14      0         0      
       aeabi_portable.c.obj           8       0         4      
       exit.c.obj                     6       0         0      
       pre_init.c.obj                 4       0         0      
    +--+------------------------------+-------+---------+---------+
       Total:                         5602    291       4      
                                                               
    D:\TI\CCS Theia\ccs\tools\compiler\ti-cgt-armllvm_4.0.3.LTS\lib\armv6m-ti-none-eabi/c/libsysbm.a
       hostexit.c.obj                 4       0         0      
    +--+------------------------------+-------+---------+---------+
       Total:                         4       0         0      
                                                               
    D:\TI\CCS Theia\ccs\tools\compiler\ti-cgt-armllvm_4.0.3.LTS\lib\armv6m-ti-none-eabi/libclang_rt.builtins.a
       adddf3.S.obj                   418     0         0      
       divdf3.S.obj                   268     0         0      
       muldf3.S.obj                   228     0         0      
       comparedf2.c.obj               220     0         0      
       addsf3.S.obj                   216     0         0      
       udivmoddi4.S.obj               162     0         0      
       mulsf3.S.obj                   140     0         0      
       divsf3.S.obj                   130     0         0      
       comparesf2.S.obj               118     0         0      
       truncdfsf2.S.obj               116     0         0      
       aeabi_dcmp.S.obj               98      0         0      
       aeabi_fcmp.S.obj               98      0         0      
       aeabi_idivmod.S.obj            86      0         0      
       fixdfsi.S.obj                  74      0         0      
       aeabi_uidivmod.S.obj           64      0         0      
       extendsfdf2.S.obj              64      0         0      
       floatsisf.S.obj                60      0         0      
       muldsi3.S.obj                  58      0         0      
       fixsfsi.S.obj                  56      0         0      
       fixunssfsi.S.obj               50      0         0      
       floatsidf.S.obj                44      0         0      
       floatunsisf.S.obj              40      0         0      
       muldi3.S.obj                   36      0         0      
       ashldi3.S.obj                  30      0         0      
       aeabi_uldivmod.S.obj           20      0         0      
       aeabi_memset.S.obj             14      0         0      
       aeabi_memcpy.S.obj             8       0         0      
       aeabi_div0.c.obj               4       0         0      
    +--+------------------------------+-------+---------+---------+
       Total:                         2920    0         0      
                                                               
       Stack:                         0       0         512    
       Linker Generated:              0       46        0      
    +--+------------------------------+-------+---------+---------+
       Grand Total:                   19214   2852      1158   


LINKER GENERATED COPY TABLES

__TI_cinit_table @ 00005650 records: 2, size/record: 8, table size: 16
	.data: load addr=0000563c, load size=0000000a bytes, run addr=20200278, run size=00000011 bytes, compression=lzss
	.bss: load addr=00005648, load size=00000008 bytes, run addr=20200000, run size=00000275 bytes, compression=zero_init


LINKER GENERATED HANDLER TABLE

__TI_handler_table @ 00005630 records: 3, size/record: 4, table size: 12
	index: 0, handler: __TI_decompress_lzss
	index: 1, handler: __TI_decompress_none
	index: 2, handler: __TI_zero_init


FAR CALL TRAMPOLINES

callee name               trampoline name
   callee addr  tramp addr   call addr  call info
--------------  -----------  ---------  ----------------
__aeabi_dsub              $Tramp$TT$L$PI$$__aeabi_dsub
   00001bc1     00004b90     00004b8e   libc.a : _printfi.c.obj (.text.OUTLINED_FUNCTION_0)
_c_int00_noargs           $Tramp$TT$L$PI$$_c_int00_noargs
   000043a1     00004bd8     00004bd4   startup_mspm0g350x_ticlang.o (.text.Reset_Handler)

[2 trampolines]
[2 trampoline calls]


GLOBAL SYMBOLS: SORTED ALPHABETICALLY BY Name 

address   name                                 
-------   ----                                 
00004bc5  ADC0_IRQHandler                      
00004bc5  ADC1_IRQHandler                      
00004bc5  AES_IRQHandler                       
00004bd0  C$$EXIT                              
00004bc5  CANFD0_IRQHandler                    
00004bc5  DAC0_IRQHandler                      
00004b7d  DL_Common_delayCycles                
00003583  DL_I2C_fillControllerTXFIFO          
00003dd9  DL_I2C_flushControllerTXFIFO         
000043ef  DL_I2C_setClockConfig                
000027f5  DL_SYSCTL_configSYSPLL               
00003b59  DL_SYSCTL_switchMCLKfromSYSOSCtoHSCLK
00002439  DL_Timer_initFourCCPWMMode           
00002629  DL_Timer_initTimerMode               
00004661  DL_Timer_setCaptCompUpdateMethod     
00004881  DL_Timer_setCaptureCompareOutCtl     
00004afd  DL_Timer_setCaptureCompareValue      
0000467d  DL_Timer_setClockConfig              
00003ac9  DL_UART_init                         
00004a83  DL_UART_setClockConfig               
00004bc5  DMA_IRQHandler                       
00004bc5  Default_Handler                      
00004521  ENCODER_Begin                        
00004a95  ENCODER_ClearDistance                
00004b65  ENCODER_GetDistance                  
00004b71  ENCODER_GetSpeed                     
00003ff3  ENCODER_Init                         
0000305d  ENCODER_Update                       
00004bc5  GROUP0_IRQHandler                    
00002105  GROUP1_IRQHandler                    
00004bd1  HOSTexit                             
00004bc5  HardFault_Handler                    
00004bc5  I2C0_IRQHandler                      
00004bc5  I2C1_IRQHandler                      
00003b9d  IR_ChkRightAngle_Left                
00003b11  IR_ChkRightAngle_Right               
20200278  IR_Data                              
20200280  IR_Left                              
000032a5  IR_LineError                         
000041d1  IR_Read                              
00002f65  IR_Update                            
00004aa7  MOTOR_Begin                          
00003d5d  MOTOR_Init                           
00003381  MOTOR_SetDir                         
0000253d  MOTOR_SetDuty                        
00004bc5  NMI_Handler                          
0000232d  OLED_Begin                           
00002de1  OLED_Clear                           
000046b5  OLED_Init                            
00001a1d  OLED_PrintText                       
000010d9  OLED_PrintVar                        
00002ee7  OLED_SetCursor                       
00001d55  PID_Calc                             
00004109  PID_Init                             
0000445d  PID_SetParam                         
00004b0d  PID_SetTarget                        
00004bc5  PendSV_Handler                       
00004bc5  RTC_IRQHandler                       
00004bd5  Reset_Handler                        
00004bc5  SPI0_IRQHandler                      
00004bc5  SPI1_IRQHandler                      
00004bc5  SVC_Handler                          
0000138d  SYSCFG_DL_GPIO_init                  
00003699  SYSCFG_DL_I2C_0_init                 
000036f1  SYSCFG_DL_I2C_1_init                 
000035e1  SYSCFG_DL_SYSCTL_init                
000028d1  SYSCFG_DL_TIMA0_PWM_init             
00003e51  SYSCFG_DL_TIMER_ENC_init             
00003e8d  SYSCFG_DL_TIMER_General_init         
00003bdd  SYSCFG_DL_UART0_DEBUG_init           
00003949  SYSCFG_DL_UART1_JY901S_init          
00003c1d  SYSCFG_DL_UART2_LCD_init             
00003c5d  SYSCFG_DL_UART3_K230_init            
00003851  SYSCFG_DL_init                       
00002b59  SYSCFG_DL_initPower                  
00004bc5  SysTick_Handler                      
00004bc5  TIMA0_IRQHandler                     
00004bc5  TIMA1_IRQHandler                     
0000402d  TIMG0_IRQHandler                     
00004bc5  TIMG12_IRQHandler                    
000039e5  TIMG6_IRQHandler                     
00004bc5  TIMG7_IRQHandler                     
00004bc5  TIMG8_IRQHandler                     
00004ab9  TI_memcpy_small                      
00004b57  TI_memset_small                      
00004bc5  UART0_IRQHandler                     
00004bc5  UART1_IRQHandler                     
00004bc5  UART2_IRQHandler                     
00004bc5  UART3_IRQHandler                     
20208000  __STACK_END                          
00000200  __STACK_SIZE                         
00000000  __TI_ATRegion0_region_sz             
00000000  __TI_ATRegion0_src_addr              
00000000  __TI_ATRegion0_trg_addr              
00000000  __TI_ATRegion1_region_sz             
00000000  __TI_ATRegion1_src_addr              
00000000  __TI_ATRegion1_trg_addr              
00000000  __TI_ATRegion2_region_sz             
00000000  __TI_ATRegion2_src_addr              
00000000  __TI_ATRegion2_trg_addr              
00005650  __TI_CINIT_Base                      
00005660  __TI_CINIT_Limit                     
00005660  __TI_CINIT_Warm                      
00005630  __TI_Handler_Table_Base              
0000563c  __TI_Handler_Table_Limit             
00003f41  __TI_auto_init_nobinit_nopinit       
00002fe1  __TI_decompress_lzss                 
00004acb  __TI_decompress_none                 
00003749  __TI_ltoa                            
ffffffff  __TI_pprof_out_hndl                  
000000c1  __TI_printfi                         
ffffffff  __TI_prof_data_size                  
ffffffff  __TI_prof_data_start                 
00000000  __TI_static_base__                   
0000496b  __TI_zero_init_nomemset              
00001bcb  __adddf3                             
00002a8b  __addsf3                             
00005420  __aeabi_ctype_table_                 
00005420  __aeabi_ctype_table_C                
00003231  __aeabi_d2f                          
00003a7d  __aeabi_d2iz                         
00001bcb  __aeabi_dadd                         
000034bd  __aeabi_dcmpeq                       
000034f9  __aeabi_dcmpge                       
0000350d  __aeabi_dcmpgt                       
000034e5  __aeabi_dcmple                       
000034d1  __aeabi_dcmplt                       
00002221  __aeabi_ddiv                         
00002711  __aeabi_dmul                         
00001bc1  __aeabi_dsub                         
2020027c  __aeabi_errno                        
00004bb5  __aeabi_errno_addr                   
00003cdd  __aeabi_f2d                          
00004065  __aeabi_f2iz                         
0000413d  __aeabi_f2uiz                        
00002a8b  __aeabi_fadd                         
00003521  __aeabi_fcmpeq                       
0000355d  __aeabi_fcmpge                       
00003571  __aeabi_fcmpgt                       
00003549  __aeabi_fcmple                       
00003535  __aeabi_fcmplt                       
00002e65  __aeabi_fdiv                         
00002cd1  __aeabi_fmul                         
00002a81  __aeabi_fsub                         
000042ad  __aeabi_i2d                          
00003ec9  __aeabi_i2f                          
000037f9  __aeabi_idiv                         
00001d53  __aeabi_idiv0                        
000037f9  __aeabi_idivmod                      
00002437  __aeabi_ldiv0                        
00004561  __aeabi_llsl                         
00004415  __aeabi_lmul                         
00004bbd  __aeabi_memcpy                       
00004bbd  __aeabi_memcpy4                      
00004bbd  __aeabi_memcpy8                      
00004b2d  __aeabi_memset                       
00004b2d  __aeabi_memset4                      
00004b2d  __aeabi_memset8                      
00004379  __aeabi_ui2f                         
00003c9d  __aeabi_uidiv                        
00003c9d  __aeabi_uidivmod                     
00004a49  __aeabi_uldivmod                     
00004561  __ashldi3                            
ffffffff  __binit__                            
000033ed  __cmpdf2                             
00003f7d  __cmpsf2                             
00002221  __divdf3                             
00002e65  __divsf3                             
000033ed  __eqdf2                              
00003f7d  __eqsf2                              
00003cdd  __extendsfdf2                        
00003a7d  __fixdfsi                            
00004065  __fixsfsi                            
0000413d  __fixunssfsi                         
000042ad  __floatsidf                          
00003ec9  __floatsisf                          
00004379  __floatunsisf                        
000031bd  __gedf2                              
00003f05  __gesf2                              
000031bd  __gtdf2                              
00003f05  __gtsf2                              
000033ed  __ledf2                              
00003f7d  __lesf2                              
000033ed  __ltdf2                              
00003f7d  __ltsf2                              
UNDEFED   __mpu_init                           
00002711  __muldf3                             
00004415  __muldi3                             
00003fb9  __muldsi3                            
00002cd1  __mulsf3                             
000033ed  __nedf2                              
00003f7d  __nesf2                              
20207e00  __stack                              
20200000  __start___llvm_prf_bits              
20200000  __start___llvm_prf_cnts              
20200000  __stop___llvm_prf_bits               
20200000  __stop___llvm_prf_cnts               
00001bc1  __subdf3                             
00002a81  __subsf3                             
00003231  __truncdfsf2                         
00002c2d  __udivmoddi4                         
000043a1  _c_int00_noargs                      
UNDEFED   _system_post_cinit                   
00004be9  _system_pre_init                     
00004bcb  abort                                
00003d1d  atoi                                 
ffffffff  binit                                
00003315  cmpStrings                           
20200264  dist                                 
202001c4  encoder_bl                           
202001dc  encoder_fr                           
20200281  finish_buzzered                      
000051e0  font6x8                              
00004bf0  font8x16                             
0000363d  frexp                                
0000363d  frexpl                               
20200000  gTIMA0_PWMBackup                     
202000bc  gTIMER_GeneralBackup                 
2020015c  gUART3_K230Backup                    
00000000  interruptVectors                     
20200268  irline_output                        
20200282  isMissionSet                         
20200283  isTrackingCplted                     
20200284  last_left_angle                      
20200285  last_right_angle                     
000029a9  ldexp                                
000029a9  ldexpl                               
20200274  line_error                           
00000a91  main                                 
0000447f  memccpy                              
202001f4  motor_bl                             
2020020c  motor_br                             
20200224  motor_fl                             
2020023c  motor_fr                             
20200254  oled                                 
2020018c  pid_irline                           
202001a8  pid_spd                              
000029a9  scalbn                               
000029a9  scalbnl                              
00003a31  snprintf                             
2020026c  spd                                  
20200270  speed_output                         
0000409d  sprintf                              
00004b49  strlen                               
20200286  target_loop                          
20200287  target_test                          
20200288  turning_count                        
00004b1d  wcslen                               


GLOBAL SYMBOLS: SORTED BY Symbol Address 

address   name                                 
-------   ----                                 
00000000  __TI_ATRegion0_region_sz             
00000000  __TI_ATRegion0_src_addr              
00000000  __TI_ATRegion0_trg_addr              
00000000  __TI_ATRegion1_region_sz             
00000000  __TI_ATRegion1_src_addr              
00000000  __TI_ATRegion1_trg_addr              
00000000  __TI_ATRegion2_region_sz             
00000000  __TI_ATRegion2_src_addr              
00000000  __TI_ATRegion2_trg_addr              
00000000  __TI_static_base__                   
00000000  interruptVectors                     
000000c1  __TI_printfi                         
00000200  __STACK_SIZE                         
00000a91  main                                 
000010d9  OLED_PrintVar                        
0000138d  SYSCFG_DL_GPIO_init                  
00001a1d  OLED_PrintText                       
00001bc1  __aeabi_dsub                         
00001bc1  __subdf3                             
00001bcb  __adddf3                             
00001bcb  __aeabi_dadd                         
00001d53  __aeabi_idiv0                        
00001d55  PID_Calc                             
00002105  GROUP1_IRQHandler                    
00002221  __aeabi_ddiv                         
00002221  __divdf3                             
0000232d  OLED_Begin                           
00002437  __aeabi_ldiv0                        
00002439  DL_Timer_initFourCCPWMMode           
0000253d  MOTOR_SetDuty                        
00002629  DL_Timer_initTimerMode               
00002711  __aeabi_dmul                         
00002711  __muldf3                             
000027f5  DL_SYSCTL_configSYSPLL               
000028d1  SYSCFG_DL_TIMA0_PWM_init             
000029a9  ldexp                                
000029a9  ldexpl                               
000029a9  scalbn                               
000029a9  scalbnl                              
00002a81  __aeabi_fsub                         
00002a81  __subsf3                             
00002a8b  __addsf3                             
00002a8b  __aeabi_fadd                         
00002b59  SYSCFG_DL_initPower                  
00002c2d  __udivmoddi4                         
00002cd1  __aeabi_fmul                         
00002cd1  __mulsf3                             
00002de1  OLED_Clear                           
00002e65  __aeabi_fdiv                         
00002e65  __divsf3                             
00002ee7  OLED_SetCursor                       
00002f65  IR_Update                            
00002fe1  __TI_decompress_lzss                 
0000305d  ENCODER_Update                       
000031bd  __gedf2                              
000031bd  __gtdf2                              
00003231  __aeabi_d2f                          
00003231  __truncdfsf2                         
000032a5  IR_LineError                         
00003315  cmpStrings                           
00003381  MOTOR_SetDir                         
000033ed  __cmpdf2                             
000033ed  __eqdf2                              
000033ed  __ledf2                              
000033ed  __ltdf2                              
000033ed  __nedf2                              
000034bd  __aeabi_dcmpeq                       
000034d1  __aeabi_dcmplt                       
000034e5  __aeabi_dcmple                       
000034f9  __aeabi_dcmpge                       
0000350d  __aeabi_dcmpgt                       
00003521  __aeabi_fcmpeq                       
00003535  __aeabi_fcmplt                       
00003549  __aeabi_fcmple                       
0000355d  __aeabi_fcmpge                       
00003571  __aeabi_fcmpgt                       
00003583  DL_I2C_fillControllerTXFIFO          
000035e1  SYSCFG_DL_SYSCTL_init                
0000363d  frexp                                
0000363d  frexpl                               
00003699  SYSCFG_DL_I2C_0_init                 
000036f1  SYSCFG_DL_I2C_1_init                 
00003749  __TI_ltoa                            
000037f9  __aeabi_idiv                         
000037f9  __aeabi_idivmod                      
00003851  SYSCFG_DL_init                       
00003949  SYSCFG_DL_UART1_JY901S_init          
000039e5  TIMG6_IRQHandler                     
00003a31  snprintf                             
00003a7d  __aeabi_d2iz                         
00003a7d  __fixdfsi                            
00003ac9  DL_UART_init                         
00003b11  IR_ChkRightAngle_Right               
00003b59  DL_SYSCTL_switchMCLKfromSYSOSCtoHSCLK
00003b9d  IR_ChkRightAngle_Left                
00003bdd  SYSCFG_DL_UART0_DEBUG_init           
00003c1d  SYSCFG_DL_UART2_LCD_init             
00003c5d  SYSCFG_DL_UART3_K230_init            
00003c9d  __aeabi_uidiv                        
00003c9d  __aeabi_uidivmod                     
00003cdd  __aeabi_f2d                          
00003cdd  __extendsfdf2                        
00003d1d  atoi                                 
00003d5d  MOTOR_Init                           
00003dd9  DL_I2C_flushControllerTXFIFO         
00003e51  SYSCFG_DL_TIMER_ENC_init             
00003e8d  SYSCFG_DL_TIMER_General_init         
00003ec9  __aeabi_i2f                          
00003ec9  __floatsisf                          
00003f05  __gesf2                              
00003f05  __gtsf2                              
00003f41  __TI_auto_init_nobinit_nopinit       
00003f7d  __cmpsf2                             
00003f7d  __eqsf2                              
00003f7d  __lesf2                              
00003f7d  __ltsf2                              
00003f7d  __nesf2                              
00003fb9  __muldsi3                            
00003ff3  ENCODER_Init                         
0000402d  TIMG0_IRQHandler                     
00004065  __aeabi_f2iz                         
00004065  __fixsfsi                            
0000409d  sprintf                              
00004109  PID_Init                             
0000413d  __aeabi_f2uiz                        
0000413d  __fixunssfsi                         
000041d1  IR_Read                              
000042ad  __aeabi_i2d                          
000042ad  __floatsidf                          
00004379  __aeabi_ui2f                         
00004379  __floatunsisf                        
000043a1  _c_int00_noargs                      
000043ef  DL_I2C_setClockConfig                
00004415  __aeabi_lmul                         
00004415  __muldi3                             
0000445d  PID_SetParam                         
0000447f  memccpy                              
00004521  ENCODER_Begin                        
00004561  __aeabi_llsl                         
00004561  __ashldi3                            
00004661  DL_Timer_setCaptCompUpdateMethod     
0000467d  DL_Timer_setClockConfig              
000046b5  OLED_Init                            
00004881  DL_Timer_setCaptureCompareOutCtl     
0000496b  __TI_zero_init_nomemset              
00004a49  __aeabi_uldivmod                     
00004a83  DL_UART_setClockConfig               
00004a95  ENCODER_ClearDistance                
00004aa7  MOTOR_Begin                          
00004ab9  TI_memcpy_small                      
00004acb  __TI_decompress_none                 
00004afd  DL_Timer_setCaptureCompareValue      
00004b0d  PID_SetTarget                        
00004b1d  wcslen                               
00004b2d  __aeabi_memset                       
00004b2d  __aeabi_memset4                      
00004b2d  __aeabi_memset8                      
00004b49  strlen                               
00004b57  TI_memset_small                      
00004b65  ENCODER_GetDistance                  
00004b71  ENCODER_GetSpeed                     
00004b7d  DL_Common_delayCycles                
00004bb5  __aeabi_errno_addr                   
00004bbd  __aeabi_memcpy                       
00004bbd  __aeabi_memcpy4                      
00004bbd  __aeabi_memcpy8                      
00004bc5  ADC0_IRQHandler                      
00004bc5  ADC1_IRQHandler                      
00004bc5  AES_IRQHandler                       
00004bc5  CANFD0_IRQHandler                    
00004bc5  DAC0_IRQHandler                      
00004bc5  DMA_IRQHandler                       
00004bc5  Default_Handler                      
00004bc5  GROUP0_IRQHandler                    
00004bc5  HardFault_Handler                    
00004bc5  I2C0_IRQHandler                      
00004bc5  I2C1_IRQHandler                      
00004bc5  NMI_Handler                          
00004bc5  PendSV_Handler                       
00004bc5  RTC_IRQHandler                       
00004bc5  SPI0_IRQHandler                      
00004bc5  SPI1_IRQHandler                      
00004bc5  SVC_Handler                          
00004bc5  SysTick_Handler                      
00004bc5  TIMA0_IRQHandler                     
00004bc5  TIMA1_IRQHandler                     
00004bc5  TIMG12_IRQHandler                    
00004bc5  TIMG7_IRQHandler                     
00004bc5  TIMG8_IRQHandler                     
00004bc5  UART0_IRQHandler                     
00004bc5  UART1_IRQHandler                     
00004bc5  UART2_IRQHandler                     
00004bc5  UART3_IRQHandler                     
00004bcb  abort                                
00004bd0  C$$EXIT                              
00004bd1  HOSTexit                             
00004bd5  Reset_Handler                        
00004be9  _system_pre_init                     
00004bf0  font8x16                             
000051e0  font6x8                              
00005420  __aeabi_ctype_table_                 
00005420  __aeabi_ctype_table_C                
00005630  __TI_Handler_Table_Base              
0000563c  __TI_Handler_Table_Limit             
00005650  __TI_CINIT_Base                      
00005660  __TI_CINIT_Limit                     
00005660  __TI_CINIT_Warm                      
20200000  __start___llvm_prf_bits              
20200000  __start___llvm_prf_cnts              
20200000  __stop___llvm_prf_bits               
20200000  __stop___llvm_prf_cnts               
20200000  gTIMA0_PWMBackup                     
202000bc  gTIMER_GeneralBackup                 
2020015c  gUART3_K230Backup                    
2020018c  pid_irline                           
202001a8  pid_spd                              
202001c4  encoder_bl                           
202001dc  encoder_fr                           
202001f4  motor_bl                             
2020020c  motor_br                             
20200224  motor_fl                             
2020023c  motor_fr                             
20200254  oled                                 
20200264  dist                                 
20200268  irline_output                        
2020026c  spd                                  
20200270  speed_output                         
20200274  line_error                           
20200278  IR_Data                              
2020027c  __aeabi_errno                        
20200280  IR_Left                              
20200281  finish_buzzered                      
20200282  isMissionSet                         
20200283  isTrackingCplted                     
20200284  last_left_angle                      
20200285  last_right_angle                     
20200286  target_loop                          
20200287  target_test                          
20200288  turning_count                        
20207e00  __stack                              
20208000  __STACK_END                          
ffffffff  __TI_pprof_out_hndl                  
ffffffff  __TI_prof_data_size                  
ffffffff  __TI_prof_data_start                 
ffffffff  __binit__                            
ffffffff  binit                                
UNDEFED   __mpu_init                           
UNDEFED   _system_post_cinit                   

[248 symbols]
