******************************************************************************
            TI ARM Clang Linker PC v4.0.3                      
******************************************************************************
>> Linked Tue Jul 29 22:13:09 2025

OUTPUT FILE NAME:   <G3507_Tester.out>
ENTRY POINT SYMBOL: "_c_int00_noargs"  address: 000039a9


MEMORY CONFIGURATION

         name            origin    length      used     unused   attr    fill
----------------------  --------  ---------  --------  --------  ----  --------
  FLASH                 00000000   00020000  00004ca8  0001b358  R  X
  SRAM                  20200000   00008000  00000328  00007cd8  RW X
  BCR_CONFIG            41c00000   000000ff  00000000  000000ff  R   
  BSL_CONFIG            41c00100   00000080  00000000  00000080  R   


SEGMENT ALLOCATION MAP

run origin  load origin   length   init length attrs members
----------  ----------- ---------- ----------- ----- -------
00000000    00000000    00004ca8   00004ca8    r-x
  00000000    00000000    000000c0   000000c0    r-- .intvecs
  000000c0    000000c0    00004170   00004170    r-x .text
  00004230    00004230    00000a40   00000a40    r-- .rodata
  00004c70    00004c70    00000008   00000008    r-- .init_array
  00004c78    00004c78    00000030   00000030    r-- .cinit
20200000    20200000    00000128   00000000    rw-
  20200000    20200000    000000c0   00000000    rw- .bss
  202000c0    202000c0    00000068   00000000    rw- .data
20207e00    20207e00    00000200   00000000    rw-
  20207e00    20207e00    00000200   00000000    rw- .stack


SECTION ALLOCATION MAP

 output                                  attributes/
section   page    origin      length       input sections
--------  ----  ----------  ----------   ----------------
.intvecs   0    00000000    000000c0     
                  00000000    000000c0     startup_mspm0g350x_ticlang.o (.intvecs)

.binit     0    00000000    00000000     

.text      0    000000c0    00004170     
                  000000c0    000009d0     libc.a : _printfi.c.obj (.text:__TI_printfi)
                  00000a90    00000228     main.o (.text.main)
                  00000cb8    00000220     libc.a : _printfi.c.obj (.text._pconv_a)
                  00000ed8    00000218     oled.o (.text._ZN4OLED8printVarEhhfPKchb)
                  000010f0    000001dc     libc.a : _printfi.c.obj (.text._pconv_g)
                  000012cc    000001a8     oled.o (.text._ZN4OLED9printTextEhhPKch)
                  00001474    0000019c     ti_msp_dl_config.o (.text.SYSCFG_DL_GPIO_init)
                  00001610    00000192     libclang_rt.builtins.a : adddf3.S.obj (.text.adddf3_subdf3)
                  000017a2    00000002                            : aeabi_div0.c.obj (.text.__aeabi_idiv0)
                  000017a4    0000013c     libc.a : _printfi.c.obj (.text.fcvt)
                  000018e0    00000120            : _printfi.c.obj (.text._pconv_e)
                  00001a00    0000010c     libclang_rt.builtins.a : divdf3.S.obj (.text.__divdf3)
                  00001b0c    00000108     oled.o (.text._ZN4OLED5beginEv)
                  00001c14    00000104     driverlib.a : dl_timer.o (.text.DL_Timer_initFourCCPWMMode)
                  00001d18    000000fc     jy901s.o (.text._ZN6JY901S6decodeEv)
                  00001e14    000000e8     driverlib.a : dl_timer.o (.text.DL_Timer_initTimerMode)
                  00001efc    000000e4     libclang_rt.builtins.a : muldf3.S.obj (.text.__muldf3)
                  00001fe0    000000dc     driverlib.a : dl_sysctl_mspm0g1x0x_g3x0x.o (.text.DL_SYSCTL_configSYSPLL)
                  000020bc    000000d8     ti_msp_dl_config.o (.text.SYSCFG_DL_MOTOR_PWM_init)
                  00002194    000000d8     libc.a : s_scalbn.c.obj (.text.scalbn)
                  0000226c    000000bc     motor.o (.text._ZN5Motor7setDutyEf)
                  00002328    000000ac     main.o (.text.UART1_IRQHandler)
                  000023d4    000000a2     libclang_rt.builtins.a : udivmoddi4.S.obj (.text)
                  00002476    00000002                            : aeabi_div0.c.obj (.text.__aeabi_ldiv0)
                  00002478    000000a0     ti_msp_dl_config.o (.text.SYSCFG_DL_initPower)
                  00002518    0000009c     main.o (.text.GROUP1_IRQHandler)
                  000025b4    0000008c     libclang_rt.builtins.a : mulsf3.S.obj (.text.__mulsf3)
                  00002640    00000088     libc.a : strcmp-armv6m.S.obj (.text:strcmp)
                  000026c8    00000084     oled.o (.text._ZN4OLED5clearEv)
                  0000274c    00000084     ti_msp_dl_config.o (.text.__NVIC_SetPriority)
                  000027d0    00000082     libclang_rt.builtins.a : divsf3.S.obj (.text.__divsf3)
                  00002852    00000080     oled.o (.text._ZN4OLED9setCursorEhh)
                  000028d2    00000002     --HOLE-- [fill = 0]
                  000028d4    0000007c     libc.a : copy_decompress_lzss.c.obj (.text:decompress:lzss)
                  00002950    00000076     oled.o (.text._ZN4OLED12writeCommandEh)
                  000029c6    00000076     oled.o (.text._ZN4OLED9writeDataEh)
                  00002a3c    00000074     libclang_rt.builtins.a : comparedf2.c.obj (.text.__gedf2)
                  00002ab0    00000074                            : truncdfsf2.S.obj (.text.__truncdfsf2)
                  00002b24    0000006c     motor.o (.text._ZN5Motor6setDirENS_11MOTOR_Dir_tE)
                  00002b90    0000006c     encoder.o (.text._ZN7Encoder6updateEv)
                  00002bfc    00000068     libclang_rt.builtins.a : comparedf2.c.obj (.text.__ledf2)
                  00002c64    00000066     libc.a : _printfi.c.obj (.text._mcpy)
                  00002cca    00000002     --HOLE-- [fill = 0]
                  00002ccc    00000064     driverlib.a : dl_sysctl_mspm0g1x0x_g3x0x.o (.text.DL_SYSCTL_setHFCLKSourceHFXTParams)
                  00002d30    00000062     libclang_rt.builtins.a : aeabi_dcmp.S.obj (.text.__aeabi_dcmp)
                  00002d92    0000005e     driverlib.a : dl_i2c.o (.text.DL_I2C_fillControllerTXFIFO)
                  00002df0    0000005c     ti_msp_dl_config.o (.text.SYSCFG_DL_SYSCTL_init)
                  00002e4c    0000005c     libc.a : s_frexp.c.obj (.text.frexp)
                  00002ea8    00000058     ti_msp_dl_config.o (.text.SYSCFG_DL_I2C_0_init)
                  00002f00    00000058     ti_msp_dl_config.o (.text.SYSCFG_DL_I2C_1_init)
                  00002f58    00000058     libc.a : _ltoa.c.obj (.text.__TI_ltoa)
                  00002fb0    00000058            : _printfi.c.obj (.text._pconv_f)
                  00003008    00000058            : ltoa.c.obj (.text.ltoa)
                  00003060    00000056     libclang_rt.builtins.a : aeabi_idivmod.S.obj (.text.__aeabi_idivmod)
                  000030b6    00000002     --HOLE-- [fill = 0]
                  000030b8    00000054     libc.a : autoinit.c.obj (.text:__TI_auto_init_nobinit)
                  0000310c    00000052            : _printfi.c.obj (.text._ecpy)
                  0000315e    00000002     --HOLE-- [fill = 0]
                  00003160    00000050     oled.o (.text._ZL30DL_I2C_startControllerTransferP8I2C_Regsj27DL_I2C_CONTROLLER_DIRECTIONt)
                  000031b0    0000004c     ti_msp_dl_config.o (.text.DL_UART_setBaudRateDivisor)
                  000031fc    0000004c     libc.a : snprintf.c.obj (.text.snprintf)
                  00003248    0000004a     libclang_rt.builtins.a : fixdfsi.S.obj (.text.__fixdfsi)
                  00003292    00000002     --HOLE-- [fill = 0]
                  00003294    00000048     driverlib.a : dl_uart.o (.text.DL_UART_init)
                  000032dc    00000048     ti_msp_dl_config.o (.text.SYSCFG_DL_UART_JY901S_init)
                  00003324    00000044     driverlib.a : dl_sysctl_mspm0g1x0x_g3x0x.o (.text.DL_SYSCTL_switchMCLKfromSYSOSCtoHSCLK)
                  00003368    00000044     encoder.o (.text._ZN7Encoder5beginEv)
                  000033ac    00000040     ti_msp_dl_config.o (.text.SYSCFG_DL_UART_DEBUG_init)
                  000033ec    00000040     libclang_rt.builtins.a : aeabi_uidivmod.S.obj (.text.__aeabi_uidivmod)
                  0000342c    00000040                            : extendsfdf2.S.obj (.text.__extendsfdf2)
                  0000346c    00000040     libc.a : atoi.c.obj (.text.atoi)
                  000034ac    0000003c     ti_msp_dl_config.o (.text.DL_GPIO_initPeripheralInputFunctionFeatures)
                  000034e8    0000003c     driverlib.a : dl_i2c.o (.text.DL_I2C_flushControllerTXFIFO)
                  00003524    0000003c     ti_msp_dl_config.o (.text.DL_Timer_setCounterControl)
                  00003560    0000003c     ti_msp_dl_config.o (.text.SYSCFG_DL_TIMER_ENC_init)
                  0000359c    0000003c     libclang_rt.builtins.a : floatsisf.S.obj (.text.__floatsisf)
                  000035d8    0000003a                            : muldsi3.S.obj (.text.__muldsi3)
                  00003612    00000002     --HOLE-- [fill = 0]
                  00003614    00000038                            : fixsfsi.S.obj (.text.__fixsfsi)
                  0000364c    00000034     ti_msp_dl_config.o (.text.DL_GPIO_initDigitalInputFeatures)
                  00003680    00000034     ti_msp_dl_config.o (.text.SYSCFG_DL_init)
                  000036b4    00000034     motor.o (.text._ZN5MotorC2EP9GPIO_RegsjjP12GPTIMER_Regs17DL_TIMER_CC_INDEX)
                  000036e8    00000032     libclang_rt.builtins.a : fixunssfsi.S.obj (.text.__fixunssfsi)
                  0000371a    00000002     --HOLE-- [fill = 0]
                  0000371c    00000030     jy901s.o (.text._ZN6JY901S5beginEv)
                  0000374c    00000030     libc.a : _printfi.c.obj (.text._fcpy)
                  0000377c    00000030            : snprintf.c.obj (.text._outs)
                  000037ac    0000002c     encoder.o (.text._ZL16__NVIC_EnableIRQ4IRQn)
                  000037d8    0000002c     jy901s.o (.text._ZL16__NVIC_EnableIRQ4IRQn)
                  00003804    0000002c     encoder.o (.text._ZL22__NVIC_ClearPendingIRQ4IRQn)
                  00003830    0000002c     jy901s.o (.text._ZL22__NVIC_ClearPendingIRQ4IRQn)
                  0000385c    0000002c     main.o (.text.__cxx_global_var_init.3)
                  00003888    0000002c     libclang_rt.builtins.a : floatsidf.S.obj (.text.__floatsidf)
                  000038b4    0000002a     encoder.o (.text._ZN7EncoderC2E4IRQnS0_)
                  000038de    00000028     ti_msp_dl_config.o (.text.DL_Common_updateReg)
                  00003906    00000002     --HOLE-- [fill = 0]
                  00003908    00000028     ti_msp_dl_config.o (.text.DL_I2C_setControllerRXFIFOThreshold)
                  00003930    00000028     ti_msp_dl_config.o (.text.DL_I2C_setControllerTXFIFOThreshold)
                  00003958    00000028     oled.o (.text._ZL19DL_Common_updateRegPVjjj)
                  00003980    00000028     libclang_rt.builtins.a : floatunsisf.S.obj (.text.__floatunsisf)
                  000039a8    00000028     libc.a : boot_cortex_m.c.obj (.text:_c_int00_noargs)
                  000039d0    00000026     ti_msp_dl_config.o (.text.DL_I2C_setAnalogGlitchFilterPulseWidth)
                  000039f6    00000026     driverlib.a : dl_i2c.o (.text.DL_I2C_setClockConfig)
                  00003a1c    00000024     main.o (.text._ZL5delayj)
                  00003a40    00000024     libclang_rt.builtins.a : muldi3.S.obj (.text.__muldi3)
                  00003a64    00000022     libc.a : memccpy.c.obj (.text.memccpy)
                  00003a86    00000002     --HOLE-- [fill = 0]
                  00003a88    00000020     ti_msp_dl_config.o (.text.DL_GPIO_initPeripheralInputFunction)
                  00003aa8    00000020     ti_msp_dl_config.o (.text.DL_SYSCTL_setFlashWaitState)
                  00003ac8    00000020     ti_msp_dl_config.o (.text.DL_SYSCTL_setHFCLKDividerForMFPCLK)
                  00003ae8    00000020     ti_msp_dl_config.o (.text.DL_SYSCTL_setMFPCLKSource)
                  00003b08    00000020     main.o (.text.TIMG0_IRQHandler)
                  00003b28    0000001e     ti_msp_dl_config.o (.text.DL_UART_setOversampling)
                  00003b46    00000002     --HOLE-- [fill = 0]
                  00003b48    0000001e     libclang_rt.builtins.a : ashldi3.S.obj (.text.__ashldi3)
                  00003b66    00000002     --HOLE-- [fill = 0]
                  00003b68    0000001c     ti_msp_dl_config.o (.text.DL_GPIO_clearInterruptStatus)
                  00003b84    0000001c     ti_msp_dl_config.o (.text.DL_GPIO_enableHiZ)
                  00003ba0    0000001c     ti_msp_dl_config.o (.text.DL_GPIO_enableInterrupt)
                  00003bbc    0000001c     ti_msp_dl_config.o (.text.DL_GPIO_initPeripheralOutputFunction)
                  00003bd8    0000001c     ti_msp_dl_config.o (.text.DL_GPIO_setLowerPinsPolarity)
                  00003bf4    0000001c     ti_msp_dl_config.o (.text.DL_SYSCTL_setSYSOSCFreq)
                  00003c10    0000001c     ti_msp_dl_config.o (.text.DL_SYSCTL_setULPCLKDivider)
                  00003c2c    0000001c     ti_msp_dl_config.o (.text.DL_Timer_enableInterrupt)
                  00003c48    0000001c     driverlib.a : dl_timer.o (.text.DL_Timer_setCaptCompUpdateMethod)
                  00003c64    0000001c                 : dl_timer.o (.text.DL_Timer_setClockConfig)
                  00003c80    0000001c     ti_msp_dl_config.o (.text.DL_UART_enableInterrupt)
                  00003c9c    0000001c     jy901s.o (.text._ZL23DL_UART_enableInterruptP9UART_Regsj)
                  00003cb8    0000001c     main.o (.text._ZL28DL_GPIO_clearInterruptStatusP9GPIO_Regsj)
                  00003cd4    00000018     ti_msp_dl_config.o (.text.DL_GPIO_enableOutput)
                  00003cec    00000018     ti_msp_dl_config.o (.text.DL_GPIO_enablePower)
                  00003d04    00000018     ti_msp_dl_config.o (.text.DL_GPIO_initDigitalOutput)
                  00003d1c    00000018     ti_msp_dl_config.o (.text.DL_GPIO_initPeripheralAnalogFunction)
                  00003d34    00000018     ti_msp_dl_config.o (.text.DL_GPIO_reset)
                  00003d4c    00000018     ti_msp_dl_config.o (.text.DL_I2C_enableAnalogGlitchFilter)
                  00003d64    00000018     ti_msp_dl_config.o (.text.DL_I2C_enableController)
                  00003d7c    00000018     ti_msp_dl_config.o (.text.DL_I2C_enableControllerClockStretching)
                  00003d94    00000018     ti_msp_dl_config.o (.text.DL_I2C_enablePower)
                  00003dac    00000018     ti_msp_dl_config.o (.text.DL_I2C_reset)
                  00003dc4    00000018     ti_msp_dl_config.o (.text.DL_I2C_setTimerPeriod)
                  00003ddc    00000018     ti_msp_dl_config.o (.text.DL_SYSCTL_setBORThreshold)
                  00003df4    00000018     ti_msp_dl_config.o (.text.DL_Timer_enablePower)
                  00003e0c    00000018     ti_msp_dl_config.o (.text.DL_Timer_reset)
                  00003e24    00000018     driverlib.a : dl_timer.o (.text.DL_Timer_setCaptureCompareOutCtl)
                  00003e3c    00000018     ti_msp_dl_config.o (.text.DL_UART_enablePower)
                  00003e54    00000018     ti_msp_dl_config.o (.text.DL_UART_reset)
                  00003e6c    00000018     motor.o (.text._ZL15DL_GPIO_setPinsP9GPIO_Regsj)
                  00003e84    00000018     main.o (.text._ZL18DL_GPIO_togglePinsP9GPIO_Regsj)
                  00003e9c    00000018     encoder.o (.text._ZL21DL_Timer_startCounterP12GPTIMER_Regs)
                  00003eb4    00000018     motor.o (.text._ZL21DL_Timer_startCounterP12GPTIMER_Regs)
                  00003ecc    00000018     main.o (.text._ZL28DL_UART_clearInterruptStatusP9UART_Regsj)
                  00003ee4    00000018     main.o (.text._ZL33DL_GPIO_getEnabledInterruptStatusP9GPIO_Regsj)
                  00003efc    00000018     oled.o (.text._ZN4OLEDC2EhP8I2C_Regs)
                  00003f14    00000018     jy901s.o (.text._ZN6JY901SC2E4IRQn)
                  00003f2c    00000018     main.o (.text.__cxx_global_var_init.1)
                  00003f44    00000018     libc.a : snprintf.c.obj (.text._outc)
                  00003f5c    00000016     ti_msp_dl_config.o (.text.DL_UART_enable)
                  00003f72    00000016     main.o (.text._ZL16DL_GPIO_readPinsP9GPIO_Regsj)
                  00003f88    00000016     libc.a : copy_zero_init.c.obj (.text:decompress:ZI:__TI_zero_init_nomemset)
                  00003f9e    00000014     ti_msp_dl_config.o (.text.DL_GPIO_clearPins)
                  00003fb2    00000002     --HOLE-- [fill = 0]
                  00003fb4    00000014     ti_msp_dl_config.o (.text.DL_I2C_resetControllerTransfer)
                  00003fc8    00000014     ti_msp_dl_config.o (.text.DL_SYSCTL_disableSYSPLL)
                  00003fdc    00000014     ti_msp_dl_config.o (.text.DL_SYSCTL_enableMFCLK)
                  00003ff0    00000014     ti_msp_dl_config.o (.text.DL_Timer_enableClock)
                  00004004    00000014     ti_msp_dl_config.o (.text.DL_Timer_setCCPDirection)
                  00004018    00000014     main.o (.text._GLOBAL__sub_I_main.cpp)
                  0000402c    00000014     motor.o (.text._ZL17DL_GPIO_clearPinsP9GPIO_Regsj)
                  00004040    00000014     main.o (.text._ZL19DL_UART_receiveDataPK9UART_Regs)
                  00004054    00000014     oled.o (.text._ZL26DL_I2C_getControllerStatusPK8I2C_Regs)
                  00004068    00000014     libclang_rt.builtins.a : aeabi_uldivmod.S.obj (.text.__aeabi_uldivmod)
                  0000407c    00000014     main.o (.text.__cxx_global_var_init)
                  00004090    00000014     libc.a : _printfi.c.obj (.text.strchr)
                  000040a4    00000012     driverlib.a : dl_uart.o (.text.DL_UART_setClockConfig)
                  000040b6    00000012     main.o (.text._ZL27DL_UART_getPendingInterruptPK9UART_Regs)
                  000040c8    00000012     main.o (.text._ZL28DL_Timer_getPendingInterruptPK12GPTIMER_Regs)
                  000040da    00000012     motor.o (.text._ZN5Motor5beginEv)
                  000040ec    00000012     libc.a : memcpy16.S.obj (.text:TI_memcpy_small)
                  000040fe    00000012            : copy_decompress_none.c.obj (.text:decompress:none)
                  00004110    00000010     ti_msp_dl_config.o (.text.DL_SYSCTL_disableHFXT)
                  00004120    00000010     ti_msp_dl_config.o (.text.DL_SYSCTL_enableMFPCLK)
                  00004130    00000010     driverlib.a : dl_timer.o (.text.DL_Timer_setCaptureCompareValue)
                  00004140    00000010     main.o (.text.__cxx_global_var_init.2)
                  00004150    00000010     libc.a : wcslen.c.obj (.text.wcslen)
                  00004160    0000000e     libclang_rt.builtins.a : aeabi_memset.S.obj (.text.__aeabi_memset)
                  0000416e    0000000e     libc.a : _printfi.c.obj (.text.strlen)
                  0000417c    0000000e            : strlen.c.obj (.text.strlen)
                  0000418a    0000000e            : memset16.S.obj (.text:TI_memset_small)
                  00004198    0000000c     jy901s.o (.text._ZN6JY901S6getYawEv)
                  000041a4    0000000c     encoder.o (.text._ZNK7Encoder11getDistanceEv)
                  000041b0    0000000c     encoder.o (.text._ZNK7Encoder12getDirectionEv)
                  000041bc    0000000c     encoder.o (.text._ZNK7Encoder8getSpeedEv)
                  000041c8    0000000a     driverlib.a : dl_common.o (.text.DL_Common_delayCycles)
                  000041d2    0000000a     libc.a : _printfi.c.obj (.text.OUTLINED_FUNCTION_0)
                  000041dc    00000010     libclang_rt.builtins.a : adddf3.S.obj (.tramp.__aeabi_dsub.1)
                  000041ec    0000000a     libc.a : _printfi.c.obj (.text.OUTLINED_FUNCTION_1)
                  000041f6    00000002     --HOLE-- [fill = 0]
                  000041f8    00000008            : aeabi_portable.c.obj (.text.__aeabi_errno_addr)
                  00004200    00000008     libclang_rt.builtins.a : aeabi_memcpy.S.obj (.text.__aeabi_memcpy)
                  00004208    00000006     startup_mspm0g350x_ticlang.o (.text.Default_Handler)
                  0000420e    00000006     libc.a : exit.c.obj (.text:abort)
                  00004214    00000004     libsysbm.a : hostexit.c.obj (.text.HOSTexit)
                  00004218    00000004     startup_mspm0g350x_ticlang.o (.text.Reset_Handler)
                  0000421c    00000010     libc.a : boot_cortex_m.c.obj (.tramp._c_int00_noargs.1)
                  0000422c    00000004            : pre_init.c.obj (.text._system_pre_init)

.cinit     0    00004c78    00000030     
                  00004c78    0000000c     (.cinit..data.load) [load image, compression = lzss]
                  00004c84    0000000c     (__TI_handler_table)
                  00004c90    00000008     (.cinit..bss.load) [load image, compression = zero_init]
                  00004c98    00000010     (__TI_cinit_table)

.rodata    0    00004230    00000a40     
                  00004230    000005f0     oled.o (.rodata._ZL8font8x16)
                  00004820    0000023a     oled.o (.rodata._ZL7font6x8)
                  00004a5a    00000006     main.o (.rodata.str1.10743209118401485125.1)
                  00004a60    00000101     libc.a : aeabi_ctype.S.obj (.rodata:__aeabi_ctype_table_)
                  00004b61    00000003     ti_msp_dl_config.o (.rodata.gMOTOR_PWMClockConfig)
                  00004b64    00000028     ti_msp_dl_config.o (.rodata.gSYSPLLConfig)
                  00004b8c    00000025     libc.a : ltoa.c.obj (.rodata.str1.150857828784897076.1)
                  00004bb1    00000003     ti_msp_dl_config.o (.rodata.gTIMER_ENCClockConfig)
                  00004bb4    00000014     ti_msp_dl_config.o (.rodata.gTIMER_ENCTimerConfig)
                  00004bc8    00000011     libc.a : _printfi.c.obj (.rodata.str1.10348868589481759720.1)
                  00004bd9    00000011            : _printfi.c.obj (.rodata.str1.15363888844622738466.1)
                  00004bea    00000010     main.o (.rodata.str1.17801931705112864460.1)
                  00004bfa    0000000b     main.o (.rodata.str1.687215214990459730.1)
                  00004c05    00000001     --HOLE-- [fill = 0]
                  00004c06    0000000a     ti_msp_dl_config.o (.rodata.gUART_DEBUGConfig)
                  00004c10    0000000a     ti_msp_dl_config.o (.rodata.gUART_JY901SConfig)
                  00004c1a    0000000a     main.o (.rodata.str1.7704324672875075151.1)
                  00004c24    00000009     main.o (.rodata.str1.10685863934934856824.1)
                  00004c2d    00000002     ti_msp_dl_config.o (.rodata.gI2C_0ClockConfig)
                  00004c2f    00000001     --HOLE-- [fill = 0]
                  00004c30    00000008     ti_msp_dl_config.o (.rodata.gMOTOR_PWMConfig)
                  00004c38    00000006     oled.o (.rodata.str1.4011557339696181005.1)
                  00004c3e    00000005     oled.o (.rodata.str1.16930381400437306155.1)
                  00004c43    00000005     main.o (.rodata.str1.5365489684327038652.1)
                  00004c48    00000005     main.o (.rodata.str1.5508759264813969332.1)
                  00004c4d    00000005     oled.o (.rodata.str1.7836291412716282804.1)
                  00004c52    00000005     main.o (.rodata.str1.8200272738951944200.1)
                  00004c57    00000005     main.o (.rodata.str1.8365360749010971754.1)
                  00004c5c    00000004     oled.o (.rodata.str1.13215950963733942956.1)
                  00004c60    00000004     oled.o (.rodata.str1.4245278359612543923.1)
                  00004c64    00000004     main.o (.rodata.str1.9424278805386803667.1)
                  00004c68    00000002     ti_msp_dl_config.o (.rodata.gI2C_1ClockConfig)
                  00004c6a    00000002     ti_msp_dl_config.o (.rodata.gUART_DEBUGClockConfig)
                  00004c6c    00000002     ti_msp_dl_config.o (.rodata.gUART_JY901SClockConfig)
                  00004c6e    00000002     --HOLE-- [fill = 0]

.init_array 
*          0    00004c70    00000008     
                  00004c70    00000004     main.o (.init_array)
                  00004c74    00000004     --HOLE-- [fill = 0]

.bss       0    20200000    000000c0     UNINITIALIZED
                  20200000    000000bc     (.common:gMOTOR_PWMBackup)
                  202000bc    00000004     main.o (.bss.dir1)

.data      0    202000c0    00000068     UNINITIALIZED
                  202000c0    0000001c     main.o (.data.encoder1)
                  202000dc    0000001c     main.o (.data.jy)
                  202000f8    00000018     main.o (.data.motor)
                  20200110    00000008     main.o (.data.oled)
                  20200118    00000004     libc.a : aeabi_portable.c.obj (.data.__aeabi_errno)
                  2020011c    00000004     main.o (.data.motor_duty)
                  20200120    00000004     main.o (.data.yaw)
                  20200124    00000002     main.o (.data.dis_cm1)
                  20200126    00000002     main.o (.data.spd_cm_per_sec1)

.stack     0    20207e00    00000200     UNINITIALIZED
                  20207e00    00000004     libc.a : boot_cortex_m.c.obj (.stack)
                  20207e04    000001fc     --HOLE--

__llvm_prf_cnts 
*          0    20200000    00000000     UNINITIALIZED

__llvm_prf_bits 
*          0    20200000    00000000     UNINITIALIZED

MODULE SUMMARY

       Module                         code    ro data   rw data
       ------                         ----    -------   -------
    .\
       ti_msp_dl_config.o             2810    102       188    
       main.o                         1250    80        104    
       startup_mspm0g350x_ticlang.o   10      192       0      
    +--+------------------------------+-------+---------+---------+
       Total:                         4070    374       292    
                                                               
    .\Components\src\
       oled.o                         1884    2114      0      
       jy901s.o                       452     0         0      
       motor.o                        434     0         0      
       encoder.o                      366     0         0      
    +--+------------------------------+-------+---------+---------+
       Total:                         3136    2114      0      
                                                               
    C:/TI/mspm0_sdk_2_05_01_00/source/ti/driverlib/lib/ticlang/m0p/mspm0g1x0x_g3x0x/driverlib.a
       dl_timer.o                     588     0         0      
       dl_sysctl_mspm0g1x0x_g3x0x.o   388     0         0      
       dl_i2c.o                       192     0         0      
       dl_uart.o                      90      0         0      
       dl_common.o                    10      0         0      
    +--+------------------------------+-------+---------+---------+
       Total:                         1268    0         0      
                                                               
    D:\TI\CCS Theia\ccs\tools\compiler\ti-cgt-armllvm_4.0.3.LTS\lib\armv6m-ti-none-eabi/c/libc.a
       _printfi.c.obj                 4510    34        0      
       aeabi_ctype.S.obj              0       257       0      
       s_scalbn.c.obj                 216     0         0      
       snprintf.c.obj                 148     0         0      
       strcmp-armv6m.S.obj            136     0         0      
       ltoa.c.obj                     88      37        0      
       copy_decompress_lzss.c.obj     124     0         0      
       s_frexp.c.obj                  92      0         0      
       _ltoa.c.obj                    88      0         0      
       autoinit.c.obj                 84      0         0      
       atoi.c.obj                     64      0         0      
       boot_cortex_m.c.obj            56      0         0      
       memccpy.c.obj                  34      0         0      
       copy_zero_init.c.obj           22      0         0      
       copy_decompress_none.c.obj     18      0         0      
       memcpy16.S.obj                 18      0         0      
       wcslen.c.obj                   16      0         0      
       memset16.S.obj                 14      0         0      
       strlen.c.obj                   14      0         0      
       aeabi_portable.c.obj           8       0         4      
       exit.c.obj                     6       0         0      
       pre_init.c.obj                 4       0         0      
    +--+------------------------------+-------+---------+---------+
       Total:                         5760    328       4      
                                                               
    D:\TI\CCS Theia\ccs\tools\compiler\ti-cgt-armllvm_4.0.3.LTS\lib\armv6m-ti-none-eabi/c/libsysbm.a
       hostexit.c.obj                 4       0         0      
    +--+------------------------------+-------+---------+---------+
       Total:                         4       0         0      
                                                               
    D:\TI\CCS Theia\ccs\tools\compiler\ti-cgt-armllvm_4.0.3.LTS\lib\armv6m-ti-none-eabi/libclang_rt.builtins.a
       adddf3.S.obj                   418     0         0      
       divdf3.S.obj                   268     0         0      
       muldf3.S.obj                   228     0         0      
       comparedf2.c.obj               220     0         0      
       udivmoddi4.S.obj               162     0         0      
       mulsf3.S.obj                   140     0         0      
       divsf3.S.obj                   130     0         0      
       truncdfsf2.S.obj               116     0         0      
       aeabi_dcmp.S.obj               98      0         0      
       aeabi_idivmod.S.obj            86      0         0      
       fixdfsi.S.obj                  74      0         0      
       aeabi_uidivmod.S.obj           64      0         0      
       extendsfdf2.S.obj              64      0         0      
       floatsisf.S.obj                60      0         0      
       muldsi3.S.obj                  58      0         0      
       fixsfsi.S.obj                  56      0         0      
       fixunssfsi.S.obj               50      0         0      
       floatsidf.S.obj                44      0         0      
       floatunsisf.S.obj              40      0         0      
       muldi3.S.obj                   36      0         0      
       ashldi3.S.obj                  30      0         0      
       aeabi_uldivmod.S.obj           20      0         0      
       aeabi_memset.S.obj             14      0         0      
       aeabi_memcpy.S.obj             8       0         0      
       aeabi_div0.c.obj               4       0         0      
    +--+------------------------------+-------+---------+---------+
       Total:                         2488    0         0      
                                                               
       Stack:                         0       0         512    
       Linker Generated:              0       48        0      
    +--+------------------------------+-------+---------+---------+
       Grand Total:                   16726   2864      808    


LINKER GENERATED COPY TABLES

__TI_cinit_table @ 00004c98 records: 2, size/record: 8, table size: 16
	.data: load addr=00004c78, load size=0000000c bytes, run addr=202000c0, run size=00000068 bytes, compression=lzss
	.bss: load addr=00004c90, load size=00000008 bytes, run addr=20200000, run size=000000c0 bytes, compression=zero_init


LINKER GENERATED HANDLER TABLE

__TI_handler_table @ 00004c84 records: 3, size/record: 4, table size: 12
	index: 0, handler: __TI_decompress_lzss
	index: 1, handler: __TI_decompress_none
	index: 2, handler: __TI_zero_init


FAR CALL TRAMPOLINES

callee name               trampoline name
   callee addr  tramp addr   call addr  call info
--------------  -----------  ---------  ----------------
__aeabi_dsub              $Tramp$TT$L$PI$$__aeabi_dsub
   00001611     000041dc     000041da   libc.a : _printfi.c.obj (.text.OUTLINED_FUNCTION_0)
_c_int00_noargs           $Tramp$TT$L$PI$$_c_int00_noargs
   000039a9     0000421c     00004218   startup_mspm0g350x_ticlang.o (.text.Reset_Handler)

[2 trampolines]
[2 trampoline calls]


GLOBAL SYMBOLS: SORTED ALPHABETICALLY BY Name 

address   name                                                       
-------   ----                                                       
00004209  ADC0_IRQHandler                                            
00004209  ADC1_IRQHandler                                            
00004209  AES_IRQHandler                                             
00004214  C$$EXIT                                                    
00004209  CANFD0_IRQHandler                                          
00004209  DAC0_IRQHandler                                            
000041c9  DL_Common_delayCycles                                      
00002d93  DL_I2C_fillControllerTXFIFO                                
000034e9  DL_I2C_flushControllerTXFIFO                               
000039f7  DL_I2C_setClockConfig                                      
00001fe1  DL_SYSCTL_configSYSPLL                                     
00002ccd  DL_SYSCTL_setHFCLKSourceHFXTParams                         
00003325  DL_SYSCTL_switchMCLKfromSYSOSCtoHSCLK                      
00001c15  DL_Timer_initFourCCPWMMode                                 
00001e15  DL_Timer_initTimerMode                                     
00003c49  DL_Timer_setCaptCompUpdateMethod                           
00003e25  DL_Timer_setCaptureCompareOutCtl                           
00004131  DL_Timer_setCaptureCompareValue                            
00003c65  DL_Timer_setClockConfig                                    
00003295  DL_UART_init                                               
000040a5  DL_UART_setClockConfig                                     
00004209  DMA_IRQHandler                                             
00004209  Default_Handler                                            
00004209  GROUP0_IRQHandler                                          
00002519  GROUP1_IRQHandler                                          
00004215  HOSTexit                                                   
00004209  HardFault_Handler                                          
00004209  I2C0_IRQHandler                                            
00004209  I2C1_IRQHandler                                            
00004209  NMI_Handler                                                
00004209  PendSV_Handler                                             
00004209  RTC_IRQHandler                                             
00004219  Reset_Handler                                              
00004c70  SHT$$INIT_ARRAY$$Base                                      
00004c74  SHT$$INIT_ARRAY$$Limit                                     
00004209  SPI0_IRQHandler                                            
00004209  SPI1_IRQHandler                                            
00004209  SVC_Handler                                                
00001475  SYSCFG_DL_GPIO_init                                        
00002ea9  SYSCFG_DL_I2C_0_init                                       
00002f01  SYSCFG_DL_I2C_1_init                                       
000020bd  SYSCFG_DL_MOTOR_PWM_init                                   
00002df1  SYSCFG_DL_SYSCTL_init                                      
00003561  SYSCFG_DL_TIMER_ENC_init                                   
000033ad  SYSCFG_DL_UART_DEBUG_init                                  
000032dd  SYSCFG_DL_UART_JY901S_init                                 
00003681  SYSCFG_DL_init                                             
00002479  SYSCFG_DL_initPower                                        
00004209  SysTick_Handler                                            
00004209  TIMA0_IRQHandler                                           
00004209  TIMA1_IRQHandler                                           
00003b09  TIMG0_IRQHandler                                           
00004209  TIMG12_IRQHandler                                          
00004209  TIMG6_IRQHandler                                           
00004209  TIMG7_IRQHandler                                           
00004209  TIMG8_IRQHandler                                           
000040ed  TI_memcpy_small                                            
0000418b  TI_memset_small                                            
00004209  UART0_IRQHandler                                           
00002329  UART1_IRQHandler                                           
00004209  UART2_IRQHandler                                           
00004209  UART3_IRQHandler                                           
00002951  _ZN4OLED12writeCommandEh                                   
00001b0d  _ZN4OLED5beginEv                                           
000026c9  _ZN4OLED5clearEv                                           
00000ed9  _ZN4OLED8printVarEhhfPKchb                                 
000012cd  _ZN4OLED9printTextEhhPKch                                  
00002853  _ZN4OLED9setCursorEhh                                      
000029c7  _ZN4OLED9writeDataEh                                       
00003efd  _ZN4OLEDC1EhP8I2C_Regs                                     
00003efd  _ZN4OLEDC2EhP8I2C_Regs                                     
000040db  _ZN5Motor5beginEv                                          
00002b25  _ZN5Motor6setDirENS_11MOTOR_Dir_tE                         
0000226d  _ZN5Motor7setDutyEf                                        
000036b5  _ZN5MotorC1EP9GPIO_RegsjjP12GPTIMER_Regs17DL_TIMER_CC_INDEX
000036b5  _ZN5MotorC2EP9GPIO_RegsjjP12GPTIMER_Regs17DL_TIMER_CC_INDEX
0000371d  _ZN6JY901S5beginEv                                         
00001d19  _ZN6JY901S6decodeEv                                        
00004199  _ZN6JY901S6getYawEv                                        
00003f15  _ZN6JY901SC1E4IRQn                                         
00003f15  _ZN6JY901SC2E4IRQn                                         
00003369  _ZN7Encoder5beginEv                                        
00002b91  _ZN7Encoder6updateEv                                       
000038b5  _ZN7EncoderC1E4IRQnS0_                                     
000038b5  _ZN7EncoderC2E4IRQnS0_                                     
000041a5  _ZNK7Encoder11getDistanceEv                                
000041b1  _ZNK7Encoder12getDirectionEv                               
000041bd  _ZNK7Encoder8getSpeedEv                                    
20208000  __STACK_END                                                
00000200  __STACK_SIZE                                               
00000000  __TI_ATRegion0_region_sz                                   
00000000  __TI_ATRegion0_src_addr                                    
00000000  __TI_ATRegion0_trg_addr                                    
00000000  __TI_ATRegion1_region_sz                                   
00000000  __TI_ATRegion1_src_addr                                    
00000000  __TI_ATRegion1_trg_addr                                    
00000000  __TI_ATRegion2_region_sz                                   
00000000  __TI_ATRegion2_src_addr                                    
00000000  __TI_ATRegion2_trg_addr                                    
00004c98  __TI_CINIT_Base                                            
00004ca8  __TI_CINIT_Limit                                           
00004ca8  __TI_CINIT_Warm                                            
00004c84  __TI_Handler_Table_Base                                    
00004c90  __TI_Handler_Table_Limit                                   
000030b9  __TI_auto_init_nobinit                                     
000028d5  __TI_decompress_lzss                                       
000040ff  __TI_decompress_none                                       
00002f59  __TI_ltoa                                                  
ffffffff  __TI_pprof_out_hndl                                        
000000c1  __TI_printfi                                               
ffffffff  __TI_prof_data_size                                        
ffffffff  __TI_prof_data_start                                       
00000000  __TI_static_base__                                         
00003f89  __TI_zero_init_nomemset                                    
0000161b  __adddf3                                                   
00004a60  __aeabi_ctype_table_                                       
00004a60  __aeabi_ctype_table_C                                      
00002ab1  __aeabi_d2f                                                
00003249  __aeabi_d2iz                                               
0000161b  __aeabi_dadd                                               
00002d31  __aeabi_dcmpeq                                             
00002d6d  __aeabi_dcmpge                                             
00002d81  __aeabi_dcmpgt                                             
00002d59  __aeabi_dcmple                                             
00002d45  __aeabi_dcmplt                                             
00001a01  __aeabi_ddiv                                               
00001efd  __aeabi_dmul                                               
00001611  __aeabi_dsub                                               
20200118  __aeabi_errno                                              
000041f9  __aeabi_errno_addr                                         
0000342d  __aeabi_f2d                                                
00003615  __aeabi_f2iz                                               
000036e9  __aeabi_f2uiz                                              
000027d1  __aeabi_fdiv                                               
000025b5  __aeabi_fmul                                               
00003889  __aeabi_i2d                                                
0000359d  __aeabi_i2f                                                
00003061  __aeabi_idiv                                               
000017a3  __aeabi_idiv0                                              
00003061  __aeabi_idivmod                                            
00002477  __aeabi_ldiv0                                              
00003b49  __aeabi_llsl                                               
00003a41  __aeabi_lmul                                               
00004201  __aeabi_memcpy                                             
00004201  __aeabi_memcpy4                                            
00004201  __aeabi_memcpy8                                            
00004161  __aeabi_memset                                             
00004161  __aeabi_memset4                                            
00004161  __aeabi_memset8                                            
00003981  __aeabi_ui2f                                               
000033ed  __aeabi_uidiv                                              
000033ed  __aeabi_uidivmod                                           
00004069  __aeabi_uldivmod                                           
00003b49  __ashldi3                                                  
ffffffff  __binit__                                                  
00002bfd  __cmpdf2                                                   
00001a01  __divdf3                                                   
000027d1  __divsf3                                                   
00002bfd  __eqdf2                                                    
0000342d  __extendsfdf2                                              
00003249  __fixdfsi                                                  
00003615  __fixsfsi                                                  
000036e9  __fixunssfsi                                               
00003889  __floatsidf                                                
0000359d  __floatsisf                                                
00003981  __floatunsisf                                              
00002a3d  __gedf2                                                    
00002a3d  __gtdf2                                                    
00002bfd  __ledf2                                                    
00002bfd  __ltdf2                                                    
UNDEFED   __mpu_init                                                 
00001efd  __muldf3                                                   
00003a41  __muldi3                                                   
000035d9  __muldsi3                                                  
000025b5  __mulsf3                                                   
00002bfd  __nedf2                                                    
20207e00  __stack                                                    
20200000  __start___llvm_prf_bits                                    
20200000  __start___llvm_prf_cnts                                    
20200000  __stop___llvm_prf_bits                                     
20200000  __stop___llvm_prf_cnts                                     
00001611  __subdf3                                                   
00002ab1  __truncdfsf2                                               
000023d5  __udivmoddi4                                               
000039a9  _c_int00_noargs                                            
UNDEFED   _system_post_cinit                                         
0000422d  _system_pre_init                                           
0000420f  abort                                                      
0000346d  atoi                                                       
ffffffff  binit                                                      
202000bc  dir1                                                       
20200124  dis_cm1                                                    
202000c0  encoder1                                                   
00002e4d  frexp                                                      
00002e4d  frexpl                                                     
20200000  gMOTOR_PWMBackup                                           
00000000  interruptVectors                                           
202000dc  jy                                                         
00002195  ldexp                                                      
00002195  ldexpl                                                     
00003009  ltoa                                                       
00000a91  main                                                       
00003a65  memccpy                                                    
202000f8  motor                                                      
2020011c  motor_duty                                                 
20200110  oled                                                       
00002195  scalbn                                                     
00002195  scalbnl                                                    
000031fd  snprintf                                                   
20200126  spd_cm_per_sec1                                            
00002641  strcmp                                                     
0000417d  strlen                                                     
00004151  wcslen                                                     
20200120  yaw                                                        


GLOBAL SYMBOLS: SORTED BY Symbol Address 

address   name                                                       
-------   ----                                                       
00000000  __TI_ATRegion0_region_sz                                   
00000000  __TI_ATRegion0_src_addr                                    
00000000  __TI_ATRegion0_trg_addr                                    
00000000  __TI_ATRegion1_region_sz                                   
00000000  __TI_ATRegion1_src_addr                                    
00000000  __TI_ATRegion1_trg_addr                                    
00000000  __TI_ATRegion2_region_sz                                   
00000000  __TI_ATRegion2_src_addr                                    
00000000  __TI_ATRegion2_trg_addr                                    
00000000  __TI_static_base__                                         
00000000  interruptVectors                                           
000000c1  __TI_printfi                                               
00000200  __STACK_SIZE                                               
00000a91  main                                                       
00000ed9  _ZN4OLED8printVarEhhfPKchb                                 
000012cd  _ZN4OLED9printTextEhhPKch                                  
00001475  SYSCFG_DL_GPIO_init                                        
00001611  __aeabi_dsub                                               
00001611  __subdf3                                                   
0000161b  __adddf3                                                   
0000161b  __aeabi_dadd                                               
000017a3  __aeabi_idiv0                                              
00001a01  __aeabi_ddiv                                               
00001a01  __divdf3                                                   
00001b0d  _ZN4OLED5beginEv                                           
00001c15  DL_Timer_initFourCCPWMMode                                 
00001d19  _ZN6JY901S6decodeEv                                        
00001e15  DL_Timer_initTimerMode                                     
00001efd  __aeabi_dmul                                               
00001efd  __muldf3                                                   
00001fe1  DL_SYSCTL_configSYSPLL                                     
000020bd  SYSCFG_DL_MOTOR_PWM_init                                   
00002195  ldexp                                                      
00002195  ldexpl                                                     
00002195  scalbn                                                     
00002195  scalbnl                                                    
0000226d  _ZN5Motor7setDutyEf                                        
00002329  UART1_IRQHandler                                           
000023d5  __udivmoddi4                                               
00002477  __aeabi_ldiv0                                              
00002479  SYSCFG_DL_initPower                                        
00002519  GROUP1_IRQHandler                                          
000025b5  __aeabi_fmul                                               
000025b5  __mulsf3                                                   
00002641  strcmp                                                     
000026c9  _ZN4OLED5clearEv                                           
000027d1  __aeabi_fdiv                                               
000027d1  __divsf3                                                   
00002853  _ZN4OLED9setCursorEhh                                      
000028d5  __TI_decompress_lzss                                       
00002951  _ZN4OLED12writeCommandEh                                   
000029c7  _ZN4OLED9writeDataEh                                       
00002a3d  __gedf2                                                    
00002a3d  __gtdf2                                                    
00002ab1  __aeabi_d2f                                                
00002ab1  __truncdfsf2                                               
00002b25  _ZN5Motor6setDirENS_11MOTOR_Dir_tE                         
00002b91  _ZN7Encoder6updateEv                                       
00002bfd  __cmpdf2                                                   
00002bfd  __eqdf2                                                    
00002bfd  __ledf2                                                    
00002bfd  __ltdf2                                                    
00002bfd  __nedf2                                                    
00002ccd  DL_SYSCTL_setHFCLKSourceHFXTParams                         
00002d31  __aeabi_dcmpeq                                             
00002d45  __aeabi_dcmplt                                             
00002d59  __aeabi_dcmple                                             
00002d6d  __aeabi_dcmpge                                             
00002d81  __aeabi_dcmpgt                                             
00002d93  DL_I2C_fillControllerTXFIFO                                
00002df1  SYSCFG_DL_SYSCTL_init                                      
00002e4d  frexp                                                      
00002e4d  frexpl                                                     
00002ea9  SYSCFG_DL_I2C_0_init                                       
00002f01  SYSCFG_DL_I2C_1_init                                       
00002f59  __TI_ltoa                                                  
00003009  ltoa                                                       
00003061  __aeabi_idiv                                               
00003061  __aeabi_idivmod                                            
000030b9  __TI_auto_init_nobinit                                     
000031fd  snprintf                                                   
00003249  __aeabi_d2iz                                               
00003249  __fixdfsi                                                  
00003295  DL_UART_init                                               
000032dd  SYSCFG_DL_UART_JY901S_init                                 
00003325  DL_SYSCTL_switchMCLKfromSYSOSCtoHSCLK                      
00003369  _ZN7Encoder5beginEv                                        
000033ad  SYSCFG_DL_UART_DEBUG_init                                  
000033ed  __aeabi_uidiv                                              
000033ed  __aeabi_uidivmod                                           
0000342d  __aeabi_f2d                                                
0000342d  __extendsfdf2                                              
0000346d  atoi                                                       
000034e9  DL_I2C_flushControllerTXFIFO                               
00003561  SYSCFG_DL_TIMER_ENC_init                                   
0000359d  __aeabi_i2f                                                
0000359d  __floatsisf                                                
000035d9  __muldsi3                                                  
00003615  __aeabi_f2iz                                               
00003615  __fixsfsi                                                  
00003681  SYSCFG_DL_init                                             
000036b5  _ZN5MotorC1EP9GPIO_RegsjjP12GPTIMER_Regs17DL_TIMER_CC_INDEX
000036b5  _ZN5MotorC2EP9GPIO_RegsjjP12GPTIMER_Regs17DL_TIMER_CC_INDEX
000036e9  __aeabi_f2uiz                                              
000036e9  __fixunssfsi                                               
0000371d  _ZN6JY901S5beginEv                                         
00003889  __aeabi_i2d                                                
00003889  __floatsidf                                                
000038b5  _ZN7EncoderC1E4IRQnS0_                                     
000038b5  _ZN7EncoderC2E4IRQnS0_                                     
00003981  __aeabi_ui2f                                               
00003981  __floatunsisf                                              
000039a9  _c_int00_noargs                                            
000039f7  DL_I2C_setClockConfig                                      
00003a41  __aeabi_lmul                                               
00003a41  __muldi3                                                   
00003a65  memccpy                                                    
00003b09  TIMG0_IRQHandler                                           
00003b49  __aeabi_llsl                                               
00003b49  __ashldi3                                                  
00003c49  DL_Timer_setCaptCompUpdateMethod                           
00003c65  DL_Timer_setClockConfig                                    
00003e25  DL_Timer_setCaptureCompareOutCtl                           
00003efd  _ZN4OLEDC1EhP8I2C_Regs                                     
00003efd  _ZN4OLEDC2EhP8I2C_Regs                                     
00003f15  _ZN6JY901SC1E4IRQn                                         
00003f15  _ZN6JY901SC2E4IRQn                                         
00003f89  __TI_zero_init_nomemset                                    
00004069  __aeabi_uldivmod                                           
000040a5  DL_UART_setClockConfig                                     
000040db  _ZN5Motor5beginEv                                          
000040ed  TI_memcpy_small                                            
000040ff  __TI_decompress_none                                       
00004131  DL_Timer_setCaptureCompareValue                            
00004151  wcslen                                                     
00004161  __aeabi_memset                                             
00004161  __aeabi_memset4                                            
00004161  __aeabi_memset8                                            
0000417d  strlen                                                     
0000418b  TI_memset_small                                            
00004199  _ZN6JY901S6getYawEv                                        
000041a5  _ZNK7Encoder11getDistanceEv                                
000041b1  _ZNK7Encoder12getDirectionEv                               
000041bd  _ZNK7Encoder8getSpeedEv                                    
000041c9  DL_Common_delayCycles                                      
000041f9  __aeabi_errno_addr                                         
00004201  __aeabi_memcpy                                             
00004201  __aeabi_memcpy4                                            
00004201  __aeabi_memcpy8                                            
00004209  ADC0_IRQHandler                                            
00004209  ADC1_IRQHandler                                            
00004209  AES_IRQHandler                                             
00004209  CANFD0_IRQHandler                                          
00004209  DAC0_IRQHandler                                            
00004209  DMA_IRQHandler                                             
00004209  Default_Handler                                            
00004209  GROUP0_IRQHandler                                          
00004209  HardFault_Handler                                          
00004209  I2C0_IRQHandler                                            
00004209  I2C1_IRQHandler                                            
00004209  NMI_Handler                                                
00004209  PendSV_Handler                                             
00004209  RTC_IRQHandler                                             
00004209  SPI0_IRQHandler                                            
00004209  SPI1_IRQHandler                                            
00004209  SVC_Handler                                                
00004209  SysTick_Handler                                            
00004209  TIMA0_IRQHandler                                           
00004209  TIMA1_IRQHandler                                           
00004209  TIMG12_IRQHandler                                          
00004209  TIMG6_IRQHandler                                           
00004209  TIMG7_IRQHandler                                           
00004209  TIMG8_IRQHandler                                           
00004209  UART0_IRQHandler                                           
00004209  UART2_IRQHandler                                           
00004209  UART3_IRQHandler                                           
0000420f  abort                                                      
00004214  C$$EXIT                                                    
00004215  HOSTexit                                                   
00004219  Reset_Handler                                              
0000422d  _system_pre_init                                           
00004a60  __aeabi_ctype_table_                                       
00004a60  __aeabi_ctype_table_C                                      
00004c70  SHT$$INIT_ARRAY$$Base                                      
00004c74  SHT$$INIT_ARRAY$$Limit                                     
00004c84  __TI_Handler_Table_Base                                    
00004c90  __TI_Handler_Table_Limit                                   
00004c98  __TI_CINIT_Base                                            
00004ca8  __TI_CINIT_Limit                                           
00004ca8  __TI_CINIT_Warm                                            
20200000  __start___llvm_prf_bits                                    
20200000  __start___llvm_prf_cnts                                    
20200000  __stop___llvm_prf_bits                                     
20200000  __stop___llvm_prf_cnts                                     
20200000  gMOTOR_PWMBackup                                           
202000bc  dir1                                                       
202000c0  encoder1                                                   
202000dc  jy                                                         
202000f8  motor                                                      
20200110  oled                                                       
20200118  __aeabi_errno                                              
2020011c  motor_duty                                                 
20200120  yaw                                                        
20200124  dis_cm1                                                    
20200126  spd_cm_per_sec1                                            
20207e00  __stack                                                    
20208000  __STACK_END                                                
ffffffff  __TI_pprof_out_hndl                                        
ffffffff  __TI_prof_data_size                                        
ffffffff  __TI_prof_data_start                                       
ffffffff  __binit__                                                  
ffffffff  binit                                                      
UNDEFED   __mpu_init                                                 
UNDEFED   _system_post_cinit                                         

[214 symbols]
