<?xml version="1.0" encoding="ISO-8859-1" ?>
<link_info>
   <banner>TI ARM Clang Linker PC v4.0.3.LTS</banner>
   <copyright>Copyright (c) 1996-2018 Texas Instruments Incorporated</copyright>
   <command_line>D:\TI\CCS Theia\ccs\tools\compiler\ti-cgt-armllvm_4.0.3.LTS\bin\tiarmlnk -ID:\TI\CCS Theia\ccs\tools\compiler\ti-cgt-armllvm_4.0.3.LTS\lib -o G3507_Tester.out -mG3507_Tester.map -iC:/TI/mspm0_sdk_2_05_01_00/source -iE:/Folders/Documents/Embedded_Dev/Texas Instruments/CCS Theia/G3507_Tester -iE:/Folders/Documents/Embedded_Dev/Texas Instruments/CCS Theia/G3507_Tester/Debug/syscfg -iD:/TI/CCS Theia/ccs/tools/compiler/ti-cgt-armllvm_4.0.3.LTS/lib --diag_wrap=off --display_error_number --warn_sections --xml_link_info=G3507_Tester_linkInfo.xml --rom_model ./ti_msp_dl_config.o ./startup_mspm0g350x_ticlang.o ./main.o ./Components/src/encoder.o ./Components/src/jy901s.o ./Components/src/motor.o ./Components/src/mpu6050.o ./Components/src/oled.o -l./device_linker.cmd -ldevice.cmd.genlibs -llibc.a --start-group -llibc++.a -llibc++abi.a -llibc.a -llibsys.a -llibsysbm.a -llibclang_rt.builtins.a -llibclang_rt.profile.a --end-group --cg_opt_level=0</command_line>
   <link_time>0x6888d6f5</link_time>
   <link_errors>0x0</link_errors>
   <output_file>E:\Folders\Documents\Embedded_Dev\Texas Instruments\CCS Theia\G3507_Tester\Debug\G3507_Tester.out</output_file>
   <entry_point>
      <name>_c_int00_noargs</name>
      <address>0x39a9</address>
   </entry_point>
   <input_file_list>
      <input_file id="fl-1">
         <path>E:\Folders\Documents\Embedded_Dev\Texas Instruments\CCS Theia\G3507_Tester\Debug\.\</path>
         <kind>object</kind>
         <file>ti_msp_dl_config.o</file>
         <name>ti_msp_dl_config.o</name>
      </input_file>
      <input_file id="fl-2">
         <path>E:\Folders\Documents\Embedded_Dev\Texas Instruments\CCS Theia\G3507_Tester\Debug\.\</path>
         <kind>object</kind>
         <file>startup_mspm0g350x_ticlang.o</file>
         <name>startup_mspm0g350x_ticlang.o</name>
      </input_file>
      <input_file id="fl-3">
         <path>E:\Folders\Documents\Embedded_Dev\Texas Instruments\CCS Theia\G3507_Tester\Debug\.\</path>
         <kind>object</kind>
         <file>main.o</file>
         <name>main.o</name>
      </input_file>
      <input_file id="fl-4">
         <path>E:\Folders\Documents\Embedded_Dev\Texas Instruments\CCS Theia\G3507_Tester\Debug\.\Components\src\</path>
         <kind>object</kind>
         <file>encoder.o</file>
         <name>encoder.o</name>
      </input_file>
      <input_file id="fl-5">
         <path>E:\Folders\Documents\Embedded_Dev\Texas Instruments\CCS Theia\G3507_Tester\Debug\.\Components\src\</path>
         <kind>object</kind>
         <file>jy901s.o</file>
         <name>jy901s.o</name>
      </input_file>
      <input_file id="fl-6">
         <path>E:\Folders\Documents\Embedded_Dev\Texas Instruments\CCS Theia\G3507_Tester\Debug\.\Components\src\</path>
         <kind>object</kind>
         <file>motor.o</file>
         <name>motor.o</name>
      </input_file>
      <input_file id="fl-7">
         <path>E:\Folders\Documents\Embedded_Dev\Texas Instruments\CCS Theia\G3507_Tester\Debug\.\Components\src\</path>
         <kind>object</kind>
         <file>mpu6050.o</file>
         <name>mpu6050.o</name>
      </input_file>
      <input_file id="fl-8">
         <path>E:\Folders\Documents\Embedded_Dev\Texas Instruments\CCS Theia\G3507_Tester\Debug\.\Components\src\</path>
         <kind>object</kind>
         <file>oled.o</file>
         <name>oled.o</name>
      </input_file>
      <input_file id="fl-15">
         <path>E:\Folders\Documents\Embedded_Dev\Texas Instruments\CCS Theia\G3507_Tester\Debug\</path>
         <kind>object</kind>
         <file>&lt;internal&gt;</file>
         <name>&lt;internal&gt;</name>
      </input_file>
      <input_file id="fl-16">
         <path>C:\TI\mspm0_sdk_2_05_01_00\source\ti\driverlib\lib\ticlang\m0p\mspm0g1x0x_g3x0x\</path>
         <kind>archive</kind>
         <file>driverlib.a</file>
         <name>dl_common.o</name>
      </input_file>
      <input_file id="fl-17">
         <path>C:\TI\mspm0_sdk_2_05_01_00\source\ti\driverlib\lib\ticlang\m0p\mspm0g1x0x_g3x0x\</path>
         <kind>archive</kind>
         <file>driverlib.a</file>
         <name>dl_i2c.o</name>
      </input_file>
      <input_file id="fl-18">
         <path>C:\TI\mspm0_sdk_2_05_01_00\source\ti\driverlib\lib\ticlang\m0p\mspm0g1x0x_g3x0x\</path>
         <kind>archive</kind>
         <file>driverlib.a</file>
         <name>dl_timer.o</name>
      </input_file>
      <input_file id="fl-19">
         <path>C:\TI\mspm0_sdk_2_05_01_00\source\ti\driverlib\lib\ticlang\m0p\mspm0g1x0x_g3x0x\</path>
         <kind>archive</kind>
         <file>driverlib.a</file>
         <name>dl_uart.o</name>
      </input_file>
      <input_file id="fl-1a">
         <path>C:\TI\mspm0_sdk_2_05_01_00\source\ti\driverlib\lib\ticlang\m0p\mspm0g1x0x_g3x0x\</path>
         <kind>archive</kind>
         <file>driverlib.a</file>
         <name>dl_sysctl_mspm0g1x0x_g3x0x.o</name>
      </input_file>
      <input_file id="fl-31">
         <path>D:\TI\CCS Theia\ccs\tools\compiler\ti-cgt-armllvm_4.0.3.LTS\lib\armv6m-ti-none-eabi\c\</path>
         <kind>archive</kind>
         <file>libc.a</file>
         <name>snprintf.c.obj</name>
      </input_file>
      <input_file id="fl-32">
         <path>D:\TI\CCS Theia\ccs\tools\compiler\ti-cgt-armllvm_4.0.3.LTS\lib\armv6m-ti-none-eabi\c\</path>
         <kind>archive</kind>
         <file>libc.a</file>
         <name>e_atan2f.c.obj</name>
      </input_file>
      <input_file id="fl-33">
         <path>D:\TI\CCS Theia\ccs\tools\compiler\ti-cgt-armllvm_4.0.3.LTS\lib\armv6m-ti-none-eabi\c\</path>
         <kind>archive</kind>
         <file>libc.a</file>
         <name>e_sqrtf.c.obj</name>
      </input_file>
      <input_file id="fl-34">
         <path>D:\TI\CCS Theia\ccs\tools\compiler\ti-cgt-armllvm_4.0.3.LTS\lib\armv6m-ti-none-eabi\c\</path>
         <kind>archive</kind>
         <file>libc.a</file>
         <name>s_atanf.c.obj</name>
      </input_file>
      <input_file id="fl-35">
         <path>D:\TI\CCS Theia\ccs\tools\compiler\ti-cgt-armllvm_4.0.3.LTS\lib\armv6m-ti-none-eabi\c\</path>
         <kind>archive</kind>
         <file>libc.a</file>
         <name>strcmp-armv6m.S.obj</name>
      </input_file>
      <input_file id="fl-36">
         <path>D:\TI\CCS Theia\ccs\tools\compiler\ti-cgt-armllvm_4.0.3.LTS\lib\armv6m-ti-none-eabi\c\</path>
         <kind>archive</kind>
         <file>libc.a</file>
         <name>aeabi_portable.c.obj</name>
      </input_file>
      <input_file id="fl-37">
         <path>D:\TI\CCS Theia\ccs\tools\compiler\ti-cgt-armllvm_4.0.3.LTS\lib\armv6m-ti-none-eabi\c\</path>
         <kind>archive</kind>
         <file>libc.a</file>
         <name>assert.c.obj</name>
      </input_file>
      <input_file id="fl-38">
         <path>D:\TI\CCS Theia\ccs\tools\compiler\ti-cgt-armllvm_4.0.3.LTS\lib\armv6m-ti-none-eabi\c\</path>
         <kind>archive</kind>
         <file>libc.a</file>
         <name>defs.c.obj</name>
      </input_file>
      <input_file id="fl-39">
         <path>D:\TI\CCS Theia\ccs\tools\compiler\ti-cgt-armllvm_4.0.3.LTS\lib\armv6m-ti-none-eabi\c\</path>
         <kind>archive</kind>
         <file>libc.a</file>
         <name>ltoa.c.obj</name>
      </input_file>
      <input_file id="fl-3a">
         <path>D:\TI\CCS Theia\ccs\tools\compiler\ti-cgt-armllvm_4.0.3.LTS\lib\armv6m-ti-none-eabi\c\</path>
         <kind>archive</kind>
         <file>libc.a</file>
         <name>memory.c.obj</name>
      </input_file>
      <input_file id="fl-3b">
         <path>D:\TI\CCS Theia\ccs\tools\compiler\ti-cgt-armllvm_4.0.3.LTS\lib\armv6m-ti-none-eabi\c\</path>
         <kind>archive</kind>
         <file>libc.a</file>
         <name>strlen.c.obj</name>
      </input_file>
      <input_file id="fl-3c">
         <path>D:\TI\CCS Theia\ccs\tools\compiler\ti-cgt-armllvm_4.0.3.LTS\lib\armv6m-ti-none-eabi\c\</path>
         <kind>archive</kind>
         <file>libc.a</file>
         <name>boot_cortex_m.c.obj</name>
      </input_file>
      <input_file id="fl-3d">
         <path>D:\TI\CCS Theia\ccs\tools\compiler\ti-cgt-armllvm_4.0.3.LTS\lib\armv6m-ti-none-eabi\c\</path>
         <kind>archive</kind>
         <file>libc.a</file>
         <name>mathacl_init.c.obj</name>
      </input_file>
      <input_file id="fl-3e">
         <path>D:\TI\CCS Theia\ccs\tools\compiler\ti-cgt-armllvm_4.0.3.LTS\lib\armv6m-ti-none-eabi\c\</path>
         <kind>archive</kind>
         <file>libc.a</file>
         <name>autoinit.c.obj</name>
      </input_file>
      <input_file id="fl-3f">
         <path>D:\TI\CCS Theia\ccs\tools\compiler\ti-cgt-armllvm_4.0.3.LTS\lib\armv6m-ti-none-eabi\c\</path>
         <kind>archive</kind>
         <file>libc.a</file>
         <name>pre_init.c.obj</name>
      </input_file>
      <input_file id="fl-40">
         <path>D:\TI\CCS Theia\ccs\tools\compiler\ti-cgt-armllvm_4.0.3.LTS\lib\armv6m-ti-none-eabi\c\</path>
         <kind>archive</kind>
         <file>libc.a</file>
         <name>cpy_tbl.c.obj</name>
      </input_file>
      <input_file id="fl-41">
         <path>D:\TI\CCS Theia\ccs\tools\compiler\ti-cgt-armllvm_4.0.3.LTS\lib\armv6m-ti-none-eabi\c\</path>
         <kind>archive</kind>
         <file>libc.a</file>
         <name>copy_zero_init.c.obj</name>
      </input_file>
      <input_file id="fl-42">
         <path>D:\TI\CCS Theia\ccs\tools\compiler\ti-cgt-armllvm_4.0.3.LTS\lib\armv6m-ti-none-eabi\c\</path>
         <kind>archive</kind>
         <file>libc.a</file>
         <name>copy_decompress_none.c.obj</name>
      </input_file>
      <input_file id="fl-43">
         <path>D:\TI\CCS Theia\ccs\tools\compiler\ti-cgt-armllvm_4.0.3.LTS\lib\armv6m-ti-none-eabi\c\</path>
         <kind>archive</kind>
         <file>libc.a</file>
         <name>copy_decompress_lzss.c.obj</name>
      </input_file>
      <input_file id="fl-44">
         <path>D:\TI\CCS Theia\ccs\tools\compiler\ti-cgt-armllvm_4.0.3.LTS\lib\armv6m-ti-none-eabi\c\</path>
         <kind>archive</kind>
         <file>libc.a</file>
         <name>_printfi.c.obj</name>
      </input_file>
      <input_file id="fl-45">
         <path>D:\TI\CCS Theia\ccs\tools\compiler\ti-cgt-armllvm_4.0.3.LTS\lib\armv6m-ti-none-eabi\c\</path>
         <kind>archive</kind>
         <file>libc.a</file>
         <name>sprintf.c.obj</name>
      </input_file>
      <input_file id="fl-46">
         <path>D:\TI\CCS Theia\ccs\tools\compiler\ti-cgt-armllvm_4.0.3.LTS\lib\armv6m-ti-none-eabi\c\</path>
         <kind>archive</kind>
         <file>libc.a</file>
         <name>fflush.c.obj</name>
      </input_file>
      <input_file id="fl-47">
         <path>D:\TI\CCS Theia\ccs\tools\compiler\ti-cgt-armllvm_4.0.3.LTS\lib\armv6m-ti-none-eabi\c\</path>
         <kind>archive</kind>
         <file>libc.a</file>
         <name>fputs.c.obj</name>
      </input_file>
      <input_file id="fl-48">
         <path>D:\TI\CCS Theia\ccs\tools\compiler\ti-cgt-armllvm_4.0.3.LTS\lib\armv6m-ti-none-eabi\c\</path>
         <kind>archive</kind>
         <file>libc.a</file>
         <name>_io_perm.c.obj</name>
      </input_file>
      <input_file id="fl-49">
         <path>D:\TI\CCS Theia\ccs\tools\compiler\ti-cgt-armllvm_4.0.3.LTS\lib\armv6m-ti-none-eabi\c\</path>
         <kind>archive</kind>
         <file>libc.a</file>
         <name>setvbuf.c.obj</name>
      </input_file>
      <input_file id="fl-4a">
         <path>D:\TI\CCS Theia\ccs\tools\compiler\ti-cgt-armllvm_4.0.3.LTS\lib\armv6m-ti-none-eabi\c\</path>
         <kind>archive</kind>
         <file>libc.a</file>
         <name>s_frexp.c.obj</name>
      </input_file>
      <input_file id="fl-4b">
         <path>D:\TI\CCS Theia\ccs\tools\compiler\ti-cgt-armllvm_4.0.3.LTS\lib\armv6m-ti-none-eabi\c\</path>
         <kind>archive</kind>
         <file>libc.a</file>
         <name>s_scalbn.c.obj</name>
      </input_file>
      <input_file id="fl-4c">
         <path>D:\TI\CCS Theia\ccs\tools\compiler\ti-cgt-armllvm_4.0.3.LTS\lib\armv6m-ti-none-eabi\c\</path>
         <kind>archive</kind>
         <file>libc.a</file>
         <name>wcslen.c.obj</name>
      </input_file>
      <input_file id="fl-4d">
         <path>D:\TI\CCS Theia\ccs\tools\compiler\ti-cgt-armllvm_4.0.3.LTS\lib\armv6m-ti-none-eabi\c\</path>
         <kind>archive</kind>
         <file>libc.a</file>
         <name>exit.c.obj</name>
      </input_file>
      <input_file id="fl-4e">
         <path>D:\TI\CCS Theia\ccs\tools\compiler\ti-cgt-armllvm_4.0.3.LTS\lib\armv6m-ti-none-eabi\c\</path>
         <kind>archive</kind>
         <file>libc.a</file>
         <name>_lock.c.obj</name>
      </input_file>
      <input_file id="fl-4f">
         <path>D:\TI\CCS Theia\ccs\tools\compiler\ti-cgt-armllvm_4.0.3.LTS\lib\armv6m-ti-none-eabi\c\</path>
         <kind>archive</kind>
         <file>libc.a</file>
         <name>_ltoa.c.obj</name>
      </input_file>
      <input_file id="fl-50">
         <path>D:\TI\CCS Theia\ccs\tools\compiler\ti-cgt-armllvm_4.0.3.LTS\lib\armv6m-ti-none-eabi\c\</path>
         <kind>archive</kind>
         <file>libc.a</file>
         <name>args_main.c.obj</name>
      </input_file>
      <input_file id="fl-51">
         <path>D:\TI\CCS Theia\ccs\tools\compiler\ti-cgt-armllvm_4.0.3.LTS\lib\armv6m-ti-none-eabi\c\</path>
         <kind>archive</kind>
         <file>libc.a</file>
         <name>atoi.c.obj</name>
      </input_file>
      <input_file id="fl-52">
         <path>D:\TI\CCS Theia\ccs\tools\compiler\ti-cgt-armllvm_4.0.3.LTS\lib\armv6m-ti-none-eabi\c\</path>
         <kind>archive</kind>
         <file>libc.a</file>
         <name>memccpy.c.obj</name>
      </input_file>
      <input_file id="fl-53">
         <path>D:\TI\CCS Theia\ccs\tools\compiler\ti-cgt-armllvm_4.0.3.LTS\lib\armv6m-ti-none-eabi\c\</path>
         <kind>archive</kind>
         <file>libc.a</file>
         <name>fopen.c.obj</name>
      </input_file>
      <input_file id="fl-54">
         <path>D:\TI\CCS Theia\ccs\tools\compiler\ti-cgt-armllvm_4.0.3.LTS\lib\armv6m-ti-none-eabi\c\</path>
         <kind>archive</kind>
         <file>libc.a</file>
         <name>fseek.c.obj</name>
      </input_file>
      <input_file id="fl-55">
         <path>D:\TI\CCS Theia\ccs\tools\compiler\ti-cgt-armllvm_4.0.3.LTS\lib\armv6m-ti-none-eabi\c\</path>
         <kind>archive</kind>
         <file>libc.a</file>
         <name>aeabi_ctype.S.obj</name>
      </input_file>
      <input_file id="fl-56">
         <path>D:\TI\CCS Theia\ccs\tools\compiler\ti-cgt-armllvm_4.0.3.LTS\lib\armv6m-ti-none-eabi\c\</path>
         <kind>archive</kind>
         <file>libc.a</file>
         <name>fclose.c.obj</name>
      </input_file>
      <input_file id="fl-f6">
         <path>D:\TI\CCS Theia\ccs\tools\compiler\ti-cgt-armllvm_4.0.3.LTS\lib\armv6m-ti-none-eabi\c\</path>
         <kind>archive</kind>
         <file>libsysbm.a</file>
         <name>hostexit.c.obj</name>
      </input_file>
      <input_file id="fl-f7">
         <path>D:\TI\CCS Theia\ccs\tools\compiler\ti-cgt-armllvm_4.0.3.LTS\lib\armv6m-ti-none-eabi\c\</path>
         <kind>archive</kind>
         <file>libsysbm.a</file>
         <name>write.c.obj</name>
      </input_file>
      <input_file id="fl-f8">
         <path>D:\TI\CCS Theia\ccs\tools\compiler\ti-cgt-armllvm_4.0.3.LTS\lib\armv6m-ti-none-eabi\c\</path>
         <kind>archive</kind>
         <file>libsysbm.a</file>
         <name>host_device.c.obj</name>
      </input_file>
      <input_file id="fl-f9">
         <path>D:\TI\CCS Theia\ccs\tools\compiler\ti-cgt-armllvm_4.0.3.LTS\lib\armv6m-ti-none-eabi\c\</path>
         <kind>archive</kind>
         <file>libsysbm.a</file>
         <name>remove.c.obj</name>
      </input_file>
      <input_file id="fl-fa">
         <path>D:\TI\CCS Theia\ccs\tools\compiler\ti-cgt-armllvm_4.0.3.LTS\lib\armv6m-ti-none-eabi\c\</path>
         <kind>archive</kind>
         <file>libsysbm.a</file>
         <name>open.c.obj</name>
      </input_file>
      <input_file id="fl-fb">
         <path>D:\TI\CCS Theia\ccs\tools\compiler\ti-cgt-armllvm_4.0.3.LTS\lib\armv6m-ti-none-eabi\c\</path>
         <kind>archive</kind>
         <file>libsysbm.a</file>
         <name>lseek.c.obj</name>
      </input_file>
      <input_file id="fl-fc">
         <path>D:\TI\CCS Theia\ccs\tools\compiler\ti-cgt-armllvm_4.0.3.LTS\lib\armv6m-ti-none-eabi\c\</path>
         <kind>archive</kind>
         <file>libsysbm.a</file>
         <name>close.c.obj</name>
      </input_file>
      <input_file id="fl-fd">
         <path>D:\TI\CCS Theia\ccs\tools\compiler\ti-cgt-armllvm_4.0.3.LTS\lib\armv6m-ti-none-eabi\c\</path>
         <kind>archive</kind>
         <file>libsysbm.a</file>
         <name>unlink.c.obj</name>
      </input_file>
      <input_file id="fl-fe">
         <path>D:\TI\CCS Theia\ccs\tools\compiler\ti-cgt-armllvm_4.0.3.LTS\lib\armv6m-ti-none-eabi\c\</path>
         <kind>archive</kind>
         <file>libsysbm.a</file>
         <name>hostclose.c.obj</name>
      </input_file>
      <input_file id="fl-ff">
         <path>D:\TI\CCS Theia\ccs\tools\compiler\ti-cgt-armllvm_4.0.3.LTS\lib\armv6m-ti-none-eabi\c\</path>
         <kind>archive</kind>
         <file>libsysbm.a</file>
         <name>hostlseek.c.obj</name>
      </input_file>
      <input_file id="fl-100">
         <path>D:\TI\CCS Theia\ccs\tools\compiler\ti-cgt-armllvm_4.0.3.LTS\lib\armv6m-ti-none-eabi\c\</path>
         <kind>archive</kind>
         <file>libsysbm.a</file>
         <name>hostopen.c.obj</name>
      </input_file>
      <input_file id="fl-101">
         <path>D:\TI\CCS Theia\ccs\tools\compiler\ti-cgt-armllvm_4.0.3.LTS\lib\armv6m-ti-none-eabi\c\</path>
         <kind>archive</kind>
         <file>libsysbm.a</file>
         <name>hostread.c.obj</name>
      </input_file>
      <input_file id="fl-102">
         <path>D:\TI\CCS Theia\ccs\tools\compiler\ti-cgt-armllvm_4.0.3.LTS\lib\armv6m-ti-none-eabi\c\</path>
         <kind>archive</kind>
         <file>libsysbm.a</file>
         <name>hostrename.c.obj</name>
      </input_file>
      <input_file id="fl-103">
         <path>D:\TI\CCS Theia\ccs\tools\compiler\ti-cgt-armllvm_4.0.3.LTS\lib\armv6m-ti-none-eabi\c\</path>
         <kind>archive</kind>
         <file>libsysbm.a</file>
         <name>hostunlink.c.obj</name>
      </input_file>
      <input_file id="fl-104">
         <path>D:\TI\CCS Theia\ccs\tools\compiler\ti-cgt-armllvm_4.0.3.LTS\lib\armv6m-ti-none-eabi\c\</path>
         <kind>archive</kind>
         <file>libsysbm.a</file>
         <name>hostwrite.c.obj</name>
      </input_file>
      <input_file id="fl-105">
         <path>D:\TI\CCS Theia\ccs\tools\compiler\ti-cgt-armllvm_4.0.3.LTS\lib\armv6m-ti-none-eabi\c\</path>
         <kind>archive</kind>
         <file>libsysbm.a</file>
         <name>trgmsg.c.obj</name>
      </input_file>
      <input_file id="fl-106">
         <path>D:\TI\CCS Theia\ccs\tools\compiler\ti-cgt-armllvm_4.0.3.LTS\lib\armv6m-ti-none-eabi\</path>
         <kind>archive</kind>
         <file>libclang_rt.builtins.a</file>
         <name>addsf3.S.obj</name>
      </input_file>
      <input_file id="fl-107">
         <path>D:\TI\CCS Theia\ccs\tools\compiler\ti-cgt-armllvm_4.0.3.LTS\lib\armv6m-ti-none-eabi\</path>
         <kind>archive</kind>
         <file>libclang_rt.builtins.a</file>
         <name>adddf3.S.obj</name>
      </input_file>
      <input_file id="fl-108">
         <path>D:\TI\CCS Theia\ccs\tools\compiler\ti-cgt-armllvm_4.0.3.LTS\lib\armv6m-ti-none-eabi\</path>
         <kind>archive</kind>
         <file>libclang_rt.builtins.a</file>
         <name>muldf3.S.obj</name>
      </input_file>
      <input_file id="fl-109">
         <path>D:\TI\CCS Theia\ccs\tools\compiler\ti-cgt-armllvm_4.0.3.LTS\lib\armv6m-ti-none-eabi\</path>
         <kind>archive</kind>
         <file>libclang_rt.builtins.a</file>
         <name>muldsi3.S.obj</name>
      </input_file>
      <input_file id="fl-10a">
         <path>D:\TI\CCS Theia\ccs\tools\compiler\ti-cgt-armllvm_4.0.3.LTS\lib\armv6m-ti-none-eabi\</path>
         <kind>archive</kind>
         <file>libclang_rt.builtins.a</file>
         <name>mulsf3.S.obj</name>
      </input_file>
      <input_file id="fl-10b">
         <path>D:\TI\CCS Theia\ccs\tools\compiler\ti-cgt-armllvm_4.0.3.LTS\lib\armv6m-ti-none-eabi\</path>
         <kind>archive</kind>
         <file>libclang_rt.builtins.a</file>
         <name>divsf3.S.obj</name>
      </input_file>
      <input_file id="fl-10c">
         <path>D:\TI\CCS Theia\ccs\tools\compiler\ti-cgt-armllvm_4.0.3.LTS\lib\armv6m-ti-none-eabi\</path>
         <kind>archive</kind>
         <file>libclang_rt.builtins.a</file>
         <name>divdf3.S.obj</name>
      </input_file>
      <input_file id="fl-10d">
         <path>D:\TI\CCS Theia\ccs\tools\compiler\ti-cgt-armllvm_4.0.3.LTS\lib\armv6m-ti-none-eabi\</path>
         <kind>archive</kind>
         <file>libclang_rt.builtins.a</file>
         <name>extendsfdf2.S.obj</name>
      </input_file>
      <input_file id="fl-10e">
         <path>D:\TI\CCS Theia\ccs\tools\compiler\ti-cgt-armllvm_4.0.3.LTS\lib\armv6m-ti-none-eabi\</path>
         <kind>archive</kind>
         <file>libclang_rt.builtins.a</file>
         <name>fixdfsi.S.obj</name>
      </input_file>
      <input_file id="fl-10f">
         <path>D:\TI\CCS Theia\ccs\tools\compiler\ti-cgt-armllvm_4.0.3.LTS\lib\armv6m-ti-none-eabi\</path>
         <kind>archive</kind>
         <file>libclang_rt.builtins.a</file>
         <name>fixsfsi.S.obj</name>
      </input_file>
      <input_file id="fl-110">
         <path>D:\TI\CCS Theia\ccs\tools\compiler\ti-cgt-armllvm_4.0.3.LTS\lib\armv6m-ti-none-eabi\</path>
         <kind>archive</kind>
         <file>libclang_rt.builtins.a</file>
         <name>fixunssfsi.S.obj</name>
      </input_file>
      <input_file id="fl-111">
         <path>D:\TI\CCS Theia\ccs\tools\compiler\ti-cgt-armllvm_4.0.3.LTS\lib\armv6m-ti-none-eabi\</path>
         <kind>archive</kind>
         <file>libclang_rt.builtins.a</file>
         <name>floatsidf.S.obj</name>
      </input_file>
      <input_file id="fl-112">
         <path>D:\TI\CCS Theia\ccs\tools\compiler\ti-cgt-armllvm_4.0.3.LTS\lib\armv6m-ti-none-eabi\</path>
         <kind>archive</kind>
         <file>libclang_rt.builtins.a</file>
         <name>floatsisf.S.obj</name>
      </input_file>
      <input_file id="fl-113">
         <path>D:\TI\CCS Theia\ccs\tools\compiler\ti-cgt-armllvm_4.0.3.LTS\lib\armv6m-ti-none-eabi\</path>
         <kind>archive</kind>
         <file>libclang_rt.builtins.a</file>
         <name>floatunsisf.S.obj</name>
      </input_file>
      <input_file id="fl-114">
         <path>D:\TI\CCS Theia\ccs\tools\compiler\ti-cgt-armllvm_4.0.3.LTS\lib\armv6m-ti-none-eabi\</path>
         <kind>archive</kind>
         <file>libclang_rt.builtins.a</file>
         <name>muldi3.S.obj</name>
      </input_file>
      <input_file id="fl-115">
         <path>D:\TI\CCS Theia\ccs\tools\compiler\ti-cgt-armllvm_4.0.3.LTS\lib\armv6m-ti-none-eabi\</path>
         <kind>archive</kind>
         <file>libclang_rt.builtins.a</file>
         <name>truncdfsf2.S.obj</name>
      </input_file>
      <input_file id="fl-116">
         <path>D:\TI\CCS Theia\ccs\tools\compiler\ti-cgt-armllvm_4.0.3.LTS\lib\armv6m-ti-none-eabi\</path>
         <kind>archive</kind>
         <file>libclang_rt.builtins.a</file>
         <name>aeabi_dcmp.S.obj</name>
      </input_file>
      <input_file id="fl-117">
         <path>D:\TI\CCS Theia\ccs\tools\compiler\ti-cgt-armllvm_4.0.3.LTS\lib\armv6m-ti-none-eabi\</path>
         <kind>archive</kind>
         <file>libclang_rt.builtins.a</file>
         <name>aeabi_fcmp.S.obj</name>
      </input_file>
      <input_file id="fl-118">
         <path>D:\TI\CCS Theia\ccs\tools\compiler\ti-cgt-armllvm_4.0.3.LTS\lib\armv6m-ti-none-eabi\</path>
         <kind>archive</kind>
         <file>libclang_rt.builtins.a</file>
         <name>aeabi_idivmod.S.obj</name>
      </input_file>
      <input_file id="fl-119">
         <path>D:\TI\CCS Theia\ccs\tools\compiler\ti-cgt-armllvm_4.0.3.LTS\lib\armv6m-ti-none-eabi\</path>
         <kind>archive</kind>
         <file>libclang_rt.builtins.a</file>
         <name>aeabi_memcpy.S.obj</name>
      </input_file>
      <input_file id="fl-11a">
         <path>D:\TI\CCS Theia\ccs\tools\compiler\ti-cgt-armllvm_4.0.3.LTS\lib\armv6m-ti-none-eabi\</path>
         <kind>archive</kind>
         <file>libclang_rt.builtins.a</file>
         <name>aeabi_memset.S.obj</name>
      </input_file>
      <input_file id="fl-11b">
         <path>D:\TI\CCS Theia\ccs\tools\compiler\ti-cgt-armllvm_4.0.3.LTS\lib\armv6m-ti-none-eabi\</path>
         <kind>archive</kind>
         <file>libclang_rt.builtins.a</file>
         <name>aeabi_uidivmod.S.obj</name>
      </input_file>
      <input_file id="fl-11c">
         <path>D:\TI\CCS Theia\ccs\tools\compiler\ti-cgt-armllvm_4.0.3.LTS\lib\armv6m-ti-none-eabi\</path>
         <kind>archive</kind>
         <file>libclang_rt.builtins.a</file>
         <name>aeabi_uldivmod.S.obj</name>
      </input_file>
      <input_file id="fl-11d">
         <path>D:\TI\CCS Theia\ccs\tools\compiler\ti-cgt-armllvm_4.0.3.LTS\lib\armv6m-ti-none-eabi\</path>
         <kind>archive</kind>
         <file>libclang_rt.builtins.a</file>
         <name>comparesf2.S.obj</name>
      </input_file>
      <input_file id="fl-11e">
         <path>D:\TI\CCS Theia\ccs\tools\compiler\ti-cgt-armllvm_4.0.3.LTS\lib\armv6m-ti-none-eabi\</path>
         <kind>archive</kind>
         <file>libclang_rt.builtins.a</file>
         <name>udivmoddi4.S.obj</name>
      </input_file>
      <input_file id="fl-11f">
         <path>D:\TI\CCS Theia\ccs\tools\compiler\ti-cgt-armllvm_4.0.3.LTS\lib\armv6m-ti-none-eabi\</path>
         <kind>archive</kind>
         <file>libclang_rt.builtins.a</file>
         <name>ashldi3.S.obj</name>
      </input_file>
      <input_file id="fl-120">
         <path>D:\TI\CCS Theia\ccs\tools\compiler\ti-cgt-armllvm_4.0.3.LTS\lib\armv6m-ti-none-eabi\</path>
         <kind>archive</kind>
         <file>libclang_rt.builtins.a</file>
         <name>comparedf2.c.obj</name>
      </input_file>
      <input_file id="fl-121">
         <path>D:\TI\CCS Theia\ccs\tools\compiler\ti-cgt-armllvm_4.0.3.LTS\lib\armv6m-ti-none-eabi\</path>
         <kind>archive</kind>
         <file>libclang_rt.builtins.a</file>
         <name>aeabi_div0.c.obj</name>
      </input_file>
      <input_file id="fl-122">
         <path>D:\TI\CCS Theia\ccs\tools\compiler\ti-cgt-armllvm_4.0.3.LTS\lib\armv6m-ti-none-eabi\c\</path>
         <kind>archive</kind>
         <file>libc.a</file>
         <name>getdevice.c.obj</name>
      </input_file>
      <input_file id="fl-123">
         <path>D:\TI\CCS Theia\ccs\tools\compiler\ti-cgt-armllvm_4.0.3.LTS\lib\armv6m-ti-none-eabi\c\</path>
         <kind>archive</kind>
         <file>libc.a</file>
         <name>memcpy16.S.obj</name>
      </input_file>
      <input_file id="fl-124">
         <path>D:\TI\CCS Theia\ccs\tools\compiler\ti-cgt-armllvm_4.0.3.LTS\lib\armv6m-ti-none-eabi\c\</path>
         <kind>archive</kind>
         <file>libc.a</file>
         <name>memset16.S.obj</name>
      </input_file>
   </input_file_list>
   <object_component_list>
      <object_component id="oc-18">
         <name>.intvecs</name>
         <load_address>0x0</load_address>
         <readonly>true</readonly>
         <run_address>0x0</run_address>
         <size>0xc0</size>
         <alignment>0x4</alignment>
         <input_file_ref idref="fl-2"/>
      </object_component>
      <object_component id="oc-21d">
         <name>.text:__TI_printfi</name>
         <load_address>0xc0</load_address>
         <readonly>true</readonly>
         <executable>true</executable>
         <run_address>0xc0</run_address>
         <size>0x9d0</size>
         <alignment>0x4</alignment>
         <input_file_ref idref="fl-44"/>
      </object_component>
      <object_component id="oc-7d">
         <name>.text.main</name>
         <load_address>0xa90</load_address>
         <readonly>true</readonly>
         <executable>true</executable>
         <run_address>0xa90</run_address>
         <size>0x228</size>
         <alignment>0x4</alignment>
         <input_file_ref idref="fl-3"/>
      </object_component>
      <object_component id="oc-243">
         <name>.text._pconv_a</name>
         <load_address>0xcb8</load_address>
         <readonly>true</readonly>
         <executable>true</executable>
         <run_address>0xcb8</run_address>
         <size>0x220</size>
         <alignment>0x4</alignment>
         <input_file_ref idref="fl-44"/>
      </object_component>
      <object_component id="oc-dd">
         <name>.text._ZN4OLED8printVarEhhfPKchb</name>
         <load_address>0xed8</load_address>
         <readonly>true</readonly>
         <executable>true</executable>
         <run_address>0xed8</run_address>
         <size>0x218</size>
         <alignment>0x4</alignment>
         <input_file_ref idref="fl-8"/>
      </object_component>
      <object_component id="oc-244">
         <name>.text._pconv_g</name>
         <load_address>0x10f0</load_address>
         <readonly>true</readonly>
         <executable>true</executable>
         <run_address>0x10f0</run_address>
         <size>0x1dc</size>
         <alignment>0x4</alignment>
         <input_file_ref idref="fl-44"/>
      </object_component>
      <object_component id="oc-c6">
         <name>.text._ZN4OLED9printTextEhhPKch</name>
         <load_address>0x12cc</load_address>
         <readonly>true</readonly>
         <executable>true</executable>
         <run_address>0x12cc</run_address>
         <size>0x1a8</size>
         <alignment>0x4</alignment>
         <input_file_ref idref="fl-8"/>
      </object_component>
      <object_component id="oc-11e">
         <name>.text.SYSCFG_DL_GPIO_init</name>
         <load_address>0x1474</load_address>
         <readonly>true</readonly>
         <executable>true</executable>
         <run_address>0x1474</run_address>
         <size>0x19c</size>
         <alignment>0x4</alignment>
         <input_file_ref idref="fl-1"/>
      </object_component>
      <object_component id="oc-d0">
         <name>.text.adddf3_subdf3</name>
         <load_address>0x1610</load_address>
         <readonly>true</readonly>
         <executable>true</executable>
         <run_address>0x1610</run_address>
         <size>0x192</size>
         <alignment>0x4</alignment>
         <input_file_ref idref="fl-107"/>
      </object_component>
      <object_component id="oc-210">
         <name>.text.__aeabi_idiv0</name>
         <load_address>0x17a2</load_address>
         <readonly>true</readonly>
         <executable>true</executable>
         <run_address>0x17a2</run_address>
         <size>0x2</size>
         <alignment>0x2</alignment>
         <input_file_ref idref="fl-121"/>
      </object_component>
      <object_component id="oc-271">
         <name>.text.fcvt</name>
         <load_address>0x17a4</load_address>
         <readonly>true</readonly>
         <executable>true</executable>
         <run_address>0x17a4</run_address>
         <size>0x13c</size>
         <alignment>0x4</alignment>
         <input_file_ref idref="fl-44"/>
      </object_component>
      <object_component id="oc-246">
         <name>.text._pconv_e</name>
         <load_address>0x18e0</load_address>
         <readonly>true</readonly>
         <executable>true</executable>
         <run_address>0x18e0</run_address>
         <size>0x120</size>
         <alignment>0x4</alignment>
         <input_file_ref idref="fl-44"/>
      </object_component>
      <object_component id="oc-14c">
         <name>.text.__divdf3</name>
         <load_address>0x1a00</load_address>
         <readonly>true</readonly>
         <executable>true</executable>
         <run_address>0x1a00</run_address>
         <size>0x10c</size>
         <alignment>0x4</alignment>
         <input_file_ref idref="fl-10c"/>
      </object_component>
      <object_component id="oc-b6">
         <name>.text._ZN4OLED5beginEv</name>
         <load_address>0x1b0c</load_address>
         <readonly>true</readonly>
         <executable>true</executable>
         <run_address>0x1b0c</run_address>
         <size>0x108</size>
         <alignment>0x2</alignment>
         <input_file_ref idref="fl-8"/>
      </object_component>
      <object_component id="oc-1b0">
         <name>.text.DL_Timer_initFourCCPWMMode</name>
         <load_address>0x1c14</load_address>
         <readonly>true</readonly>
         <executable>true</executable>
         <run_address>0x1c14</run_address>
         <size>0x104</size>
         <alignment>0x4</alignment>
         <input_file_ref idref="fl-18"/>
      </object_component>
      <object_component id="oc-c7">
         <name>.text._ZN6JY901S6decodeEv</name>
         <load_address>0x1d18</load_address>
         <readonly>true</readonly>
         <executable>true</executable>
         <run_address>0x1d18</run_address>
         <size>0xfc</size>
         <alignment>0x4</alignment>
         <input_file_ref idref="fl-5"/>
      </object_component>
      <object_component id="oc-1b8">
         <name>.text.DL_Timer_initTimerMode</name>
         <load_address>0x1e14</load_address>
         <readonly>true</readonly>
         <executable>true</executable>
         <run_address>0x1e14</run_address>
         <size>0xe8</size>
         <alignment>0x4</alignment>
         <input_file_ref idref="fl-18"/>
      </object_component>
      <object_component id="oc-150">
         <name>.text.__muldf3</name>
         <load_address>0x1efc</load_address>
         <readonly>true</readonly>
         <executable>true</executable>
         <run_address>0x1efc</run_address>
         <size>0xe4</size>
         <alignment>0x4</alignment>
         <input_file_ref idref="fl-108"/>
      </object_component>
      <object_component id="oc-1a7">
         <name>.text.DL_SYSCTL_configSYSPLL</name>
         <load_address>0x1fe0</load_address>
         <readonly>true</readonly>
         <executable>true</executable>
         <run_address>0x1fe0</run_address>
         <size>0xdc</size>
         <alignment>0x4</alignment>
         <input_file_ref idref="fl-1a"/>
      </object_component>
      <object_component id="oc-120">
         <name>.text.SYSCFG_DL_MOTOR_PWM_init</name>
         <load_address>0x20bc</load_address>
         <readonly>true</readonly>
         <executable>true</executable>
         <run_address>0x20bc</run_address>
         <size>0xd8</size>
         <alignment>0x4</alignment>
         <input_file_ref idref="fl-1"/>
      </object_component>
      <object_component id="oc-260">
         <name>.text.scalbn</name>
         <load_address>0x2194</load_address>
         <readonly>true</readonly>
         <executable>true</executable>
         <run_address>0x2194</run_address>
         <size>0xd8</size>
         <alignment>0x4</alignment>
         <input_file_ref idref="fl-4b"/>
      </object_component>
      <object_component id="oc-dc">
         <name>.text._ZN5Motor7setDutyEf</name>
         <load_address>0x226c</load_address>
         <readonly>true</readonly>
         <executable>true</executable>
         <run_address>0x226c</run_address>
         <size>0xbc</size>
         <alignment>0x4</alignment>
         <input_file_ref idref="fl-6"/>
      </object_component>
      <object_component id="oc-3a">
         <name>.text.UART1_IRQHandler</name>
         <load_address>0x2328</load_address>
         <readonly>true</readonly>
         <executable>true</executable>
         <run_address>0x2328</run_address>
         <size>0xac</size>
         <alignment>0x4</alignment>
         <input_file_ref idref="fl-3"/>
      </object_component>
      <object_component id="oc-257">
         <name>.text</name>
         <load_address>0x23d4</load_address>
         <readonly>true</readonly>
         <executable>true</executable>
         <run_address>0x23d4</run_address>
         <size>0xa2</size>
         <alignment>0x4</alignment>
         <input_file_ref idref="fl-11e"/>
      </object_component>
      <object_component id="oc-273">
         <name>.text.__aeabi_ldiv0</name>
         <load_address>0x2476</load_address>
         <readonly>true</readonly>
         <executable>true</executable>
         <run_address>0x2476</run_address>
         <size>0x2</size>
         <alignment>0x2</alignment>
         <input_file_ref idref="fl-121"/>
      </object_component>
      <object_component id="oc-11d">
         <name>.text.SYSCFG_DL_initPower</name>
         <load_address>0x2478</load_address>
         <readonly>true</readonly>
         <executable>true</executable>
         <run_address>0x2478</run_address>
         <size>0xa0</size>
         <alignment>0x4</alignment>
         <input_file_ref idref="fl-1"/>
      </object_component>
      <object_component id="oc-35">
         <name>.text.GROUP1_IRQHandler</name>
         <load_address>0x2518</load_address>
         <readonly>true</readonly>
         <executable>true</executable>
         <run_address>0x2518</run_address>
         <size>0x9c</size>
         <alignment>0x4</alignment>
         <input_file_ref idref="fl-3"/>
      </object_component>
      <object_component id="oc-90">
         <name>.text.__mulsf3</name>
         <load_address>0x25b4</load_address>
         <readonly>true</readonly>
         <executable>true</executable>
         <run_address>0x25b4</run_address>
         <size>0x8c</size>
         <alignment>0x4</alignment>
         <input_file_ref idref="fl-10a"/>
      </object_component>
      <object_component id="oc-15f">
         <name>.text:strcmp</name>
         <load_address>0x2640</load_address>
         <readonly>true</readonly>
         <executable>true</executable>
         <run_address>0x2640</run_address>
         <size>0x88</size>
         <alignment>0x10</alignment>
         <input_file_ref idref="fl-35"/>
      </object_component>
      <object_component id="oc-12e">
         <name>.text._ZN4OLED5clearEv</name>
         <load_address>0x26c8</load_address>
         <readonly>true</readonly>
         <executable>true</executable>
         <run_address>0x26c8</run_address>
         <size>0x84</size>
         <alignment>0x2</alignment>
         <input_file_ref idref="fl-8"/>
      </object_component>
      <object_component id="oc-1ba">
         <name>.text.__NVIC_SetPriority</name>
         <load_address>0x274c</load_address>
         <readonly>true</readonly>
         <executable>true</executable>
         <run_address>0x274c</run_address>
         <size>0x84</size>
         <alignment>0x4</alignment>
         <input_file_ref idref="fl-1"/>
      </object_component>
      <object_component id="oc-94">
         <name>.text.__divsf3</name>
         <load_address>0x27d0</load_address>
         <readonly>true</readonly>
         <executable>true</executable>
         <run_address>0x27d0</run_address>
         <size>0x82</size>
         <alignment>0x4</alignment>
         <input_file_ref idref="fl-10b"/>
      </object_component>
      <object_component id="oc-13c">
         <name>.text._ZN4OLED9setCursorEhh</name>
         <load_address>0x2852</load_address>
         <readonly>true</readonly>
         <executable>true</executable>
         <run_address>0x2852</run_address>
         <size>0x80</size>
         <alignment>0x2</alignment>
         <input_file_ref idref="fl-8"/>
      </object_component>
      <object_component id="oc-1c">
         <name>.text:decompress:lzss</name>
         <load_address>0x28d4</load_address>
         <readonly>true</readonly>
         <executable>true</executable>
         <run_address>0x28d4</run_address>
         <size>0x7c</size>
         <alignment>0x4</alignment>
         <input_file_ref idref="fl-43"/>
      </object_component>
      <object_component id="oc-12d">
         <name>.text._ZN4OLED12writeCommandEh</name>
         <load_address>0x2950</load_address>
         <readonly>true</readonly>
         <executable>true</executable>
         <run_address>0x2950</run_address>
         <size>0x76</size>
         <alignment>0x2</alignment>
         <input_file_ref idref="fl-8"/>
      </object_component>
      <object_component id="oc-13d">
         <name>.text._ZN4OLED9writeDataEh</name>
         <load_address>0x29c6</load_address>
         <readonly>true</readonly>
         <executable>true</executable>
         <run_address>0x29c6</run_address>
         <size>0x76</size>
         <alignment>0x2</alignment>
         <input_file_ref idref="fl-8"/>
      </object_component>
      <object_component id="oc-149">
         <name>.text.__gedf2</name>
         <load_address>0x2a3c</load_address>
         <readonly>true</readonly>
         <executable>true</executable>
         <run_address>0x2a3c</run_address>
         <size>0x74</size>
         <alignment>0x4</alignment>
         <input_file_ref idref="fl-120"/>
      </object_component>
      <object_component id="oc-d4">
         <name>.text.__truncdfsf2</name>
         <load_address>0x2ab0</load_address>
         <readonly>true</readonly>
         <executable>true</executable>
         <run_address>0x2ab0</run_address>
         <size>0x74</size>
         <alignment>0x10</alignment>
         <input_file_ref idref="fl-115"/>
      </object_component>
      <object_component id="oc-14b">
         <name>.text._ZN5Motor6setDirENS_11MOTOR_Dir_tE</name>
         <load_address>0x2b24</load_address>
         <readonly>true</readonly>
         <executable>true</executable>
         <run_address>0x2b24</run_address>
         <size>0x6c</size>
         <alignment>0x2</alignment>
         <input_file_ref idref="fl-6"/>
      </object_component>
      <object_component id="oc-6b">
         <name>.text._ZN7Encoder6updateEv</name>
         <load_address>0x2b90</load_address>
         <readonly>true</readonly>
         <executable>true</executable>
         <run_address>0x2b90</run_address>
         <size>0x6c</size>
         <alignment>0x4</alignment>
         <input_file_ref idref="fl-4"/>
      </object_component>
      <object_component id="oc-143">
         <name>.text.__ledf2</name>
         <load_address>0x2bfc</load_address>
         <readonly>true</readonly>
         <executable>true</executable>
         <run_address>0x2bfc</run_address>
         <size>0x68</size>
         <alignment>0x4</alignment>
         <input_file_ref idref="fl-120"/>
      </object_component>
      <object_component id="oc-270">
         <name>.text._mcpy</name>
         <load_address>0x2c64</load_address>
         <readonly>true</readonly>
         <executable>true</executable>
         <run_address>0x2c64</run_address>
         <size>0x66</size>
         <alignment>0x2</alignment>
         <input_file_ref idref="fl-44"/>
      </object_component>
      <object_component id="oc-1a1">
         <name>.text.DL_SYSCTL_setHFCLKSourceHFXTParams</name>
         <load_address>0x2ccc</load_address>
         <readonly>true</readonly>
         <executable>true</executable>
         <run_address>0x2ccc</run_address>
         <size>0x64</size>
         <alignment>0x4</alignment>
         <input_file_ref idref="fl-1a"/>
      </object_component>
      <object_component id="oc-d8">
         <name>.text.__aeabi_dcmp</name>
         <load_address>0x2d30</load_address>
         <readonly>true</readonly>
         <executable>true</executable>
         <run_address>0x2d30</run_address>
         <size>0x62</size>
         <alignment>0x4</alignment>
         <input_file_ref idref="fl-116"/>
      </object_component>
      <object_component id="oc-1df">
         <name>.text.DL_I2C_fillControllerTXFIFO</name>
         <load_address>0x2d92</load_address>
         <readonly>true</readonly>
         <executable>true</executable>
         <run_address>0x2d92</run_address>
         <size>0x5e</size>
         <alignment>0x2</alignment>
         <input_file_ref idref="fl-17"/>
      </object_component>
      <object_component id="oc-11f">
         <name>.text.SYSCFG_DL_SYSCTL_init</name>
         <load_address>0x2df0</load_address>
         <readonly>true</readonly>
         <executable>true</executable>
         <run_address>0x2df0</run_address>
         <size>0x5c</size>
         <alignment>0x4</alignment>
         <input_file_ref idref="fl-1"/>
      </object_component>
      <object_component id="oc-25c">
         <name>.text.frexp</name>
         <load_address>0x2e4c</load_address>
         <readonly>true</readonly>
         <executable>true</executable>
         <run_address>0x2e4c</run_address>
         <size>0x5c</size>
         <alignment>0x4</alignment>
         <input_file_ref idref="fl-4a"/>
      </object_component>
      <object_component id="oc-122">
         <name>.text.SYSCFG_DL_I2C_0_init</name>
         <load_address>0x2ea8</load_address>
         <readonly>true</readonly>
         <executable>true</executable>
         <run_address>0x2ea8</run_address>
         <size>0x58</size>
         <alignment>0x4</alignment>
         <input_file_ref idref="fl-1"/>
      </object_component>
      <object_component id="oc-123">
         <name>.text.SYSCFG_DL_I2C_1_init</name>
         <load_address>0x2f00</load_address>
         <readonly>true</readonly>
         <executable>true</executable>
         <run_address>0x2f00</run_address>
         <size>0x58</size>
         <alignment>0x4</alignment>
         <input_file_ref idref="fl-1"/>
      </object_component>
      <object_component id="oc-264">
         <name>.text.__TI_ltoa</name>
         <load_address>0x2f58</load_address>
         <readonly>true</readonly>
         <executable>true</executable>
         <run_address>0x2f58</run_address>
         <size>0x58</size>
         <alignment>0x2</alignment>
         <input_file_ref idref="fl-4f"/>
      </object_component>
      <object_component id="oc-245">
         <name>.text._pconv_f</name>
         <load_address>0x2fb0</load_address>
         <readonly>true</readonly>
         <executable>true</executable>
         <run_address>0x2fb0</run_address>
         <size>0x58</size>
         <alignment>0x2</alignment>
         <input_file_ref idref="fl-44"/>
      </object_component>
      <object_component id="oc-163">
         <name>.text.ltoa</name>
         <load_address>0x3008</load_address>
         <readonly>true</readonly>
         <executable>true</executable>
         <run_address>0x3008</run_address>
         <size>0x58</size>
         <alignment>0x4</alignment>
         <input_file_ref idref="fl-39"/>
      </object_component>
      <object_component id="oc-1ed">
         <name>.text.__aeabi_idivmod</name>
         <load_address>0x3060</load_address>
         <readonly>true</readonly>
         <executable>true</executable>
         <run_address>0x3060</run_address>
         <size>0x56</size>
         <alignment>0x4</alignment>
         <input_file_ref idref="fl-118"/>
      </object_component>
      <object_component id="oc-fc">
         <name>.text:__TI_auto_init_nobinit</name>
         <load_address>0x30b8</load_address>
         <readonly>true</readonly>
         <executable>true</executable>
         <run_address>0x30b8</run_address>
         <size>0x54</size>
         <alignment>0x4</alignment>
         <input_file_ref idref="fl-3e"/>
      </object_component>
      <object_component id="oc-26e">
         <name>.text._ecpy</name>
         <load_address>0x310c</load_address>
         <readonly>true</readonly>
         <executable>true</executable>
         <run_address>0x310c</run_address>
         <size>0x52</size>
         <alignment>0x2</alignment>
         <input_file_ref idref="fl-44"/>
      </object_component>
      <object_component id="oc-1e1">
         <name>.text._ZL30DL_I2C_startControllerTransferP8I2C_Regsj27DL_I2C_CONTROLLER_DIRECTIONt</name>
         <load_address>0x3160</load_address>
         <readonly>true</readonly>
         <executable>true</executable>
         <run_address>0x3160</run_address>
         <size>0x50</size>
         <alignment>0x4</alignment>
         <input_file_ref idref="fl-8"/>
      </object_component>
      <object_component id="oc-1d5">
         <name>.text.DL_UART_setBaudRateDivisor</name>
         <load_address>0x31b0</load_address>
         <readonly>true</readonly>
         <executable>true</executable>
         <run_address>0x31b0</run_address>
         <size>0x4c</size>
         <alignment>0x4</alignment>
         <input_file_ref idref="fl-1"/>
      </object_component>
      <object_component id="oc-16b">
         <name>.text.snprintf</name>
         <load_address>0x31fc</load_address>
         <readonly>true</readonly>
         <executable>true</executable>
         <run_address>0x31fc</run_address>
         <size>0x4c</size>
         <alignment>0x4</alignment>
         <input_file_ref idref="fl-31"/>
      </object_component>
      <object_component id="oc-154">
         <name>.text.__fixdfsi</name>
         <load_address>0x3248</load_address>
         <readonly>true</readonly>
         <executable>true</executable>
         <run_address>0x3248</run_address>
         <size>0x4a</size>
         <alignment>0x4</alignment>
         <input_file_ref idref="fl-10e"/>
      </object_component>
      <object_component id="oc-1d3">
         <name>.text.DL_UART_init</name>
         <load_address>0x3294</load_address>
         <readonly>true</readonly>
         <executable>true</executable>
         <run_address>0x3294</run_address>
         <size>0x48</size>
         <alignment>0x4</alignment>
         <input_file_ref idref="fl-19"/>
      </object_component>
      <object_component id="oc-125">
         <name>.text.SYSCFG_DL_UART_JY901S_init</name>
         <load_address>0x32dc</load_address>
         <readonly>true</readonly>
         <executable>true</executable>
         <run_address>0x32dc</run_address>
         <size>0x48</size>
         <alignment>0x4</alignment>
         <input_file_ref idref="fl-1"/>
      </object_component>
      <object_component id="oc-1ad">
         <name>.text.DL_SYSCTL_switchMCLKfromSYSOSCtoHSCLK</name>
         <load_address>0x3324</load_address>
         <readonly>true</readonly>
         <executable>true</executable>
         <run_address>0x3324</run_address>
         <size>0x44</size>
         <alignment>0x4</alignment>
         <input_file_ref idref="fl-1a"/>
      </object_component>
      <object_component id="oc-c5">
         <name>.text._ZN7Encoder5beginEv</name>
         <load_address>0x3368</load_address>
         <readonly>true</readonly>
         <executable>true</executable>
         <run_address>0x3368</run_address>
         <size>0x44</size>
         <alignment>0x4</alignment>
         <input_file_ref idref="fl-4"/>
      </object_component>
      <object_component id="oc-124">
         <name>.text.SYSCFG_DL_UART_DEBUG_init</name>
         <load_address>0x33ac</load_address>
         <readonly>true</readonly>
         <executable>true</executable>
         <run_address>0x33ac</run_address>
         <size>0x40</size>
         <alignment>0x4</alignment>
         <input_file_ref idref="fl-1"/>
      </object_component>
      <object_component id="oc-227">
         <name>.text.__aeabi_uidivmod</name>
         <load_address>0x33ec</load_address>
         <readonly>true</readonly>
         <executable>true</executable>
         <run_address>0x33ec</run_address>
         <size>0x40</size>
         <alignment>0x4</alignment>
         <input_file_ref idref="fl-11b"/>
      </object_component>
      <object_component id="oc-cc">
         <name>.text.__extendsfdf2</name>
         <load_address>0x342c</load_address>
         <readonly>true</readonly>
         <executable>true</executable>
         <run_address>0x342c</run_address>
         <size>0x40</size>
         <alignment>0x4</alignment>
         <input_file_ref idref="fl-10d"/>
      </object_component>
      <object_component id="oc-22d">
         <name>.text.atoi</name>
         <load_address>0x346c</load_address>
         <readonly>true</readonly>
         <executable>true</executable>
         <run_address>0x346c</run_address>
         <size>0x40</size>
         <alignment>0x4</alignment>
         <input_file_ref idref="fl-51"/>
      </object_component>
      <object_component id="oc-193">
         <name>.text.DL_GPIO_initPeripheralInputFunctionFeatures</name>
         <load_address>0x34ac</load_address>
         <readonly>true</readonly>
         <executable>true</executable>
         <run_address>0x34ac</run_address>
         <size>0x3c</size>
         <alignment>0x4</alignment>
         <input_file_ref idref="fl-1"/>
      </object_component>
      <object_component id="oc-1e2">
         <name>.text.DL_I2C_flushControllerTXFIFO</name>
         <load_address>0x34e8</load_address>
         <readonly>true</readonly>
         <executable>true</executable>
         <run_address>0x34e8</run_address>
         <size>0x3c</size>
         <alignment>0x4</alignment>
         <input_file_ref idref="fl-17"/>
      </object_component>
      <object_component id="oc-1b1">
         <name>.text.DL_Timer_setCounterControl</name>
         <load_address>0x3524</load_address>
         <readonly>true</readonly>
         <executable>true</executable>
         <run_address>0x3524</run_address>
         <size>0x3c</size>
         <alignment>0x4</alignment>
         <input_file_ref idref="fl-1"/>
      </object_component>
      <object_component id="oc-121">
         <name>.text.SYSCFG_DL_TIMER_ENC_init</name>
         <load_address>0x3560</load_address>
         <readonly>true</readonly>
         <executable>true</executable>
         <run_address>0x3560</run_address>
         <size>0x3c</size>
         <alignment>0x4</alignment>
         <input_file_ref idref="fl-1"/>
      </object_component>
      <object_component id="oc-8c">
         <name>.text.__floatsisf</name>
         <load_address>0x359c</load_address>
         <readonly>true</readonly>
         <executable>true</executable>
         <run_address>0x359c</run_address>
         <size>0x3c</size>
         <alignment>0x4</alignment>
         <input_file_ref idref="fl-112"/>
      </object_component>
      <object_component id="oc-10d">
         <name>.text.__muldsi3</name>
         <load_address>0x35d8</load_address>
         <readonly>true</readonly>
         <executable>true</executable>
         <run_address>0x35d8</run_address>
         <size>0x3a</size>
         <alignment>0x4</alignment>
         <input_file_ref idref="fl-109"/>
      </object_component>
      <object_component id="oc-98">
         <name>.text.__fixsfsi</name>
         <load_address>0x3614</load_address>
         <readonly>true</readonly>
         <executable>true</executable>
         <run_address>0x3614</run_address>
         <size>0x38</size>
         <alignment>0x4</alignment>
         <input_file_ref idref="fl-10f"/>
      </object_component>
      <object_component id="oc-197">
         <name>.text.DL_GPIO_initDigitalInputFeatures</name>
         <load_address>0x364c</load_address>
         <readonly>true</readonly>
         <executable>true</executable>
         <run_address>0x364c</run_address>
         <size>0x34</size>
         <alignment>0x4</alignment>
         <input_file_ref idref="fl-1"/>
      </object_component>
      <object_component id="oc-b0">
         <name>.text.SYSCFG_DL_init</name>
         <load_address>0x3680</load_address>
         <readonly>true</readonly>
         <executable>true</executable>
         <run_address>0x3680</run_address>
         <size>0x34</size>
         <alignment>0x4</alignment>
         <input_file_ref idref="fl-1"/>
      </object_component>
      <object_component id="oc-10b">
         <name>.text._ZN5MotorC2EP9GPIO_RegsjjP12GPTIMER_Regs17DL_TIMER_CC_INDEX</name>
         <load_address>0x36b4</load_address>
         <readonly>true</readonly>
         <executable>true</executable>
         <run_address>0x36b4</run_address>
         <size>0x34</size>
         <alignment>0x2</alignment>
         <input_file_ref idref="fl-6"/>
      </object_component>
      <object_component id="oc-a0">
         <name>.text.__fixunssfsi</name>
         <load_address>0x36e8</load_address>
         <readonly>true</readonly>
         <executable>true</executable>
         <run_address>0x36e8</run_address>
         <size>0x32</size>
         <alignment>0x4</alignment>
         <input_file_ref idref="fl-110"/>
      </object_component>
      <object_component id="oc-bb">
         <name>.text._ZN6JY901S5beginEv</name>
         <load_address>0x371c</load_address>
         <readonly>true</readonly>
         <executable>true</executable>
         <run_address>0x371c</run_address>
         <size>0x30</size>
         <alignment>0x4</alignment>
         <input_file_ref idref="fl-5"/>
      </object_component>
      <object_component id="oc-26f">
         <name>.text._fcpy</name>
         <load_address>0x374c</load_address>
         <readonly>true</readonly>
         <executable>true</executable>
         <run_address>0x374c</run_address>
         <size>0x30</size>
         <alignment>0x2</alignment>
         <input_file_ref idref="fl-44"/>
      </object_component>
      <object_component id="oc-1f9">
         <name>.text._outs</name>
         <load_address>0x377c</load_address>
         <readonly>true</readonly>
         <executable>true</executable>
         <run_address>0x377c</run_address>
         <size>0x30</size>
         <alignment>0x2</alignment>
         <input_file_ref idref="fl-31"/>
      </object_component>
      <object_component id="oc-13a">
         <name>.text._ZL16__NVIC_EnableIRQ4IRQn</name>
         <load_address>0x37ac</load_address>
         <readonly>true</readonly>
         <executable>true</executable>
         <run_address>0x37ac</run_address>
         <size>0x2c</size>
         <alignment>0x4</alignment>
         <input_file_ref idref="fl-4"/>
      </object_component>
      <object_component id="oc-132">
         <name>.text._ZL16__NVIC_EnableIRQ4IRQn</name>
         <load_address>0x37d8</load_address>
         <readonly>true</readonly>
         <executable>true</executable>
         <run_address>0x37d8</run_address>
         <size>0x2c</size>
         <alignment>0x4</alignment>
         <input_file_ref idref="fl-5"/>
      </object_component>
      <object_component id="oc-139">
         <name>.text._ZL22__NVIC_ClearPendingIRQ4IRQn</name>
         <load_address>0x3804</load_address>
         <readonly>true</readonly>
         <executable>true</executable>
         <run_address>0x3804</run_address>
         <size>0x2c</size>
         <alignment>0x4</alignment>
         <input_file_ref idref="fl-4"/>
      </object_component>
      <object_component id="oc-131">
         <name>.text._ZL22__NVIC_ClearPendingIRQ4IRQn</name>
         <load_address>0x3830</load_address>
         <readonly>true</readonly>
         <executable>true</executable>
         <run_address>0x3830</run_address>
         <size>0x2c</size>
         <alignment>0x4</alignment>
         <input_file_ref idref="fl-5"/>
      </object_component>
      <object_component id="oc-8b">
         <name>.text.__cxx_global_var_init.3</name>
         <load_address>0x385c</load_address>
         <readonly>true</readonly>
         <executable>true</executable>
         <run_address>0x385c</run_address>
         <size>0x2c</size>
         <alignment>0x4</alignment>
         <input_file_ref idref="fl-3"/>
      </object_component>
      <object_component id="oc-268">
         <name>.text.__floatsidf</name>
         <load_address>0x3888</load_address>
         <readonly>true</readonly>
         <executable>true</executable>
         <run_address>0x3888</run_address>
         <size>0x2c</size>
         <alignment>0x4</alignment>
         <input_file_ref idref="fl-111"/>
      </object_component>
      <object_component id="oc-108">
         <name>.text._ZN7EncoderC2E4IRQnS0_</name>
         <load_address>0x38b4</load_address>
         <readonly>true</readonly>
         <executable>true</executable>
         <run_address>0x38b4</run_address>
         <size>0x2a</size>
         <alignment>0x2</alignment>
         <input_file_ref idref="fl-4"/>
      </object_component>
      <object_component id="oc-208">
         <name>.text.DL_Common_updateReg</name>
         <load_address>0x38de</load_address>
         <readonly>true</readonly>
         <executable>true</executable>
         <run_address>0x38de</run_address>
         <size>0x28</size>
         <alignment>0x2</alignment>
         <input_file_ref idref="fl-1"/>
      </object_component>
      <object_component id="oc-1c8">
         <name>.text.DL_I2C_setControllerRXFIFOThreshold</name>
         <load_address>0x3908</load_address>
         <readonly>true</readonly>
         <executable>true</executable>
         <run_address>0x3908</run_address>
         <size>0x28</size>
         <alignment>0x4</alignment>
         <input_file_ref idref="fl-1"/>
      </object_component>
      <object_component id="oc-1c7">
         <name>.text.DL_I2C_setControllerTXFIFOThreshold</name>
         <load_address>0x3930</load_address>
         <readonly>true</readonly>
         <executable>true</executable>
         <run_address>0x3930</run_address>
         <size>0x28</size>
         <alignment>0x4</alignment>
         <input_file_ref idref="fl-1"/>
      </object_component>
      <object_component id="oc-20f">
         <name>.text._ZL19DL_Common_updateRegPVjjj</name>
         <load_address>0x3958</load_address>
         <readonly>true</readonly>
         <executable>true</executable>
         <run_address>0x3958</run_address>
         <size>0x28</size>
         <alignment>0x2</alignment>
         <input_file_ref idref="fl-8"/>
      </object_component>
      <object_component id="oc-9c">
         <name>.text.__floatunsisf</name>
         <load_address>0x3980</load_address>
         <readonly>true</readonly>
         <executable>true</executable>
         <run_address>0x3980</run_address>
         <size>0x28</size>
         <alignment>0x4</alignment>
         <input_file_ref idref="fl-113"/>
      </object_component>
      <object_component id="oc-57">
         <name>.text:_c_int00_noargs</name>
         <load_address>0x39a8</load_address>
         <readonly>true</readonly>
         <executable>true</executable>
         <run_address>0x39a8</run_address>
         <size>0x28</size>
         <alignment>0x4</alignment>
         <input_file_ref idref="fl-3c"/>
      </object_component>
      <object_component id="oc-1c3">
         <name>.text.DL_I2C_setAnalogGlitchFilterPulseWidth</name>
         <load_address>0x39d0</load_address>
         <readonly>true</readonly>
         <executable>true</executable>
         <run_address>0x39d0</run_address>
         <size>0x26</size>
         <alignment>0x2</alignment>
         <input_file_ref idref="fl-1"/>
      </object_component>
      <object_component id="oc-1bd">
         <name>.text.DL_I2C_setClockConfig</name>
         <load_address>0x39f6</load_address>
         <readonly>true</readonly>
         <executable>true</executable>
         <run_address>0x39f6</run_address>
         <size>0x26</size>
         <alignment>0x2</alignment>
         <input_file_ref idref="fl-17"/>
      </object_component>
      <object_component id="oc-b5">
         <name>.text._ZL5delayj</name>
         <load_address>0x3a1c</load_address>
         <readonly>true</readonly>
         <executable>true</executable>
         <run_address>0x3a1c</run_address>
         <size>0x24</size>
         <alignment>0x4</alignment>
         <input_file_ref idref="fl-3"/>
      </object_component>
      <object_component id="oc-23a">
         <name>.text.__muldi3</name>
         <load_address>0x3a40</load_address>
         <readonly>true</readonly>
         <executable>true</executable>
         <run_address>0x3a40</run_address>
         <size>0x24</size>
         <alignment>0x4</alignment>
         <input_file_ref idref="fl-114"/>
      </object_component>
      <object_component id="oc-222">
         <name>.text.memccpy</name>
         <load_address>0x3a64</load_address>
         <readonly>true</readonly>
         <executable>true</executable>
         <run_address>0x3a64</run_address>
         <size>0x22</size>
         <alignment>0x2</alignment>
         <input_file_ref idref="fl-52"/>
      </object_component>
      <object_component id="oc-195">
         <name>.text.DL_GPIO_initPeripheralInputFunction</name>
         <load_address>0x3a88</load_address>
         <readonly>true</readonly>
         <executable>true</executable>
         <run_address>0x3a88</run_address>
         <size>0x20</size>
         <alignment>0x4</alignment>
         <input_file_ref idref="fl-1"/>
      </object_component>
      <object_component id="oc-19d">
         <name>.text.DL_SYSCTL_setFlashWaitState</name>
         <load_address>0x3aa8</load_address>
         <readonly>true</readonly>
         <executable>true</executable>
         <run_address>0x3aa8</run_address>
         <size>0x20</size>
         <alignment>0x4</alignment>
         <input_file_ref idref="fl-1"/>
      </object_component>
      <object_component id="oc-1a9">
         <name>.text.DL_SYSCTL_setHFCLKDividerForMFPCLK</name>
         <load_address>0x3ac8</load_address>
         <readonly>true</readonly>
         <executable>true</executable>
         <run_address>0x3ac8</run_address>
         <size>0x20</size>
         <alignment>0x4</alignment>
         <input_file_ref idref="fl-1"/>
      </object_component>
      <object_component id="oc-1ac">
         <name>.text.DL_SYSCTL_setMFPCLKSource</name>
         <load_address>0x3ae8</load_address>
         <readonly>true</readonly>
         <executable>true</executable>
         <run_address>0x3ae8</run_address>
         <size>0x20</size>
         <alignment>0x4</alignment>
         <input_file_ref idref="fl-1"/>
      </object_component>
      <object_component id="oc-3b">
         <name>.text.TIMG0_IRQHandler</name>
         <load_address>0x3b08</load_address>
         <readonly>true</readonly>
         <executable>true</executable>
         <run_address>0x3b08</run_address>
         <size>0x20</size>
         <alignment>0x4</alignment>
         <input_file_ref idref="fl-3"/>
      </object_component>
      <object_component id="oc-1d4">
         <name>.text.DL_UART_setOversampling</name>
         <load_address>0x3b28</load_address>
         <readonly>true</readonly>
         <executable>true</executable>
         <run_address>0x3b28</run_address>
         <size>0x1e</size>
         <alignment>0x2</alignment>
         <input_file_ref idref="fl-1"/>
      </object_component>
      <object_component id="oc-274">
         <name>.text.__ashldi3</name>
         <load_address>0x3b48</load_address>
         <readonly>true</readonly>
         <executable>true</executable>
         <run_address>0x3b48</run_address>
         <size>0x1e</size>
         <alignment>0x4</alignment>
         <input_file_ref idref="fl-11f"/>
      </object_component>
      <object_component id="oc-19a">
         <name>.text.DL_GPIO_clearInterruptStatus</name>
         <load_address>0x3b68</load_address>
         <readonly>true</readonly>
         <executable>true</executable>
         <run_address>0x3b68</run_address>
         <size>0x1c</size>
         <alignment>0x4</alignment>
         <input_file_ref idref="fl-1"/>
      </object_component>
      <object_component id="oc-194">
         <name>.text.DL_GPIO_enableHiZ</name>
         <load_address>0x3b84</load_address>
         <readonly>true</readonly>
         <executable>true</executable>
         <run_address>0x3b84</run_address>
         <size>0x1c</size>
         <alignment>0x4</alignment>
         <input_file_ref idref="fl-1"/>
      </object_component>
      <object_component id="oc-19b">
         <name>.text.DL_GPIO_enableInterrupt</name>
         <load_address>0x3ba0</load_address>
         <readonly>true</readonly>
         <executable>true</executable>
         <run_address>0x3ba0</run_address>
         <size>0x1c</size>
         <alignment>0x4</alignment>
         <input_file_ref idref="fl-1"/>
      </object_component>
      <object_component id="oc-191">
         <name>.text.DL_GPIO_initPeripheralOutputFunction</name>
         <load_address>0x3bbc</load_address>
         <readonly>true</readonly>
         <executable>true</executable>
         <run_address>0x3bbc</run_address>
         <size>0x1c</size>
         <alignment>0x4</alignment>
         <input_file_ref idref="fl-1"/>
      </object_component>
      <object_component id="oc-199">
         <name>.text.DL_GPIO_setLowerPinsPolarity</name>
         <load_address>0x3bd8</load_address>
         <readonly>true</readonly>
         <executable>true</executable>
         <run_address>0x3bd8</run_address>
         <size>0x1c</size>
         <alignment>0x4</alignment>
         <input_file_ref idref="fl-1"/>
      </object_component>
      <object_component id="oc-19e">
         <name>.text.DL_SYSCTL_setSYSOSCFreq</name>
         <load_address>0x3bf4</load_address>
         <readonly>true</readonly>
         <executable>true</executable>
         <run_address>0x3bf4</run_address>
         <size>0x1c</size>
         <alignment>0x4</alignment>
         <input_file_ref idref="fl-1"/>
      </object_component>
      <object_component id="oc-1a8">
         <name>.text.DL_SYSCTL_setULPCLKDivider</name>
         <load_address>0x3c10</load_address>
         <readonly>true</readonly>
         <executable>true</executable>
         <run_address>0x3c10</run_address>
         <size>0x1c</size>
         <alignment>0x4</alignment>
         <input_file_ref idref="fl-1"/>
      </object_component>
      <object_component id="oc-1b9">
         <name>.text.DL_Timer_enableInterrupt</name>
         <load_address>0x3c2c</load_address>
         <readonly>true</readonly>
         <executable>true</executable>
         <run_address>0x3c2c</run_address>
         <size>0x1c</size>
         <alignment>0x4</alignment>
         <input_file_ref idref="fl-1"/>
      </object_component>
      <object_component id="oc-1b3">
         <name>.text.DL_Timer_setCaptCompUpdateMethod</name>
         <load_address>0x3c48</load_address>
         <readonly>true</readonly>
         <executable>true</executable>
         <run_address>0x3c48</run_address>
         <size>0x1c</size>
         <alignment>0x4</alignment>
         <input_file_ref idref="fl-18"/>
      </object_component>
      <object_component id="oc-1af">
         <name>.text.DL_Timer_setClockConfig</name>
         <load_address>0x3c64</load_address>
         <readonly>true</readonly>
         <executable>true</executable>
         <run_address>0x3c64</run_address>
         <size>0x1c</size>
         <alignment>0x4</alignment>
         <input_file_ref idref="fl-18"/>
      </object_component>
      <object_component id="oc-1d9">
         <name>.text.DL_UART_enableInterrupt</name>
         <load_address>0x3c80</load_address>
         <readonly>true</readonly>
         <executable>true</executable>
         <run_address>0x3c80</run_address>
         <size>0x1c</size>
         <alignment>0x4</alignment>
         <input_file_ref idref="fl-1"/>
      </object_component>
      <object_component id="oc-133">
         <name>.text._ZL23DL_UART_enableInterruptP9UART_Regsj</name>
         <load_address>0x3c9c</load_address>
         <readonly>true</readonly>
         <executable>true</executable>
         <run_address>0x3c9c</run_address>
         <size>0x1c</size>
         <alignment>0x4</alignment>
         <input_file_ref idref="fl-5"/>
      </object_component>
      <object_component id="oc-62">
         <name>.text._ZL28DL_GPIO_clearInterruptStatusP9GPIO_Regsj</name>
         <load_address>0x3cb8</load_address>
         <readonly>true</readonly>
         <executable>true</executable>
         <run_address>0x3cb8</run_address>
         <size>0x1c</size>
         <alignment>0x4</alignment>
         <input_file_ref idref="fl-3"/>
      </object_component>
      <object_component id="oc-192">
         <name>.text.DL_GPIO_enableOutput</name>
         <load_address>0x3cd4</load_address>
         <readonly>true</readonly>
         <executable>true</executable>
         <run_address>0x3cd4</run_address>
         <size>0x18</size>
         <alignment>0x4</alignment>
         <input_file_ref idref="fl-1"/>
      </object_component>
      <object_component id="oc-18c">
         <name>.text.DL_GPIO_enablePower</name>
         <load_address>0x3cec</load_address>
         <readonly>true</readonly>
         <executable>true</executable>
         <run_address>0x3cec</run_address>
         <size>0x18</size>
         <alignment>0x4</alignment>
         <input_file_ref idref="fl-1"/>
      </object_component>
      <object_component id="oc-196">
         <name>.text.DL_GPIO_initDigitalOutput</name>
         <load_address>0x3d04</load_address>
         <readonly>true</readonly>
         <executable>true</executable>
         <run_address>0x3d04</run_address>
         <size>0x18</size>
         <alignment>0x4</alignment>
         <input_file_ref idref="fl-1"/>
      </object_component>
      <object_component id="oc-190">
         <name>.text.DL_GPIO_initPeripheralAnalogFunction</name>
         <load_address>0x3d1c</load_address>
         <readonly>true</readonly>
         <executable>true</executable>
         <run_address>0x3d1c</run_address>
         <size>0x18</size>
         <alignment>0x4</alignment>
         <input_file_ref idref="fl-1"/>
      </object_component>
      <object_component id="oc-188">
         <name>.text.DL_GPIO_reset</name>
         <load_address>0x3d34</load_address>
         <readonly>true</readonly>
         <executable>true</executable>
         <run_address>0x3d34</run_address>
         <size>0x18</size>
         <alignment>0x4</alignment>
         <input_file_ref idref="fl-1"/>
      </object_component>
      <object_component id="oc-1c4">
         <name>.text.DL_I2C_enableAnalogGlitchFilter</name>
         <load_address>0x3d4c</load_address>
         <readonly>true</readonly>
         <executable>true</executable>
         <run_address>0x3d4c</run_address>
         <size>0x18</size>
         <alignment>0x2</alignment>
         <input_file_ref idref="fl-1"/>
      </object_component>
      <object_component id="oc-1ca">
         <name>.text.DL_I2C_enableController</name>
         <load_address>0x3d64</load_address>
         <readonly>true</readonly>
         <executable>true</executable>
         <run_address>0x3d64</run_address>
         <size>0x18</size>
         <alignment>0x4</alignment>
         <input_file_ref idref="fl-1"/>
      </object_component>
      <object_component id="oc-1c9">
         <name>.text.DL_I2C_enableControllerClockStretching</name>
         <load_address>0x3d7c</load_address>
         <readonly>true</readonly>
         <executable>true</executable>
         <run_address>0x3d7c</run_address>
         <size>0x18</size>
         <alignment>0x4</alignment>
         <input_file_ref idref="fl-1"/>
      </object_component>
      <object_component id="oc-18e">
         <name>.text.DL_I2C_enablePower</name>
         <load_address>0x3d94</load_address>
         <readonly>true</readonly>
         <executable>true</executable>
         <run_address>0x3d94</run_address>
         <size>0x18</size>
         <alignment>0x4</alignment>
         <input_file_ref idref="fl-1"/>
      </object_component>
      <object_component id="oc-18a">
         <name>.text.DL_I2C_reset</name>
         <load_address>0x3dac</load_address>
         <readonly>true</readonly>
         <executable>true</executable>
         <run_address>0x3dac</run_address>
         <size>0x18</size>
         <alignment>0x4</alignment>
         <input_file_ref idref="fl-1"/>
      </object_component>
      <object_component id="oc-1c6">
         <name>.text.DL_I2C_setTimerPeriod</name>
         <load_address>0x3dc4</load_address>
         <readonly>true</readonly>
         <executable>true</executable>
         <run_address>0x3dc4</run_address>
         <size>0x18</size>
         <alignment>0x4</alignment>
         <input_file_ref idref="fl-1"/>
      </object_component>
      <object_component id="oc-19c">
         <name>.text.DL_SYSCTL_setBORThreshold</name>
         <load_address>0x3ddc</load_address>
         <readonly>true</readonly>
         <executable>true</executable>
         <run_address>0x3ddc</run_address>
         <size>0x18</size>
         <alignment>0x4</alignment>
         <input_file_ref idref="fl-1"/>
      </object_component>
      <object_component id="oc-18d">
         <name>.text.DL_Timer_enablePower</name>
         <load_address>0x3df4</load_address>
         <readonly>true</readonly>
         <executable>true</executable>
         <run_address>0x3df4</run_address>
         <size>0x18</size>
         <alignment>0x4</alignment>
         <input_file_ref idref="fl-1"/>
      </object_component>
      <object_component id="oc-189">
         <name>.text.DL_Timer_reset</name>
         <load_address>0x3e0c</load_address>
         <readonly>true</readonly>
         <executable>true</executable>
         <run_address>0x3e0c</run_address>
         <size>0x18</size>
         <alignment>0x4</alignment>
         <input_file_ref idref="fl-1"/>
      </object_component>
      <object_component id="oc-1b2">
         <name>.text.DL_Timer_setCaptureCompareOutCtl</name>
         <load_address>0x3e24</load_address>
         <readonly>true</readonly>
         <executable>true</executable>
         <run_address>0x3e24</run_address>
         <size>0x18</size>
         <alignment>0x4</alignment>
         <input_file_ref idref="fl-18"/>
      </object_component>
      <object_component id="oc-18f">
         <name>.text.DL_UART_enablePower</name>
         <load_address>0x3e3c</load_address>
         <readonly>true</readonly>
[...]
      <symbol id="sm-24c">
         <name>_ZN4OLED5beginEv</name>
         <value>0x1b0d</value>
         <object_component_ref idref="oc-b6"/>
      </symbol>
      <symbol id="sm-24d">
         <name>_ZN4OLED12writeCommandEh</name>
         <value>0x2951</value>
         <object_component_ref idref="oc-12d"/>
      </symbol>
      <symbol id="sm-24e">
         <name>_ZN4OLED5clearEv</name>
         <value>0x26c9</value>
         <object_component_ref idref="oc-12e"/>
      </symbol>
      <symbol id="sm-24f">
         <name>_ZN4OLED9setCursorEhh</name>
         <value>0x2853</value>
         <object_component_ref idref="oc-13c"/>
      </symbol>
      <symbol id="sm-250">
         <name>_ZN4OLED9writeDataEh</name>
         <value>0x29c7</value>
         <object_component_ref idref="oc-13d"/>
      </symbol>
      <symbol id="sm-251">
         <name>_ZN4OLED9printTextEhhPKch</name>
         <value>0x12cd</value>
         <object_component_ref idref="oc-c6"/>
      </symbol>
      <symbol id="sm-252">
         <name>_ZN4OLED8printVarEhhfPKchb</name>
         <value>0xed9</value>
         <object_component_ref idref="oc-dd"/>
      </symbol>
      <symbol id="sm-253">
         <name>_ZN4OLEDC1EhP8I2C_Regs</name>
         <value>0x3efd</value>
         <object_component_ref idref="oc-109"/>
      </symbol>
      <symbol id="sm-254">
         <name>__TI_ATRegion0_src_addr</name>
         <value>0x0</value>
      </symbol>
      <symbol id="sm-255">
         <name>__TI_ATRegion0_trg_addr</name>
         <value>0x0</value>
      </symbol>
      <symbol id="sm-256">
         <name>__TI_ATRegion0_region_sz</name>
         <value>0x0</value>
      </symbol>
      <symbol id="sm-257">
         <name>__TI_ATRegion1_src_addr</name>
         <value>0x0</value>
      </symbol>
      <symbol id="sm-258">
         <name>__TI_ATRegion1_trg_addr</name>
         <value>0x0</value>
      </symbol>
      <symbol id="sm-259">
         <name>__TI_ATRegion1_region_sz</name>
         <value>0x0</value>
      </symbol>
      <symbol id="sm-25a">
         <name>__TI_ATRegion2_src_addr</name>
         <value>0x0</value>
      </symbol>
      <symbol id="sm-25b">
         <name>__TI_ATRegion2_trg_addr</name>
         <value>0x0</value>
      </symbol>
      <symbol id="sm-25c">
         <name>__TI_ATRegion2_region_sz</name>
         <value>0x0</value>
      </symbol>
      <symbol id="sm-265">
         <name>DL_Common_delayCycles</name>
         <value>0x41c9</value>
         <object_component_ref idref="oc-129"/>
      </symbol>
      <symbol id="sm-274">
         <name>DL_I2C_setClockConfig</name>
         <value>0x39f7</value>
         <object_component_ref idref="oc-1bd"/>
      </symbol>
      <symbol id="sm-275">
         <name>DL_I2C_fillControllerTXFIFO</name>
         <value>0x2d93</value>
         <object_component_ref idref="oc-1df"/>
      </symbol>
      <symbol id="sm-276">
         <name>DL_I2C_flushControllerTXFIFO</name>
         <value>0x34e9</value>
         <object_component_ref idref="oc-1e2"/>
      </symbol>
      <symbol id="sm-292">
         <name>DL_Timer_setClockConfig</name>
         <value>0x3c65</value>
         <object_component_ref idref="oc-1af"/>
      </symbol>
      <symbol id="sm-293">
         <name>DL_Timer_initTimerMode</name>
         <value>0x1e15</value>
         <object_component_ref idref="oc-1b8"/>
      </symbol>
      <symbol id="sm-294">
         <name>DL_Timer_setCaptureCompareValue</name>
         <value>0x4131</value>
         <object_component_ref idref="oc-158"/>
      </symbol>
      <symbol id="sm-295">
         <name>DL_Timer_setCaptCompUpdateMethod</name>
         <value>0x3c49</value>
         <object_component_ref idref="oc-1b3"/>
      </symbol>
      <symbol id="sm-296">
         <name>DL_Timer_setCaptureCompareOutCtl</name>
         <value>0x3e25</value>
         <object_component_ref idref="oc-1b2"/>
      </symbol>
      <symbol id="sm-297">
         <name>DL_Timer_initFourCCPWMMode</name>
         <value>0x1c15</value>
         <object_component_ref idref="oc-1b0"/>
      </symbol>
      <symbol id="sm-2a4">
         <name>DL_UART_init</name>
         <value>0x3295</value>
         <object_component_ref idref="oc-1d3"/>
      </symbol>
      <symbol id="sm-2a5">
         <name>DL_UART_setClockConfig</name>
         <value>0x40a5</value>
         <object_component_ref idref="oc-1cd"/>
      </symbol>
      <symbol id="sm-2b6">
         <name>DL_SYSCTL_configSYSPLL</name>
         <value>0x1fe1</value>
         <object_component_ref idref="oc-1a7"/>
      </symbol>
      <symbol id="sm-2b7">
         <name>DL_SYSCTL_switchMCLKfromSYSOSCtoHSCLK</name>
         <value>0x3325</value>
         <object_component_ref idref="oc-1ad"/>
      </symbol>
      <symbol id="sm-2b8">
         <name>DL_SYSCTL_setHFCLKSourceHFXTParams</name>
         <value>0x2ccd</value>
         <object_component_ref idref="oc-1a1"/>
      </symbol>
      <symbol id="sm-2c9">
         <name>snprintf</name>
         <value>0x31fd</value>
         <object_component_ref idref="oc-16b"/>
      </symbol>
      <symbol id="sm-2d4">
         <name>strcmp</name>
         <value>0x2641</value>
         <object_component_ref idref="oc-15f"/>
      </symbol>
      <symbol id="sm-2df">
         <name>__aeabi_errno_addr</name>
         <value>0x41f9</value>
         <object_component_ref idref="oc-235"/>
      </symbol>
      <symbol id="sm-2e0">
         <name>__aeabi_errno</name>
         <value>0x20200118</value>
         <object_component_ref idref="oc-252"/>
      </symbol>
      <symbol id="sm-2ed">
         <name>ltoa</name>
         <value>0x3009</value>
         <object_component_ref idref="oc-163"/>
      </symbol>
      <symbol id="sm-2f7">
         <name>strlen</name>
         <value>0x417d</value>
         <object_component_ref idref="oc-167"/>
      </symbol>
      <symbol id="sm-302">
         <name>_c_int00_noargs</name>
         <value>0x39a9</value>
         <object_component_ref idref="oc-57"/>
      </symbol>
      <symbol id="sm-303">
         <name>__stack</name>
         <value>0x20207e00</value>
         <object_component_ref idref="oc-1a"/>
      </symbol>
      <symbol id="sm-312">
         <name>__TI_auto_init_nobinit</name>
         <value>0x30b9</value>
         <object_component_ref idref="oc-fc"/>
      </symbol>
      <symbol id="sm-31a">
         <name>_system_pre_init</name>
         <value>0x422d</value>
         <object_component_ref idref="oc-79"/>
      </symbol>
      <symbol id="sm-325">
         <name>__TI_zero_init_nomemset</name>
         <value>0x3f89</value>
         <object_component_ref idref="oc-4e"/>
      </symbol>
      <symbol id="sm-32e">
         <name>__TI_decompress_none</name>
         <value>0x40ff</value>
         <object_component_ref idref="oc-20"/>
      </symbol>
      <symbol id="sm-339">
         <name>__TI_decompress_lzss</name>
         <value>0x28d5</value>
         <object_component_ref idref="oc-1c"/>
      </symbol>
      <symbol id="sm-382">
         <name>__TI_printfi</name>
         <value>0xc1</value>
         <object_component_ref idref="oc-21d"/>
      </symbol>
      <symbol id="sm-391">
         <name>frexp</name>
         <value>0x2e4d</value>
         <object_component_ref idref="oc-25c"/>
      </symbol>
      <symbol id="sm-392">
         <name>frexpl</name>
         <value>0x2e4d</value>
         <object_component_ref idref="oc-25c"/>
      </symbol>
      <symbol id="sm-39c">
         <name>scalbn</name>
         <value>0x2195</value>
         <object_component_ref idref="oc-260"/>
      </symbol>
      <symbol id="sm-39d">
         <name>ldexp</name>
         <value>0x2195</value>
         <object_component_ref idref="oc-260"/>
      </symbol>
      <symbol id="sm-39e">
         <name>scalbnl</name>
         <value>0x2195</value>
         <object_component_ref idref="oc-260"/>
      </symbol>
      <symbol id="sm-39f">
         <name>ldexpl</name>
         <value>0x2195</value>
         <object_component_ref idref="oc-260"/>
      </symbol>
      <symbol id="sm-3a8">
         <name>wcslen</name>
         <value>0x4151</value>
         <object_component_ref idref="oc-231"/>
      </symbol>
      <symbol id="sm-3b2">
         <name>abort</name>
         <value>0x420f</value>
         <object_component_ref idref="oc-ef"/>
      </symbol>
      <symbol id="sm-3bc">
         <name>__TI_ltoa</name>
         <value>0x2f59</value>
         <object_component_ref idref="oc-264"/>
      </symbol>
      <symbol id="sm-3c7">
         <name>atoi</name>
         <value>0x346d</value>
         <object_component_ref idref="oc-22d"/>
      </symbol>
      <symbol id="sm-3d0">
         <name>memccpy</name>
         <value>0x3a65</value>
         <object_component_ref idref="oc-222"/>
      </symbol>
      <symbol id="sm-3d3">
         <name>__aeabi_ctype_table_</name>
         <value>0x4a60</value>
         <object_component_ref idref="oc-24b"/>
      </symbol>
      <symbol id="sm-3d4">
         <name>__aeabi_ctype_table_C</name>
         <value>0x4a60</value>
         <object_component_ref idref="oc-24b"/>
      </symbol>
      <symbol id="sm-3dd">
         <name>HOSTexit</name>
         <value>0x4215</value>
         <object_component_ref idref="oc-176"/>
      </symbol>
      <symbol id="sm-3de">
         <name>C$$EXIT</name>
         <value>0x4214</value>
         <object_component_ref idref="oc-176"/>
      </symbol>
      <symbol id="sm-3f3">
         <name>__aeabi_dadd</name>
         <value>0x161b</value>
         <object_component_ref idref="oc-d0"/>
      </symbol>
      <symbol id="sm-3f4">
         <name>__adddf3</name>
         <value>0x161b</value>
         <object_component_ref idref="oc-d0"/>
      </symbol>
      <symbol id="sm-3f5">
         <name>__aeabi_dsub</name>
         <value>0x1611</value>
         <object_component_ref idref="oc-d0"/>
      </symbol>
      <symbol id="sm-3f6">
         <name>__subdf3</name>
         <value>0x1611</value>
         <object_component_ref idref="oc-d0"/>
      </symbol>
      <symbol id="sm-3ff">
         <name>__aeabi_dmul</name>
         <value>0x1efd</value>
         <object_component_ref idref="oc-150"/>
      </symbol>
      <symbol id="sm-400">
         <name>__muldf3</name>
         <value>0x1efd</value>
         <object_component_ref idref="oc-150"/>
      </symbol>
      <symbol id="sm-406">
         <name>__muldsi3</name>
         <value>0x35d9</value>
         <object_component_ref idref="oc-10d"/>
      </symbol>
      <symbol id="sm-40c">
         <name>__aeabi_fmul</name>
         <value>0x25b5</value>
         <object_component_ref idref="oc-90"/>
      </symbol>
      <symbol id="sm-40d">
         <name>__mulsf3</name>
         <value>0x25b5</value>
         <object_component_ref idref="oc-90"/>
      </symbol>
      <symbol id="sm-413">
         <name>__aeabi_fdiv</name>
         <value>0x27d1</value>
         <object_component_ref idref="oc-94"/>
      </symbol>
      <symbol id="sm-414">
         <name>__divsf3</name>
         <value>0x27d1</value>
         <object_component_ref idref="oc-94"/>
      </symbol>
      <symbol id="sm-41a">
         <name>__aeabi_ddiv</name>
         <value>0x1a01</value>
         <object_component_ref idref="oc-14c"/>
      </symbol>
      <symbol id="sm-41b">
         <name>__divdf3</name>
         <value>0x1a01</value>
         <object_component_ref idref="oc-14c"/>
      </symbol>
      <symbol id="sm-421">
         <name>__aeabi_f2d</name>
         <value>0x342d</value>
         <object_component_ref idref="oc-cc"/>
      </symbol>
      <symbol id="sm-422">
         <name>__extendsfdf2</name>
         <value>0x342d</value>
         <object_component_ref idref="oc-cc"/>
      </symbol>
      <symbol id="sm-428">
         <name>__aeabi_d2iz</name>
         <value>0x3249</value>
         <object_component_ref idref="oc-154"/>
      </symbol>
      <symbol id="sm-429">
         <name>__fixdfsi</name>
         <value>0x3249</value>
         <object_component_ref idref="oc-154"/>
      </symbol>
      <symbol id="sm-42f">
         <name>__aeabi_f2iz</name>
         <value>0x3615</value>
         <object_component_ref idref="oc-98"/>
      </symbol>
      <symbol id="sm-430">
         <name>__fixsfsi</name>
         <value>0x3615</value>
         <object_component_ref idref="oc-98"/>
      </symbol>
      <symbol id="sm-436">
         <name>__aeabi_f2uiz</name>
         <value>0x36e9</value>
         <object_component_ref idref="oc-a0"/>
      </symbol>
      <symbol id="sm-437">
         <name>__fixunssfsi</name>
         <value>0x36e9</value>
         <object_component_ref idref="oc-a0"/>
      </symbol>
      <symbol id="sm-43d">
         <name>__aeabi_i2d</name>
         <value>0x3889</value>
         <object_component_ref idref="oc-268"/>
      </symbol>
      <symbol id="sm-43e">
         <name>__floatsidf</name>
         <value>0x3889</value>
         <object_component_ref idref="oc-268"/>
      </symbol>
      <symbol id="sm-444">
         <name>__aeabi_i2f</name>
         <value>0x359d</value>
         <object_component_ref idref="oc-8c"/>
      </symbol>
      <symbol id="sm-445">
         <name>__floatsisf</name>
         <value>0x359d</value>
         <object_component_ref idref="oc-8c"/>
      </symbol>
      <symbol id="sm-44b">
         <name>__aeabi_ui2f</name>
         <value>0x3981</value>
         <object_component_ref idref="oc-9c"/>
      </symbol>
      <symbol id="sm-44c">
         <name>__floatunsisf</name>
         <value>0x3981</value>
         <object_component_ref idref="oc-9c"/>
      </symbol>
      <symbol id="sm-452">
         <name>__aeabi_lmul</name>
         <value>0x3a41</value>
         <object_component_ref idref="oc-23a"/>
      </symbol>
      <symbol id="sm-453">
         <name>__muldi3</name>
         <value>0x3a41</value>
         <object_component_ref idref="oc-23a"/>
      </symbol>
      <symbol id="sm-45a">
         <name>__aeabi_d2f</name>
         <value>0x2ab1</value>
         <object_component_ref idref="oc-d4"/>
      </symbol>
      <symbol id="sm-45b">
         <name>__truncdfsf2</name>
         <value>0x2ab1</value>
         <object_component_ref idref="oc-d4"/>
      </symbol>
      <symbol id="sm-461">
         <name>__aeabi_dcmpeq</name>
         <value>0x2d31</value>
         <object_component_ref idref="oc-d8"/>
      </symbol>
      <symbol id="sm-462">
         <name>__aeabi_dcmplt</name>
         <value>0x2d45</value>
         <object_component_ref idref="oc-d8"/>
      </symbol>
      <symbol id="sm-463">
         <name>__aeabi_dcmple</name>
         <value>0x2d59</value>
         <object_component_ref idref="oc-d8"/>
      </symbol>
      <symbol id="sm-464">
         <name>__aeabi_dcmpge</name>
         <value>0x2d6d</value>
         <object_component_ref idref="oc-d8"/>
      </symbol>
      <symbol id="sm-465">
         <name>__aeabi_dcmpgt</name>
         <value>0x2d81</value>
         <object_component_ref idref="oc-d8"/>
      </symbol>
      <symbol id="sm-46b">
         <name>__aeabi_idiv</name>
         <value>0x3061</value>
         <object_component_ref idref="oc-1ed"/>
      </symbol>
      <symbol id="sm-46c">
         <name>__aeabi_idivmod</name>
         <value>0x3061</value>
         <object_component_ref idref="oc-1ed"/>
      </symbol>
      <symbol id="sm-472">
         <name>__aeabi_memcpy</name>
         <value>0x4201</value>
         <object_component_ref idref="oc-47"/>
      </symbol>
      <symbol id="sm-473">
         <name>__aeabi_memcpy4</name>
         <value>0x4201</value>
         <object_component_ref idref="oc-47"/>
      </symbol>
      <symbol id="sm-474">
         <name>__aeabi_memcpy8</name>
         <value>0x4201</value>
         <object_component_ref idref="oc-47"/>
      </symbol>
      <symbol id="sm-47b">
         <name>__aeabi_memset</name>
         <value>0x4161</value>
         <object_component_ref idref="oc-15e"/>
      </symbol>
      <symbol id="sm-47c">
         <name>__aeabi_memset4</name>
         <value>0x4161</value>
         <object_component_ref idref="oc-15e"/>
      </symbol>
      <symbol id="sm-47d">
         <name>__aeabi_memset8</name>
         <value>0x4161</value>
         <object_component_ref idref="oc-15e"/>
      </symbol>
      <symbol id="sm-483">
         <name>__aeabi_uidiv</name>
         <value>0x33ed</value>
         <object_component_ref idref="oc-227"/>
      </symbol>
      <symbol id="sm-484">
         <name>__aeabi_uidivmod</name>
         <value>0x33ed</value>
         <object_component_ref idref="oc-227"/>
      </symbol>
      <symbol id="sm-48a">
         <name>__aeabi_uldivmod</name>
         <value>0x4069</value>
         <object_component_ref idref="oc-23f"/>
      </symbol>
      <symbol id="sm-490">
         <name>__udivmoddi4</name>
         <value>0x23d5</value>
         <object_component_ref idref="oc-257"/>
      </symbol>
      <symbol id="sm-496">
         <name>__aeabi_llsl</name>
         <value>0x3b49</value>
         <object_component_ref idref="oc-274"/>
      </symbol>
      <symbol id="sm-497">
         <name>__ashldi3</name>
         <value>0x3b49</value>
         <object_component_ref idref="oc-274"/>
      </symbol>
      <symbol id="sm-4a5">
         <name>__ledf2</name>
         <value>0x2bfd</value>
         <object_component_ref idref="oc-143"/>
      </symbol>
      <symbol id="sm-4a6">
         <name>__gedf2</name>
         <value>0x2a3d</value>
         <object_component_ref idref="oc-149"/>
      </symbol>
      <symbol id="sm-4a7">
         <name>__cmpdf2</name>
         <value>0x2bfd</value>
         <object_component_ref idref="oc-143"/>
      </symbol>
      <symbol id="sm-4a8">
         <name>__eqdf2</name>
         <value>0x2bfd</value>
         <object_component_ref idref="oc-143"/>
      </symbol>
      <symbol id="sm-4a9">
         <name>__ltdf2</name>
         <value>0x2bfd</value>
         <object_component_ref idref="oc-143"/>
      </symbol>
      <symbol id="sm-4aa">
         <name>__nedf2</name>
         <value>0x2bfd</value>
         <object_component_ref idref="oc-143"/>
      </symbol>
      <symbol id="sm-4ab">
         <name>__gtdf2</name>
         <value>0x2a3d</value>
         <object_component_ref idref="oc-149"/>
      </symbol>
      <symbol id="sm-4b7">
         <name>__aeabi_idiv0</name>
         <value>0x17a3</value>
         <object_component_ref idref="oc-210"/>
      </symbol>
      <symbol id="sm-4b8">
         <name>__aeabi_ldiv0</name>
         <value>0x2477</value>
         <object_component_ref idref="oc-273"/>
      </symbol>
      <symbol id="sm-4c2">
         <name>TI_memcpy_small</name>
         <value>0x40ed</value>
         <object_component_ref idref="oc-a6"/>
      </symbol>
      <symbol id="sm-4cb">
         <name>TI_memset_small</name>
         <value>0x418b</value>
         <object_component_ref idref="oc-117"/>
      </symbol>
      <symbol id="sm-4cc">
         <name>__TI_static_base__</name>
         <value>0x0</value>
      </symbol>
      <symbol id="sm-4d0">
         <name>__mpu_init</name>
         <value>0x0</value>
      </symbol>
      <symbol id="sm-4d1">
         <name>_system_post_cinit</name>
         <value>0x0</value>
      </symbol>
   </symbol_table>
   <title>Link successful</title>
</link_info>
